../Drivers/MyDrivers/Src/Barometre.cpp:10:1:Barometre::Barometre(I2C_HandleTypeDef*, uint8_t)	24	static
../Drivers/MyDrivers/Src/Barometre.cpp:18:6:void Barometre::Yapilandir()	32	static
../Drivers/MyDrivers/Src/Barometre.cpp:34:7:float Barometre::SicaklikOku()	24	static
../Drivers/MyDrivers/Src/Barometre.cpp:44:7:float Barometre::BasincOku(uint8_t)	16	static
../Drivers/MyDrivers/Src/Barometre.cpp:50:7:float Barometre::IrtifaOku(uint8_t)	16	static
../Drivers/MyDrivers/Src/Barometre.cpp:56:6:void Barometre::BasincHesapla(uint8_t)	32	static
../Drivers/MyDrivers/Src/Barometre.cpp:76:10:uint16_t Barometre::regSicaklikOku()	32	static
../Drivers/MyDrivers/Src/Barometre.cpp:85:10:uint16_t Barometre::regBasincOku(uint8_t)	32	static
../Drivers/MyDrivers/Src/Barometre.cpp:94:6:void Barometre::writeAndRead(uint8_t*, uint8_t, char, uint8_t)	48	static
C:\ST\STM32CubeIDE_1.14.0\STM32CubeIDE\plugins\com.st.stm32cube.ide.mcu.externaltools.gnu-tools-for-stm32.11.3.rel1.win32_1.1.100.202309141235\tools\bin/../lib/gcc/arm-none-eabi/11.3.1/../../../../arm-none-eabi/include/c++/11.3.1/cmath:415:5:constexpr typename __gnu_cxx::__promote_2<_Tp, _Up>::__type std::pow(_Tp, _Up) [with _Tp = int; _Up = int]	24	static
C:\ST\STM32CubeIDE_1.14.0\STM32CubeIDE\plugins\com.st.stm32cube.ide.mcu.externaltools.gnu-tools-for-stm32.11.3.rel1.win32_1.1.100.202309141235\tools\bin/../lib/gcc/arm-none-eabi/11.3.1/../../../../arm-none-eabi/include/c++/11.3.1/cmath:415:5:constexpr typename __gnu_cxx::__promote_2<_Tp, _Up>::__type std::pow(_Tp, _Up) [with _Tp = float; _Up = double]	24	static
