C:\ST\STM32CubeIDE_1.14.0\STM32CubeIDE\plugins\com.st.stm32cube.ide.mcu.externaltools.gnu-tools-for-stm32.11.3.rel1.win32_1.1.100.202309141235\tools\bin/../lib/gcc/arm-none-eabi/11.3.1/../../../../arm-none-eabi/include/c++/11.3.1/cmath:144:3:constexpr float std::atan2(float, float)	16	static
C:\ST\STM32CubeIDE_1.14.0\STM32CubeIDE\plugins\com.st.stm32cube.ide.mcu.externaltools.gnu-tools-for-stm32.11.3.rel1.win32_1.1.100.202309141235\tools\bin/../lib/gcc/arm-none-eabi/11.3.1/../../../../arm-none-eabi/include/c++/11.3.1/cmath:184:3:constexpr float std::cos(float)	16	static
C:\ST\STM32CubeIDE_1.14.0\STM32CubeIDE\plugins\com.st.stm32cube.ide.mcu.externaltools.gnu-tools-for-stm32.11.3.rel1.win32_1.1.100.202309141235\tools\bin/../lib/gcc/arm-none-eabi/11.3.1/../../../../arm-none-eabi/include/c++/11.3.1/cmath:425:3:constexpr float std::sin(float)	16	static
C:\ST\STM32CubeIDE_1.14.0\STM32CubeIDE\plugins\com.st.stm32cube.ide.mcu.externaltools.gnu-tools-for-stm32.11.3.rel1.win32_1.1.100.202309141235\tools\bin/../lib/gcc/arm-none-eabi/11.3.1/../../../../arm-none-eabi/include/c++/11.3.1/cmath:463:3:constexpr float std::sqrt(float)	16	static
../Drivers/MyDrivers/Src/Motor.cpp:8:1:Motor::Motor(TIM_HandleTypeDef*, TIM_HandleTypeDef*, GPIO_TypeDef*, uint16_t, GPIO_TypeDef*, uint16_t)	24	static
../Drivers/MyDrivers/Src/Motor.cpp:17:6:void Motor::Yapilandir()	16	static
../Drivers/MyDrivers/Src/Motor.cpp:23:6:void Motor::PWM(uint16_t)	16	static
../Drivers/MyDrivers/Src/Motor.cpp:27:6:void Motor::AciBul()	40	static
../Drivers/MyDrivers/Src/Motor.cpp:49:6:void Motor::IleriGit()	16	static
../Drivers/MyDrivers/Src/Motor.cpp:54:6:void Motor::GeriGit()	16	static
../Drivers/MyDrivers/Src/Motor.cpp:59:6:void Motor::Dur()	16	static
../Drivers/MyDrivers/Src/Motor.cpp:64:8:float* Motor::AciAl()	16	static
../Drivers/MyDrivers/Src/Motor.cpp:69:9:int8_t* Motor::TurAl()	16	static
../Drivers/MyDrivers/Src/Motor.cpp:77:1:Araba::Araba()	16	static
../Drivers/MyDrivers/Src/Motor.cpp:100:7:float Araba::mesafeBul(float, float, float, float)	64	static
../Drivers/MyDrivers/Src/Motor.cpp:119:7:float Araba::yonelimBul(float, float, float, float)	56	static
