Archive member included to satisfy reference by file (symbol)

C:/ST/STM32CubeIDE_1.14.0/STM32CubeIDE/plugins/com.st.stm32cube.ide.mcu.externaltools.gnu-tools-for-stm32.11.3.rel1.win32_1.1.100.202309141235/tools/bin/../lib/gcc/arm-none-eabi/11.3.1/../../../../arm-none-eabi/lib/thumb/v7e-m+fp/hard\libm.a(libm_a-w_asin.o)
                              ./Drivers/MyDrivers/Src/Imu.o (asin)
C:/ST/STM32CubeIDE_1.14.0/STM32CubeIDE/plugins/com.st.stm32cube.ide.mcu.externaltools.gnu-tools-for-stm32.11.3.rel1.win32_1.1.100.202309141235/tools/bin/../lib/gcc/arm-none-eabi/11.3.1/../../../../arm-none-eabi/lib/thumb/v7e-m+fp/hard\libm.a(libm_a-w_atan2.o)
                              ./Core/Src/lwgps.o (atan2)
C:/ST/STM32CubeIDE_1.14.0/STM32CubeIDE/plugins/com.st.stm32cube.ide.mcu.externaltools.gnu-tools-for-stm32.11.3.rel1.win32_1.1.100.202309141235/tools/bin/../lib/gcc/arm-none-eabi/11.3.1/../../../../arm-none-eabi/lib/thumb/v7e-m+fp/hard\libm.a(libm_a-w_fmod.o)
                              ./Drivers/MyDrivers/Src/Motor.o (fmod)
C:/ST/STM32CubeIDE_1.14.0/STM32CubeIDE/plugins/com.st.stm32cube.ide.mcu.externaltools.gnu-tools-for-stm32.11.3.rel1.win32_1.1.100.202309141235/tools/bin/../lib/gcc/arm-none-eabi/11.3.1/../../../../arm-none-eabi/lib/thumb/v7e-m+fp/hard\libm.a(libm_a-w_pow.o)
                              ./Drivers/MyDrivers/Src/Barometre.o (pow)
C:/ST/STM32CubeIDE_1.14.0/STM32CubeIDE/plugins/com.st.stm32cube.ide.mcu.externaltools.gnu-tools-for-stm32.11.3.rel1.win32_1.1.100.202309141235/tools/bin/../lib/gcc/arm-none-eabi/11.3.1/../../../../arm-none-eabi/lib/thumb/v7e-m+fp/hard\libm.a(libm_a-w_sqrt.o)
                              ./Core/Src/lwgps.o (sqrt)
C:/ST/STM32CubeIDE_1.14.0/STM32CubeIDE/plugins/com.st.stm32cube.ide.mcu.externaltools.gnu-tools-for-stm32.11.3.rel1.win32_1.1.100.202309141235/tools/bin/../lib/gcc/arm-none-eabi/11.3.1/../../../../arm-none-eabi/lib/thumb/v7e-m+fp/hard\libm.a(libm_a-s_cos.o)
                              ./Core/Src/lwgps.o (cos)
C:/ST/STM32CubeIDE_1.14.0/STM32CubeIDE/plugins/com.st.stm32cube.ide.mcu.externaltools.gnu-tools-for-stm32.11.3.rel1.win32_1.1.100.202309141235/tools/bin/../lib/gcc/arm-none-eabi/11.3.1/../../../../arm-none-eabi/lib/thumb/v7e-m+fp/hard\libm.a(libm_a-s_fabs.o)
                              C:/ST/STM32CubeIDE_1.14.0/STM32CubeIDE/plugins/com.st.stm32cube.ide.mcu.externaltools.gnu-tools-for-stm32.11.3.rel1.win32_1.1.100.202309141235/tools/bin/../lib/gcc/arm-none-eabi/11.3.1/../../../../arm-none-eabi/lib/thumb/v7e-m+fp/hard\libm.a(libm_a-w_asin.o) (fabs)
C:/ST/STM32CubeIDE_1.14.0/STM32CubeIDE/plugins/com.st.stm32cube.ide.mcu.externaltools.gnu-tools-for-stm32.11.3.rel1.win32_1.1.100.202309141235/tools/bin/../lib/gcc/arm-none-eabi/11.3.1/../../../../arm-none-eabi/lib/thumb/v7e-m+fp/hard\libm.a(libm_a-s_sin.o)
                              ./Core/Src/lwgps.o (sin)
C:/ST/STM32CubeIDE_1.14.0/STM32CubeIDE/plugins/com.st.stm32cube.ide.mcu.externaltools.gnu-tools-for-stm32.11.3.rel1.win32_1.1.100.202309141235/tools/bin/../lib/gcc/arm-none-eabi/11.3.1/../../../../arm-none-eabi/lib/thumb/v7e-m+fp/hard\libm.a(libm_a-wf_atan2.o)
                              ./Drivers/MyDrivers/Src/Motor.o (atan2f)
C:/ST/STM32CubeIDE_1.14.0/STM32CubeIDE/plugins/com.st.stm32cube.ide.mcu.externaltools.gnu-tools-for-stm32.11.3.rel1.win32_1.1.100.202309141235/tools/bin/../lib/gcc/arm-none-eabi/11.3.1/../../../../arm-none-eabi/lib/thumb/v7e-m+fp/hard\libm.a(libm_a-wf_sqrt.o)
                              ./Drivers/MyDrivers/Src/Motor.o (sqrtf)
C:/ST/STM32CubeIDE_1.14.0/STM32CubeIDE/plugins/com.st.stm32cube.ide.mcu.externaltools.gnu-tools-for-stm32.11.3.rel1.win32_1.1.100.202309141235/tools/bin/../lib/gcc/arm-none-eabi/11.3.1/../../../../arm-none-eabi/lib/thumb/v7e-m+fp/hard\libm.a(libm_a-sf_cos.o)
                              ./Drivers/MyDrivers/Src/Motor.o (cosf)
C:/ST/STM32CubeIDE_1.14.0/STM32CubeIDE/plugins/com.st.stm32cube.ide.mcu.externaltools.gnu-tools-for-stm32.11.3.rel1.win32_1.1.100.202309141235/tools/bin/../lib/gcc/arm-none-eabi/11.3.1/../../../../arm-none-eabi/lib/thumb/v7e-m+fp/hard\libm.a(libm_a-sf_sin.o)
                              ./Drivers/MyDrivers/Src/Motor.o (sinf)
C:/ST/STM32CubeIDE_1.14.0/STM32CubeIDE/plugins/com.st.stm32cube.ide.mcu.externaltools.gnu-tools-for-stm32.11.3.rel1.win32_1.1.100.202309141235/tools/bin/../lib/gcc/arm-none-eabi/11.3.1/../../../../arm-none-eabi/lib/thumb/v7e-m+fp/hard\libm.a(libm_a-s_finite.o)
                              C:/ST/STM32CubeIDE_1.14.0/STM32CubeIDE/plugins/com.st.stm32cube.ide.mcu.externaltools.gnu-tools-for-stm32.11.3.rel1.win32_1.1.100.202309141235/tools/bin/../lib/gcc/arm-none-eabi/11.3.1/../../../../arm-none-eabi/lib/thumb/v7e-m+fp/hard\libm.a(libm_a-w_pow.o) (finite)
C:/ST/STM32CubeIDE_1.14.0/STM32CubeIDE/plugins/com.st.stm32cube.ide.mcu.externaltools.gnu-tools-for-stm32.11.3.rel1.win32_1.1.100.202309141235/tools/bin/../lib/gcc/arm-none-eabi/11.3.1/../../../../arm-none-eabi/lib/thumb/v7e-m+fp/hard\libm.a(libm_a-s_nan.o)
[...]
Memory Configuration

Name             Origin             Length             Attributes
CCMRAM           0x0000000010000000 0x0000000000010000 xrw
RAM              0x0000000020000000 0x0000000000020000 xrw
FLASH            0x0000000008000000 0x0000000000100000 xr
*default*        0x0000000000000000 0xffffffffffffffff

Linker script and memory map

LOAD C:/ST/STM32CubeIDE_1.14.0/STM32CubeIDE/plugins/com.st.stm32cube.ide.mcu.externaltools.gnu-tools-for-stm32.11.3.rel1.win32_1.1.100.202309141235/tools/bin/../lib/gcc/arm-none-eabi/11.3.1/thumb/v7e-m+fp/hard/crti.o
LOAD C:/ST/STM32CubeIDE_1.14.0/STM32CubeIDE/plugins/com.st.stm32cube.ide.mcu.externaltools.gnu-tools-for-stm32.11.3.rel1.win32_1.1.100.202309141235/tools/bin/../lib/gcc/arm-none-eabi/11.3.1/thumb/v7e-m+fp/hard/crtbegin.o
LOAD C:/ST/STM32CubeIDE_1.14.0/STM32CubeIDE/plugins/com.st.stm32cube.ide.mcu.externaltools.gnu-tools-for-stm32.11.3.rel1.win32_1.1.100.202309141235/tools/bin/../lib/gcc/arm-none-eabi/11.3.1/../../../../arm-none-eabi/lib/thumb/v7e-m+fp/hard/crt0.o
LOAD ./Core/Src/gpio.o
LOAD ./Core/Src/i2c.o
LOAD ./Core/Src/lwgps.o
LOAD ./Core/Src/main.o
LOAD ./Core/Src/program.o
LOAD ./Core/Src/stm32f4xx_hal_msp.o
LOAD ./Core/Src/stm32f4xx_it.o
LOAD ./Core/Src/syscalls.o
LOAD ./Core/Src/sysmem.o
LOAD ./Core/Src/system_stm32f4xx.o
LOAD ./Core/Src/tim.o
LOAD ./Core/Src/usart.o
LOAD ./Core/Startup/startup_stm32f407vgtx.o
LOAD ./Drivers/MyDrivers/Src/Barometre.o
LOAD ./Drivers/MyDrivers/Src/Gps.o
LOAD ./Drivers/MyDrivers/Src/Imu.o
LOAD ./Drivers/MyDrivers/Src/Mag.o
LOAD ./Drivers/MyDrivers/Src/Motor.o
LOAD ./Drivers/MyDrivers/Src/Paket.o
LOAD ./Drivers/MyDrivers/Src/RfCom.o
LOAD ./Drivers/MyDrivers/Src/gorevyonetici.o
LOAD ./Drivers/MyDrivers/Src/myUart.o
LOAD ./Drivers/MyDrivers/Src/mytimer.o
LOAD ./Drivers/STM32F4xx_HAL_Driver/Src/stm32f4xx_hal.o
LOAD ./Drivers/STM32F4xx_HAL_Driver/Src/stm32f4xx_hal_cortex.o
LOAD ./Drivers/STM32F4xx_HAL_Driver/Src/stm32f4xx_hal_dma.o
LOAD ./Drivers/STM32F4xx_HAL_Driver/Src/stm32f4xx_hal_dma_ex.o
LOAD ./Drivers/STM32F4xx_HAL_Driver/Src/stm32f4xx_hal_exti.o
LOAD ./Drivers/STM32F4xx_HAL_Driver/Src/stm32f4xx_hal_flash.o
LOAD ./Drivers/STM32F4xx_HAL_Driver/Src/stm32f4xx_hal_flash_ex.o
LOAD ./Drivers/STM32F4xx_HAL_Driver/Src/stm32f4xx_hal_flash_ramfunc.o
LOAD ./Drivers/STM32F4xx_HAL_Driver/Src/stm32f4xx_hal_gpio.o
LOAD ./Drivers/STM32F4xx_HAL_Driver/Src/stm32f4xx_hal_i2c.o
LOAD ./Drivers/STM32F4xx_HAL_Driver/Src/stm32f4xx_hal_i2c_ex.o
LOAD ./Drivers/STM32F4xx_HAL_Driver/Src/stm32f4xx_hal_pwr.o
LOAD ./Drivers/STM32F4xx_HAL_Driver/Src/stm32f4xx_hal_pwr_ex.o
LOAD ./Drivers/STM32F4xx_HAL_Driver/Src/stm32f4xx_hal_rcc.o
LOAD ./Drivers/STM32F4xx_HAL_Driver/Src/stm32f4xx_hal_rcc_ex.o
LOAD ./Drivers/STM32F4xx_HAL_Driver/Src/stm32f4xx_hal_tim.o
LOAD ./Drivers/STM32F4xx_HAL_Driver/Src/stm32f4xx_hal_tim_ex.o
LOAD ./Drivers/STM32F4xx_HAL_Driver/Src/stm32f4xx_hal_uart.o
START GROUP
LOAD C:/ST/STM32CubeIDE_1.14.0/STM32CubeIDE/plugins/com.st.stm32cube.ide.mcu.externaltools.gnu-tools-for-stm32.11.3.rel1.win32_1.1.100.202309141235/tools/bin/../lib/gcc/arm-none-eabi/11.3.1/../../../../arm-none-eabi/lib/thumb/v7e-m+fp/hard\libstdc++_nano.a
LOAD C:/ST/STM32CubeIDE_1.14.0/STM32CubeIDE/plugins/com.st.stm32cube.ide.mcu.externaltools.gnu-tools-for-stm32.11.3.rel1.win32_1.1.100.202309141235/tools/bin/../lib/gcc/arm-none-eabi/11.3.1/../../../../arm-none-eabi/lib/thumb/v7e-m+fp/hard\libsupc++_nano.a
END GROUP
LOAD C:/ST/STM32CubeIDE_1.14.0/STM32CubeIDE/plugins/com.st.stm32cube.ide.mcu.externaltools.gnu-tools-for-stm32.11.3.rel1.win32_1.1.100.202309141235/tools/bin/../lib/gcc/arm-none-eabi/11.3.1/../../../../arm-none-eabi/lib/thumb/v7e-m+fp/hard\libstdc++_nano.a
LOAD C:/ST/STM32CubeIDE_1.14.0/STM32CubeIDE/plugins/com.st.stm32cube.ide.mcu.externaltools.gnu-tools-for-stm32.11.3.rel1.win32_1.1.100.202309141235/tools/bin/../lib/gcc/arm-none-eabi/11.3.1/../../../../arm-none-eabi/lib/thumb/v7e-m+fp/hard\libm.a
LOAD C:/ST/STM32CubeIDE_1.14.0/STM32CubeIDE/plugins/com.st.stm32cube.ide.mcu.externaltools.gnu-tools-for-stm32.11.3.rel1.win32_1.1.100.202309141235/tools/bin/../lib/gcc/arm-none-eabi/11.3.1/../../../../arm-none-eabi/lib/thumb/v7e-m+fp/hard\libc_nano.a
START GROUP
LOAD C:/ST/STM32CubeIDE_1.14.0/STM32CubeIDE/plugins/com.st.stm32cube.ide.mcu.externaltools.gnu-tools-for-stm32.11.3.rel1.win32_1.1.100.202309141235/tools/bin/../lib/gcc/arm-none-eabi/11.3.1/thumb/v7e-m+fp/hard\libgcc.a
LOAD C:/ST/STM32CubeIDE_1.14.0/STM32CubeIDE/plugins/com.st.stm32cube.ide.mcu.externaltools.gnu-tools-for-stm32.11.3.rel1.win32_1.1.100.202309141235/tools/bin/../lib/gcc/arm-none-eabi/11.3.1/../../../../arm-none-eabi/lib/thumb/v7e-m+fp/hard\libc_nano.a
END GROUP
START GROUP
LOAD C:/ST/STM32CubeIDE_1.14.0/STM32CubeIDE/plugins/com.st.stm32cube.ide.mcu.externaltools.gnu-tools-for-stm32.11.3.rel1.win32_1.1.100.202309141235/tools/bin/../lib/gcc/arm-none-eabi/11.3.1/thumb/v7e-m+fp/hard\libgcc.a
LOAD C:/ST/STM32CubeIDE_1.14.0/STM32CubeIDE/plugins/com.st.stm32cube.ide.mcu.externaltools.gnu-tools-for-stm32.11.3.rel1.win32_1.1.100.202309141235/tools/bin/../lib/gcc/arm-none-eabi/11.3.1/../../../../arm-none-eabi/lib/thumb/v7e-m+fp/hard\libc_nano.a
LOAD C:/ST/STM32CubeIDE_1.14.0/STM32CubeIDE/plugins/com.st.stm32cube.ide.mcu.externaltools.gnu-tools-for-stm32.11.3.rel1.win32_1.1.100.202309141235/tools/bin/../lib/gcc/arm-none-eabi/11.3.1/../../../../arm-none-eabi/lib/thumb/v7e-m+fp/hard\libnosys.a
END GROUP
START GROUP
LOAD C:/ST/STM32CubeIDE_1.14.0/STM32CubeIDE/plugins/com.st.stm32cube.ide.mcu.externaltools.gnu-tools-for-stm32.11.3.rel1.win32_1.1.100.202309141235/tools/bin/../lib/gcc/arm-none-eabi/11.3.1/thumb/v7e-m+fp/hard\libgcc.a
LOAD C:/ST/STM32CubeIDE_1.14.0/STM32CubeIDE/plugins/com.st.stm32cube.ide.mcu.externaltools.gnu-tools-for-stm32.11.3.rel1.win32_1.1.100.202309141235/tools/bin/../lib/gcc/arm-none-eabi/11.3.1/../../../../arm-none-eabi/lib/thumb/v7e-m+fp/hard\libc_nano.a
LOAD C:/ST/STM32CubeIDE_1.14.0/STM32CubeIDE/plugins/com.st.stm32cube.ide.mcu.externaltools.gnu-tools-for-stm32.11.3.rel1.win32_1.1.100.202309141235/tools/bin/../lib/gcc/arm-none-eabi/11.3.1/../../../../arm-none-eabi/lib/thumb/v7e-m+fp/hard\libnosys.a
END GROUP
LOAD C:/ST/STM32CubeIDE_1.14.0/STM32CubeIDE/plugins/com.st.stm32cube.ide.mcu.externaltools.gnu-tools-for-stm32.11.3.rel1.win32_1.1.100.202309141235/tools/bin/../lib/gcc/arm-none-eabi/11.3.1/thumb/v7e-m+fp/hard/crtend.o
LOAD C:/ST/STM32CubeIDE_1.14.0/STM32CubeIDE/plugins/com.st.stm32cube.ide.mcu.externaltools.gnu-tools-for-stm32.11.3.rel1.win32_1.1.100.202309141235/tools/bin/../lib/gcc/arm-none-eabi/11.3.1/thumb/v7e-m+fp/hard/crtn.o
                0x0000000020020000                _estack = (ORIGIN (RAM) + LENGTH (RAM))
                0x0000000000000200                _Min_Heap_Size = 0x200
                0x0000000000000400                _Min_Stack_Size = 0x400

.isr_vector     0x0000000008000000      0x188
                0x0000000008000000                . = ALIGN (0x4)
 *(.isr_vector)
 .isr_vector    0x0000000008000000      0x188 ./Core/Startup/startup_stm32f407vgtx.o
                0x0000000008000000                g_pfnVectors
                0x0000000008000188                . = ALIGN (0x4)

.text           0x0000000008000190    0x109bc
                0x0000000008000190                . = ALIGN (0x4)
 *(.text)
 .text          0x0000000008000190       0x40 C:/ST/STM32CubeIDE_1.14.0/STM32CubeIDE/plugins/com.st.stm32cube.ide.mcu.externaltools.gnu-tools-for-stm32.11.3.rel1.win32_1.1.100.202309141235/tools/bin/../lib/gcc/arm-none-eabi/11.3.1/thumb/v7e-m+fp/hard/crtbegin.o
 .text          0x00000000080001d0       0xa0 C:/ST/STM32CubeIDE_1.14.0/STM32CubeIDE/plugins/com.st.stm32cube.ide.mcu.externaltools.gnu-tools-for-stm32.11.3.rel1.win32_1.1.100.202309141235/tools/bin/../lib/gcc/arm-none-eabi/11.3.1/../../../../arm-none-eabi/lib/thumb/v7e-m+fp/hard\libc_nano.a(libc_a-memchr.o)
                0x00000000080001d0                memchr
 .text          0x0000000008000270      0x378 C:/ST/STM32CubeIDE_1.14.0/STM32CubeIDE/plugins/com.st.stm32cube.ide.mcu.externaltools.gnu-tools-for-stm32.11.3.rel1.win32_1.1.100.202309141235/tools/bin/../lib/gcc/arm-none-eabi/11.3.1/thumb/v7e-m+fp/hard\libgcc.a(_arm_addsubdf3.o)
                0x0000000008000270                __aeabi_drsub
                0x0000000008000278                __aeabi_dsub
                0x0000000008000278                __subdf3
                0x000000000800027c                __aeabi_dadd
                0x000000000800027c                __adddf3
                0x00000000080004f4                __floatunsidf
                0x00000000080004f4                __aeabi_ui2d
                0x0000000008000514                __floatsidf
                0x0000000008000514                __aeabi_i2d
                0x0000000008000538                __aeabi_f2d
                0x0000000008000538                __extendsfdf2
                0x000000000800057c                __floatundidf
                0x000000000800057c                __aeabi_ul2d
                0x000000000800058c                __floatdidf
                0x000000000800058c                __aeabi_l2d
 .text          0x00000000080005e8      0x424 C:/ST/STM32CubeIDE_1.14.0/STM32CubeIDE/plugins/com.st.stm32cube.ide.mcu.externaltools.gnu-tools-for-stm32.11.3.rel1.win32_1.1.100.202309141235/tools/bin/../lib/gcc/arm-none-eabi/11.3.1/thumb/v7e-m+fp/hard\libgcc.a(_arm_muldivdf3.o)
                0x00000000080005e8                __aeabi_dmul
                0x00000000080005e8                __muldf3
                0x000000000800083c                __divdf3
                0x000000000800083c                __aeabi_ddiv
 .text          0x0000000008000a0c      0x110 C:/ST/STM32CubeIDE_1.14.0/STM32CubeIDE/plugins/com.st.stm32cube.ide.mcu.externaltools.gnu-tools-for-stm32.11.3.rel1.win32_1.1.100.202309141235/tools/bin/../lib/gcc/arm-none-eabi/11.3.1/thumb/v7e-m+fp/hard\libgcc.a(_arm_cmpdf2.o)
                0x0000000008000a0c                __gtdf2
                0x0000000008000a0c                __gedf2
                0x0000000008000a14                __ltdf2
                0x0000000008000a14                __ledf2
                0x0000000008000a1c                __nedf2
                0x0000000008000a1c                __eqdf2
                0x0000000008000a1c                __cmpdf2
                0x0000000008000a98                __aeabi_cdrcmple
                0x0000000008000aa8                __aeabi_cdcmpeq
                0x0000000008000aa8                __aeabi_cdcmple
                0x0000000008000ab8                __aeabi_dcmpeq
                0x0000000008000acc                __aeabi_dcmplt
                0x0000000008000ae0                __aeabi_dcmple
                0x0000000008000af4                __aeabi_dcmpge
                0x0000000008000b08                __aeabi_dcmpgt
 .text          0x0000000008000b1c       0x2c C:/ST/STM32CubeIDE_1.14.0/STM32CubeIDE/plugins/com.st.stm32cube.ide.mcu.externaltools.gnu-tools-for-stm32.11.3.rel1.win32_1.1.100.202309141235/tools/bin/../lib/gcc/arm-none-eabi/11.3.1/thumb/v7e-m+fp/hard\libgcc.a(_arm_unorddf2.o)
                0x0000000008000b1c                __unorddf2
                0x0000000008000b1c                __aeabi_dcmpun
 .text          0x0000000008000b48       0x50 C:/ST/STM32CubeIDE_1.14.0/STM32CubeIDE/plugins/com.st.stm32cube.ide.mcu.externaltools.gnu-tools-for-stm32.11.3.rel1.win32_1.1.100.202309141235/tools/bin/../lib/gcc/arm-none-eabi/11.3.1/thumb/v7e-m+fp/hard\libgcc.a(_arm_fixdfsi.o)
                0x0000000008000b48                __aeabi_d2iz
                0x0000000008000b48                __fixdfsi
 .text          0x0000000008000b98       0x40 C:/ST/STM32CubeIDE_1.14.0/STM32CubeIDE/plugins/com.st.stm32cube.ide.mcu.externaltools.gnu-tools-for-stm32.11.3.rel1.win32_1.1.100.202309141235/tools/bin/../lib/gcc/arm-none-eabi/11.3.1/thumb/v7e-m+fp/hard\libgcc.a(_arm_fixunsdfsi.o)
                0x0000000008000b98                __aeabi_d2uiz
                0x0000000008000b98                __fixunsdfsi
 .text          0x0000000008000bd8       0xa0 C:/ST/STM32CubeIDE_1.14.0/STM32CubeIDE/plugins/com.st.stm32cube.ide.mcu.externaltools.gnu-tools-for-stm32.11.3.rel1.win32_1.1.100.202309141235/tools/bin/../lib/gcc/arm-none-eabi/11.3.1/thumb/v7e-m+fp/hard\libgcc.a(_arm_truncdfsf2.o)
                0x0000000008000bd8                __truncdfsf2
                0x0000000008000bd8                __aeabi_d2f
 .text          0x0000000008000c78       0x30 C:/ST/STM32CubeIDE_1.14.0/STM32CubeIDE/plugins/com.st.stm32cube.ide.mcu.externaltools.gnu-tools-for-stm32.11.3.rel1.win32_1.1.100.202309141235/tools/bin/../lib/gcc/arm-none-eabi/11.3.1/thumb/v7e-m+fp/hard\libgcc.a(_aeabi_uldivmod.o)
                0x0000000008000c78                __aeabi_uldivmod
 .text          0x0000000008000ca8       0x30 C:/ST/STM32CubeIDE_1.14.0/STM32CubeIDE/plugins/com.st.stm32cube.ide.mcu.externaltools.gnu-tools-for-stm32.11.3.rel1.win32_1.1.100.202309141235/tools/bin/../lib/gcc/arm-none-eabi/11.3.1/thumb/v7e-m+fp/hard\libgcc.a(_fixdfdi.o)
                0x0000000008000ca8                __fixdfdi
                0x0000000008000ca8                __aeabi_d2lz
 .text          0x0000000008000cd8       0x3c C:/ST/STM32CubeIDE_1.14.0/STM32CubeIDE/plugins/com.st.stm32cube.ide.mcu.externaltools.gnu-tools-for-stm32.11.3.rel1.win32_1.1.100.202309141235/tools/bin/../lib/gcc/arm-none-eabi/11.3.1/thumb/v7e-m+fp/hard\libgcc.a(_fixunsdfdi.o)
                0x0000000008000cd8                __fixunsdfdi
                0x0000000008000cd8                __aeabi_d2ulz
 .text          0x0000000008000d14      0x2c8 C:/ST/STM32CubeIDE_1.14.0/STM32CubeIDE/plugins/com.st.stm32cube.ide.mcu.externaltools.gnu-tools-for-stm32.11.3.rel1.win32_1.1.100.202309141235/tools/bin/../lib/gcc/arm-none-eabi/11.3.1/thumb/v7e-m+fp/hard\libgcc.a(_udivmoddi4.o)
                0x0000000008000d14                __udivmoddi4
 .text          0x0000000008000fdc        0x4 C:/ST/STM32CubeIDE_1.14.0/STM32CubeIDE/plugins/com.st.stm32cube.ide.mcu.externaltools.gnu-tools-for-stm32.11.3.rel1.win32_1.1.100.202309141235/tools/bin/../lib/gcc/arm-none-eabi/11.3.1/thumb/v7e-m+fp/hard\libgcc.a(_dvmd_tls.o)
                0x0000000008000fdc                __aeabi_idiv0
                0x0000000008000fdc                __aeabi_ldiv0
 *(.text*)
 .text.MX_GPIO_Init
                0x0000000008000fe0      0x2ec ./Core/Src/gpio.o
                0x0000000008000fe0                MX_GPIO_Init
 .text.MX_I2C1_Init
                0x00000000080012cc       0x5c ./Core/Src/i2c.o
                0x00000000080012cc                MX_I2C1_Init
 .text.HAL_I2C_MspInit
                0x0000000008001328       0x90 ./Core/Src/i2c.o
                0x0000000008001328                HAL_I2C_MspInit
 .text.prv_parse_number
                0x00000000080013b8       0x94 ./Core/Src/lwgps.o
 .text.prv_parse_float_number
                0x000000000800144c       0x4e ./Core/Src/lwgps.o
 *fill*         0x000000000800149a        0x2 
 .text.prv_parse_lat_long
                0x000000000800149c       0xa0 ./Core/Src/lwgps.o
 .text.prv_parse_term
                0x000000000800153c      0x558 ./Core/Src/lwgps.o
 .text.prv_check_crc
                0x0000000008001a94      0x116 ./Core/Src/lwgps.o
 .text.prv_copy_from_tmp_memory
                0x0000000008001baa      0x14e ./Core/Src/lwgps.o
 .text.lwgps_init
                0x0000000008001cf8       0x1c ./Core/Src/lwgps.o
                0x0000000008001cf8                lwgps_init
 .text.lwgps_process
                0x0000000008001d14      0x180 ./Core/Src/lwgps.o
                0x0000000008001d14                lwgps_process
 .text.main     0x0000000008001e94       0x2e ./Core/Src/main.o
                0x0000000008001e94                main
 *fill*         0x0000000008001ec2        0x2 
 .text.SystemClock_Config
                0x0000000008001ec4       0xd4 ./Core/Src/main.o
                0x0000000008001ec4                SystemClock_Config
 .text.Error_Handler
                0x0000000008001f98        0xa ./Core/Src/main.o
                0x0000000008001f98                Error_Handler
 .text._ZSt3absf
                0x0000000008001fa2       0x20 ./Core/Src/program.o
                0x0000000008001fa2                std::abs(float)
 *fill*         0x0000000008001fc2        0x2 
 .text.setup    0x0000000008001fc4      0x100 ./Core/Src/program.o
                0x0000000008001fc4                setup
 .text.loop     0x00000000080020c4       0xa0 ./Core/Src/program.o
                0x00000000080020c4                loop
 .text._Z8GpsGorevv
                0x0000000008002164       0xb4 ./Core/Src/program.o
                0x0000000008002164                GpsGorev()
 .text._Z8ImuGorevv
                0x0000000008002218       0xd0 ./Core/Src/program.o
                0x0000000008002218                ImuGorev()
 .text._Z12YonelmeGorevv
                0x00000000080022e8      0x374 ./Core/Src/program.o
                0x00000000080022e8                YonelmeGorev()
 .text._Z10ArayuzTaskv
                0x000000000800265c       0x20 ./Core/Src/program.o
                0x000000000800265c                ArayuzTask()
 .text.TIM3_IRQHandler
                0x000000000800267c       0x14 ./Core/Src/program.o
                0x000000000800267c                TIM3_IRQHandler
 .text.HAL_UART_RxCpltCallback
                0x0000000008002690       0x40 ./Core/Src/program.o
                0x0000000008002690                HAL_UART_RxCpltCallback
 .text._Z41__static_initialization_and_destruction_0ii
                0x00000000080026d0      0x108 ./Core/Src/program.o
 .text._GLOBAL__sub_I_Kp
                0x00000000080027d8       0x10 ./Core/Src/program.o
 .text.HAL_MspInit
                0x00000000080027e8       0x50 ./Core/Src/stm32f4xx_hal_msp.o
                0x00000000080027e8                HAL_MspInit
 .text.NMI_Handler
                0x0000000008002838        0x6 ./Core/Src/stm32f4xx_it.o
                0x0000000008002838                NMI_Handler
 .text.HardFault_Handler
                0x000000000800283e        0x6 ./Core/Src/stm32f4xx_it.o
                0x000000000800283e                HardFault_Handler
 .text.MemManage_Handler
                0x0000000008002844        0x6 ./Core/Src/stm32f4xx_it.o
                0x0000000008002844                MemManage_Handler
 .text.BusFault_Handler
                0x000000000800284a        0x6 ./Core/Src/stm32f4xx_it.o
                0x000000000800284a                BusFault_Handler
 .text.UsageFault_Handler
                0x0000000008002850        0x6 ./Core/Src/stm32f4xx_it.o
                0x0000000008002850                UsageFault_Handler
 .text.SVC_Handler
                0x0000000008002856        0xe ./Core/Src/stm32f4xx_it.o
                0x0000000008002856                SVC_Handler
 .text.DebugMon_Handler
                0x0000000008002864        0xe ./Core/Src/stm32f4xx_it.o
                0x0000000008002864                DebugMon_Handler
 .text.PendSV_Handler
                0x0000000008002872        0xe ./Core/Src/stm32f4xx_it.o
                0x0000000008002872                PendSV_Handler
 .text.SysTick_Handler
                0x0000000008002880        0xc ./Core/Src/stm32f4xx_it.o
                0x0000000008002880                SysTick_Handler
 .text.EXTI9_5_IRQHandler
                0x000000000800288c       0x16 ./Core/Src/stm32f4xx_it.o
                0x000000000800288c                EXTI9_5_IRQHandler
 *fill*         0x00000000080028a2        0x2 
 .text.TIM2_IRQHandler
                0x00000000080028a4       0x14 ./Core/Src/stm32f4xx_it.o
                0x00000000080028a4                TIM2_IRQHandler
 .text.USART2_IRQHandler
                0x00000000080028b8       0x14 ./Core/Src/stm32f4xx_it.o
                0x00000000080028b8                USART2_IRQHandler
 .text.USART3_IRQHandler
                0x00000000080028cc       0x14 ./Core/Src/stm32f4xx_it.o
                0x00000000080028cc                USART3_IRQHandler
 .text._getpid  0x00000000080028e0       0x10 ./Core/Src/syscalls.o
                0x00000000080028e0                _getpid
 .text._kill    0x00000000080028f0       0x20 ./Core/Src/syscalls.o
                0x00000000080028f0                _kill
 .text._exit    0x0000000008002910       0x14 ./Core/Src/syscalls.o
                0x0000000008002910                _exit
 .text._read    0x0000000008002924       0x3a ./Core/Src/syscalls.o
                0x0000000008002924                _read
 .text._write   0x000000000800295e       0x38 ./Core/Src/syscalls.o
                0x000000000800295e                _write
 .text._close   0x0000000008002996       0x18 ./Core/Src/syscalls.o
                0x0000000008002996                _close
 .text._fstat   0x00000000080029ae       0x20 ./Core/Src/syscalls.o
                0x00000000080029ae                _fstat
 .text._isatty  0x00000000080029ce       0x16 ./Core/Src/syscalls.o
                0x00000000080029ce                _isatty
 .text._lseek   0x00000000080029e4       0x1a ./Core/Src/syscalls.o
                0x00000000080029e4                _lseek
 *fill*         0x00000000080029fe        0x2 
 .text._sbrk    0x0000000008002a00       0x6c ./Core/Src/sysmem.o
                0x0000000008002a00                _sbrk
 .text.SystemInit
                0x0000000008002a6c       0x24 ./Core/Src/system_stm32f4xx.o
                0x0000000008002a6c                SystemInit
 .text.MX_TIM1_Init
                0x0000000008002a90       0xb0 ./Core/Src/tim.o
                0x0000000008002a90                MX_TIM1_Init
 .text.MX_TIM2_Init
                0x0000000008002b40      0x100 ./Core/Src/tim.o
                0x0000000008002b40                MX_TIM2_Init
 .text.HAL_TIM_Encoder_MspInit
                0x0000000008002c40       0x90 ./Core/Src/tim.o
                0x0000000008002c40                HAL_TIM_Encoder_MspInit
 .text.HAL_TIM_Base_MspInit
                0x0000000008002cd0       0x9c ./Core/Src/tim.o
                0x0000000008002cd0                HAL_TIM_Base_MspInit
 .text.HAL_TIM_MspPostInit
                0x0000000008002d6c       0xb0 ./Core/Src/tim.o
                0x0000000008002d6c                HAL_TIM_MspPostInit
 .text.MX_USART2_UART_Init
                0x0000000008002e1c       0x54 ./Core/Src/usart.o
                0x0000000008002e1c                MX_USART2_UART_Init
 .text.MX_USART3_UART_Init
                0x0000000008002e70       0x54 ./Core/Src/usart.o
                0x0000000008002e70                MX_USART3_UART_Init
 .text.HAL_UART_MspInit
                0x0000000008002ec4      0x11c ./Core/Src/usart.o
                0x0000000008002ec4                HAL_UART_MspInit
 .text.Reset_Handler
                0x0000000008002fe0       0x50 ./Core/Startup/startup_stm32f407vgtx.o
                0x0000000008002fe0                Reset_Handler
 .text.Default_Handler
                0x0000000008003030        0x2 ./Core/Startup/startup_stm32f407vgtx.o
                0x0000000008003030                RTC_Alarm_IRQHandler
                0x0000000008003030                HASH_RNG_IRQHandler
                0x0000000008003030                EXTI2_IRQHandler
                0x0000000008003030                TIM8_CC_IRQHandler
                0x0000000008003030                TIM1_CC_IRQHandler
                0x0000000008003030                DMA2_Stream5_IRQHandler
                0x0000000008003030                DMA1_Stream5_IRQHandler
                0x0000000008003030                PVD_IRQHandler
                0x0000000008003030                SDIO_IRQHandler
                0x0000000008003030                TAMP_STAMP_IRQHandler
                0x0000000008003030                CAN2_RX1_IRQHandler
                0x0000000008003030                EXTI3_IRQHandler
                0x0000000008003030                TIM8_TRG_COM_TIM14_IRQHandler
                0x0000000008003030                TIM1_UP_TIM10_IRQHandler
                0x0000000008003030                TIM8_UP_TIM13_IRQHandler
                0x0000000008003030                I2C3_ER_IRQHandler
                0x0000000008003030                EXTI0_IRQHandler
                0x0000000008003030                I2C2_EV_IRQHandler
                0x0000000008003030                DMA1_Stream2_IRQHandler
                0x0000000008003030                CAN1_RX0_IRQHandler
                0x0000000008003030                FPU_IRQHandler
                0x0000000008003030                OTG_HS_WKUP_IRQHandler
                0x0000000008003030                CAN2_SCE_IRQHandler
                0x0000000008003030                DMA2_Stream2_IRQHandler
                0x0000000008003030                SPI1_IRQHandler
                0x0000000008003030                TIM6_DAC_IRQHandler
                0x0000000008003030                TIM1_BRK_TIM9_IRQHandler
                0x0000000008003030                DCMI_IRQHandler
                0x0000000008003030                CAN2_RX0_IRQHandler
                0x0000000008003030                DMA2_Stream3_IRQHandler
                0x0000000008003030                USART6_IRQHandler
                0x0000000008003030                CAN1_RX1_IRQHandler
                0x0000000008003030                UART5_IRQHandler
                0x0000000008003030                DMA2_Stream0_IRQHandler
                0x0000000008003030                TIM4_IRQHandler
                0x0000000008003030                I2C1_EV_IRQHandler
                0x0000000008003030                DMA1_Stream6_IRQHandler
                0x0000000008003030                DMA1_Stream1_IRQHandler
                0x0000000008003030                UART4_IRQHandler
                0x0000000008003030                RCC_IRQHandler
                0x0000000008003030                TIM8_BRK_TIM12_IRQHandler
                0x0000000008003030                Default_Handler
                0x0000000008003030                EXTI15_10_IRQHandler
                0x0000000008003030                ADC_IRQHandler
                0x0000000008003030                DMA1_Stream7_IRQHandler
                0x0000000008003030                TIM7_IRQHandler
                0x0000000008003030                CAN2_TX_IRQHandler
                0x0000000008003030                TIM5_IRQHandler
                0x0000000008003030                DMA2_Stream7_IRQHandler
                0x0000000008003030                I2C3_EV_IRQHandler
                0x0000000008003030                RTC_WKUP_IRQHandler
                0x0000000008003030                ETH_WKUP_IRQHandler
                0x0000000008003030                SPI2_IRQHandler
                0x0000000008003030                OTG_HS_EP1_IN_IRQHandler
                0x0000000008003030                DMA1_Stream0_IRQHandler
                0x0000000008003030                CAN1_TX_IRQHandler
                0x0000000008003030                EXTI4_IRQHandler
                0x0000000008003030                FSMC_IRQHandler
                0x0000000008003030                ETH_IRQHandler
                0x0000000008003030                OTG_HS_EP1_OUT_IRQHandler
                0x0000000008003030                WWDG_IRQHandler
                0x0000000008003030                OTG_FS_WKUP_IRQHandler
                0x0000000008003030                TIM1_TRG_COM_TIM11_IRQHandler
                0x0000000008003030                OTG_HS_IRQHandler
                0x0000000008003030                EXTI1_IRQHandler
                0x0000000008003030                I2C2_ER_IRQHandler
                0x0000000008003030                DMA2_Stream1_IRQHandler
                0x0000000008003030                CAN1_SCE_IRQHandler
                0x0000000008003030                FLASH_IRQHandler
                0x0000000008003030                DMA2_Stream4_IRQHandler
                0x0000000008003030                USART1_IRQHandler
                0x0000000008003030                OTG_FS_IRQHandler
                0x0000000008003030                SPI3_IRQHandler
                0x0000000008003030                DMA1_Stream4_IRQHandler
                0x0000000008003030                I2C1_ER_IRQHandler
                0x0000000008003030                DMA2_Stream6_IRQHandler
                0x0000000008003030                DMA1_Stream3_IRQHandler
 *fill*         0x0000000008003032        0x2 
 .text._ZN9BarometreC2EP17I2C_HandleTypeDefh
                0x0000000008003034       0x5c ./Drivers/MyDrivers/Src/Barometre.o
                0x0000000008003034                Barometre::Barometre(I2C_HandleTypeDef*, unsigned char)
                0x0000000008003034                Barometre::Barometre(I2C_HandleTypeDef*, unsigned char)
 .text._ZN9Barometre10YapilandirEv
                0x0000000008003090      0x128 ./Drivers/MyDrivers/Src/Barometre.o
                0x0000000008003090                Barometre::Yapilandir()
 .text._ZN9Barometre11SicaklikOkuEv
                0x00000000080031b8       0x94 ./Drivers/MyDrivers/Src/Barometre.o
                0x00000000080031b8                Barometre::SicaklikOku()
 .text._ZN9Barometre9BasincOkuEh
                0x000000000800324c      0x21c ./Drivers/MyDrivers/Src/Barometre.o
                0x000000000800324c                Barometre::BasincOku(unsigned char)
 .text._ZN9Barometre9IrtifaOkuEh
                0x0000000008003468       0x9c ./Drivers/MyDrivers/Src/Barometre.o
                0x0000000008003468                Barometre::IrtifaOku(unsigned char)
 .text._ZN9Barometre14regSicaklikOkuEv
                0x0000000008003504       0x3e ./Drivers/MyDrivers/Src/Barometre.o
                0x0000000008003504                Barometre::regSicaklikOku()
 *fill*         0x0000000008003542        0x2 
 .text._ZN9Barometre12regBasincOkuEh
                0x0000000008003544       0x60 ./Drivers/MyDrivers/Src/Barometre.o
                0x0000000008003544                Barometre::regBasincOku(unsigned char)
 .text._ZN9Barometre12writeAndReadEPhhch
                0x00000000080035a4       0xb0 ./Drivers/MyDrivers/Src/Barometre.o
                0x00000000080035a4                Barometre::writeAndRead(unsigned char*, unsigned char, char, unsigned char)
 .text._ZN3GPSC2EP20__UART_HandleTypeDef
                0x0000000008003654       0x42 ./Drivers/MyDrivers/Src/Gps.o
                0x0000000008003654                GPS::GPS(__UART_HandleTypeDef*)
                0x0000000008003654                GPS::GPS(__UART_HandleTypeDef*)
 .text._ZN3GPS10YapilandirEv
                0x0000000008003696       0x2c ./Drivers/MyDrivers/Src/Gps.o
                0x0000000008003696                GPS::Yapilandir()
 .text._ZN3GPS18UartRxCpltCallbackEv
                0x00000000080036c2       0x8a ./Drivers/MyDrivers/Src/Gps.o
                0x00000000080036c2                GPS::UartRxCpltCallback()
 .text._ZN3GPS10GpsDataCekEv
                0x000000000800374c       0x3c ./Drivers/MyDrivers/Src/Gps.o
                0x000000000800374c                GPS::GpsDataCek()
 .text._ZN3GPS10LatitudeAlEv
                0x0000000008003788       0x1a ./Drivers/MyDrivers/Src/Gps.o
                0x0000000008003788                GPS::LatitudeAl()
 .text._ZN3GPS11LongitudeAlEv
                0x00000000080037a2       0x1a ./Drivers/MyDrivers/Src/Gps.o
                0x00000000080037a2                GPS::LongitudeAl()
 .text._ZN5MyImuC2EP17I2C_HandleTypeDef
                0x00000000080037bc       0x1e ./Drivers/MyDrivers/Src/Imu.o
                0x00000000080037bc                MyImu::MyImu(I2C_HandleTypeDef*)
                0x00000000080037bc                MyImu::MyImu(I2C_HandleTypeDef*)
 .text._ZN5MyImu17DBC_MPU6500_ResetEv
                0x00000000080037da       0x38 ./Drivers/MyDrivers/Src/Imu.o
                0x00000000080037da                MyImu::DBC_MPU6500_Reset()
 .text._ZN5MyImu22DBC_MPU6500_YAPILANDIREv
                0x0000000008003812       0xca ./Drivers/MyDrivers/Src/Imu.o
                0x0000000008003812                MyImu::DBC_MPU6500_YAPILANDIR()
 .text._ZN5MyImu14DBC_GYRO_OFSETEv
                0x00000000080038dc       0xcc ./Drivers/MyDrivers/Src/Imu.o
                0x00000000080038dc                MyImu::DBC_GYRO_OFSET()
 .text._ZN5MyImu12DBC_DATA_OKUEv
                0x00000000080039a8       0x94 ./Drivers/MyDrivers/Src/Imu.o
                0x00000000080039a8                MyImu::DBC_DATA_OKU()
 .text._ZN5MyImu11DBC_ACC_OKUEv
                0x0000000008003a3c       0x72 ./Drivers/MyDrivers/Src/Imu.o
                0x0000000008003a3c                MyImu::DBC_ACC_OKU()
 *fill*         0x0000000008003aae        0x2 
 .text._ZN5MyImu16DBC_SICAKLIK_OKUEv
                0x0000000008003ab0       0x98 ./Drivers/MyDrivers/Src/Imu.o
                0x0000000008003ab0                MyImu::DBC_SICAKLIK_OKU()
 .text._ZN5MyImu12DBC_GYRO_OKUEv
                0x0000000008003b48       0x72 ./Drivers/MyDrivers/Src/Imu.o
                0x0000000008003b48                MyImu::DBC_GYRO_OKU()
 *fill*         0x0000000008003bba        0x6 
 .text._ZN5MyImu13DBC_ACI_BULMAEv
                0x0000000008003bc0      0x398 ./Drivers/MyDrivers/Src/Imu.o
                0x0000000008003bc0                MyImu::DBC_ACI_BULMA()
 .text._ZN5MyImu7PitchAlEv
                0x0000000008003f58       0x18 ./Drivers/MyDrivers/Src/Imu.o
                0x0000000008003f58                MyImu::PitchAl()
 .text._ZN5MyImu6RollAlEv
                0x0000000008003f70       0x18 ./Drivers/MyDrivers/Src/Imu.o
                0x0000000008003f70                MyImu::RollAl()
 .text._ZN5MyImu5YawAlEv
                0x0000000008003f88       0x18 ./Drivers/MyDrivers/Src/Imu.o
                0x0000000008003f88                MyImu::YawAl()
 .text._ZN5MyImu10SicaklikAlEv
                0x0000000008003fa0       0x18 ./Drivers/MyDrivers/Src/Imu.o
                0x0000000008003fa0                MyImu::SicaklikAl()
 .text._ZN5MyMagC2EP17I2C_HandleTypeDef
                0x0000000008003fb8       0x58 ./Drivers/MyDrivers/Src/Mag.o
                0x0000000008003fb8                MyMag::MyMag(I2C_HandleTypeDef*)
                0x0000000008003fb8                MyMag::MyMag(I2C_HandleTypeDef*)
 .text._ZN5MyMag10YapilandirEv
                0x0000000008004010       0x5c ./Drivers/MyDrivers/Src/Mag.o
                0x0000000008004010                MyMag::Yapilandir()
 .text._ZN5MyMag10MagDataOkuEPsS0_S0_
                0x000000000800406c       0x68 ./Drivers/MyDrivers/Src/Mag.o
                0x000000000800406c                MyMag::MagDataOku(short*, short*, short*)
 .text._ZN5MyMag9KalibreEtEv
                0x00000000080040d4      0x11a ./Drivers/MyDrivers/Src/Mag.o
                0x00000000080040d4                MyMag::KalibreEt()
 *fill*         0x00000000080041ee        0x2 
 .text._ZN5MyMag14HeadingOlusturEv
                0x00000000080041f0      0x158 ./Drivers/MyDrivers/Src/Mag.o
                0x00000000080041f0                MyMag::HeadingOlustur()
 .text._ZSt5atan2ff
                0x0000000008004348       0x28 ./Drivers/MyDrivers/Src/Motor.o
                0x0000000008004348                std::atan2(float, float)
 .text._ZSt3cosf
                0x0000000008004370       0x20 ./Drivers/MyDrivers/Src/Motor.o
                0x0000000008004370                std::cos(float)
 .text._ZSt3sinf
                0x0000000008004390       0x20 ./Drivers/MyDrivers/Src/Motor.o
                0x0000000008004390                std::sin(float)
 .text._ZSt4sqrtf
                0x00000000080043b0       0x20 ./Drivers/MyDrivers/Src/Motor.o
                0x00000000080043b0                std::sqrt(float)
 .text._ZN5MotorC2EP17TIM_HandleTypeDefS1_P12GPIO_TypeDeftS3_t
                0x00000000080043d0       0x6a ./Drivers/MyDrivers/Src/Motor.o
                0x00000000080043d0                Motor::Motor(TIM_HandleTypeDef*, TIM_HandleTypeDef*, GPIO_TypeDef*, unsigned short, GPIO_TypeDef*, unsigned short)
                0x00000000080043d0                Motor::Motor(TIM_HandleTypeDef*, TIM_HandleTypeDef*, GPIO_TypeDef*, unsigned short, GPIO_TypeDef*, unsigned short)
 .text._ZN5Motor10YapilandirEv
                0x000000000800443a       0x4a ./Drivers/MyDrivers/Src/Motor.o
                0x000000000800443a                Motor::Yapilandir()
 .text._ZN5Motor3PWMEtm
                0x0000000008004484       0x5a ./Drivers/MyDrivers/Src/Motor.o
                0x0000000008004484                Motor::PWM(unsigned short, unsigned long)
 .text._ZN5Motor8IleriGitEv
                0x00000000080044de       0x30 ./Drivers/MyDrivers/Src/Motor.o
                0x00000000080044de                Motor::IleriGit()
 .text._ZN5Motor3DurEv
                0x000000000800450e       0x30 ./Drivers/MyDrivers/Src/Motor.o
                0x000000000800450e                Motor::Dur()
 .text._ZN5ArabaC2ER5MotorS1_
                0x000000000800453e       0x26 ./Drivers/MyDrivers/Src/Motor.o
                0x000000000800453e                Araba::Araba(Motor&, Motor&)
                0x000000000800453e                Araba::Araba(Motor&, Motor&)
 .text._ZN5Araba3DurEv
                0x0000000008004564       0x24 ./Drivers/MyDrivers/Src/Motor.o
                0x0000000008004564                Araba::Dur()
 .text._ZN5Araba6duzGitEv
                0x0000000008004588       0x24 ./Drivers/MyDrivers/Src/Motor.o
                0x0000000008004588                Araba::duzGit()
 .text._ZN5Araba6sagGitEv
                0x00000000080045ac       0x24 ./Drivers/MyDrivers/Src/Motor.o
                0x00000000080045ac                Araba::sagGit()
 .text._ZN5Araba6solGitEv
                0x00000000080045d0       0x24 ./Drivers/MyDrivers/Src/Motor.o
                0x00000000080045d0                Araba::solGit()
 *fill*         0x00000000080045f4        0x4 
 .text._ZN5Araba9mesafeBulEffff
                0x00000000080045f8      0x1bc ./Drivers/MyDrivers/Src/Motor.o
                0x00000000080045f8                Araba::mesafeBul(float, float, float, float)
 *fill*         0x00000000080047b4        0x4 
 .text._ZN5Araba10yonelimBulEffff
                0x00000000080047b8      0x1b4 ./Drivers/MyDrivers/Src/Motor.o
                0x00000000080047b8                Araba::yonelimBul(float, float, float, float)
 .text._ZN5PaketC2EP20__UART_HandleTypeDef
                0x000000000800496c       0xbe ./Drivers/MyDrivers/Src/Paket.o
                0x000000000800496c                Paket::Paket(__UART_HandleTypeDef*)
                0x000000000800496c                Paket::Paket(__UART_HandleTypeDef*)
 .text._ZN5PaketC2Ehhhh
                0x0000000008004a2a       0xe8 ./Drivers/MyDrivers/Src/Paket.o
                0x0000000008004a2a                Paket::Paket(unsigned char, unsigned char, unsigned char, unsigned char)
                0x0000000008004a2a                Paket::Paket(unsigned char, unsigned char, unsigned char, unsigned char)
 .text._ZN5Paket14PaketKesmeInitEv
                0x0000000008004b12       0x20 ./Drivers/MyDrivers/Src/Paket.o
                0x0000000008004b12                Paket::PaketKesmeInit()
 .text._ZN5Paket15GpsPaketOlusturEffff
                0x0000000008004b32       0xee ./Drivers/MyDrivers/Src/Paket.o
                0x0000000008004b32                Paket::GpsPaketOlustur(float, float, float, float)
 .text._ZN5Paket15ImuPaketOlusturEffff
                0x0000000008004c20       0xf2 ./Drivers/MyDrivers/Src/Paket.o
                0x0000000008004c20                Paket::ImuPaketOlustur(float, float, float, float)
 .text._ZN5Paket19VersiyonPaketGonderEhhh
                0x0000000008004d12       0x88 ./Drivers/MyDrivers/Src/Paket.o
                0x0000000008004d12                Paket::VersiyonPaketGonder(unsigned char, unsigned char, unsigned char)
 .text._ZN5Paket18YoklamaPaketGonderEv
                0x0000000008004d9a       0x7c ./Drivers/MyDrivers/Src/Paket.o
                0x0000000008004d9a                Paket::YoklamaPaketGonder()
 .text._ZN5Paket13gpsPaketCagirEPh
                0x0000000008004e16       0x20 ./Drivers/MyDrivers/Src/Paket.o
                0x0000000008004e16                Paket::gpsPaketCagir(unsigned char*)
 .text._ZN5Paket13imuPaketCagirEPh
                0x0000000008004e36       0x20 ./Drivers/MyDrivers/Src/Paket.o
                0x0000000008004e36                Paket::imuPaketCagir(unsigned char*)
 *fill*         0x0000000008004e56        0x2 
 .text._ZN5Paket12BayrakKaldirEv
                0x0000000008004e58       0x70 ./Drivers/MyDrivers/Src/Paket.o
                0x0000000008004e58                Paket::BayrakKaldir()
 .text._ZN5Paket8PaketCozEv
                0x0000000008004ec8      0x324 ./Drivers/MyDrivers/Src/Paket.o
                0x0000000008004ec8                Paket::PaketCoz()
 .text._ZN5Paket11ArayuzLatAlEv
                0x00000000080051ec       0x1a ./Drivers/MyDrivers/Src/Paket.o
                0x00000000080051ec                Paket::ArayuzLatAl()
 .text._ZN5Paket11ArayuzLonAlEv
                0x0000000008005206       0x1a ./Drivers/MyDrivers/Src/Paket.o
                0x0000000008005206                Paket::ArayuzLonAl()
 .text._ZN5Paket13CRC8HesaplamaEPhhh
                0x0000000008005220       0x7a ./Drivers/MyDrivers/Src/Paket.o
                0x0000000008005220                Paket::CRC8Hesaplama(unsigned char*, unsigned char, unsigned char)
 *fill*         0x000000000800529a        0x2 
 .text._ZN5Paket12bytesToFloatEPKhl
                0x000000000800529c       0xd0 ./Drivers/MyDrivers/Src/Paket.o
                0x000000000800529c                Paket::bytesToFloat(unsigned char const*, long)
 .text._ZN5Paket12floatToBytesEPfPh
                0x000000000800536c       0x60 ./Drivers/MyDrivers/Src/Paket.o
                0x000000000800536c                Paket::floatToBytes(float*, unsigned char*)
 .text._ZN13GorevyoneticiC2EP11TIM_TypeDef
                0x00000000080053cc       0x68 ./Drivers/MyDrivers/Src/gorevyonetici.o
                0x00000000080053cc                Gorevyonetici::Gorevyonetici(TIM_TypeDef*)
                0x00000000080053cc                Gorevyonetici::Gorevyonetici(TIM_TypeDef*)
 .text._ZN5GorevC2Ev
                0x0000000008005434       0x22 ./Drivers/MyDrivers/Src/gorevyonetici.o
                0x0000000008005434                Gorev::Gorev()
                0x0000000008005434                Gorev::Gorev()
 .text._ZN13Gorevyonetici7GorevAlEPFvvEs
                0x0000000008005456       0x54 ./Drivers/MyDrivers/Src/gorevyonetici.o
                0x0000000008005456                Gorevyonetici::GorevAl(void (*)(), short)
 *fill*         0x00000000080054aa        0x2 
 .text._ZN13Gorevyonetici17GorevBayrakKaldirEv
                0x00000000080054ac       0xc8 ./Drivers/MyDrivers/Src/gorevyonetici.o
                0x00000000080054ac                Gorevyonetici::GorevBayrakKaldir()
 .text._ZN13Gorevyonetici13GorevCalistirEv
                0x0000000008005574       0x74 ./Drivers/MyDrivers/Src/gorevyonetici.o
                0x0000000008005574                Gorevyonetici::GorevCalistir()
 .text._ZN5Gorev8GorevGirEPFvvEs
                0x00000000080055e8       0x26 ./Drivers/MyDrivers/Src/gorevyonetici.o
                0x00000000080055e8                Gorev::GorevGir(void (*)(), short)
 .text._ZN5Gorev8CalistirEv
                0x000000000800560e       0x1e ./Drivers/MyDrivers/Src/gorevyonetici.o
                0x000000000800560e                Gorev::Calistir()
 .text._ZN5Gorev13BayrakDuzenleEb
                0x000000000800562c       0x1e ./Drivers/MyDrivers/Src/gorevyonetici.o
                0x000000000800562c                Gorev::BayrakDuzenle(bool)
 .text._ZN5Gorev4MsAlEv
                0x000000000800564a       0x1a ./Drivers/MyDrivers/Src/gorevyonetici.o
                0x000000000800564a                Gorev::MsAl()
 .text.__NVIC_EnableIRQ
                0x0000000008005664       0x3c ./Drivers/MyDrivers/Src/mytimer.o
 .text.__NVIC_SetPriority
                0x00000000080056a0       0x54 ./Drivers/MyDrivers/Src/mytimer.o
 .text._ZN5TimerC2EP11TIM_TypeDef
                0x00000000080056f4       0x20 ./Drivers/MyDrivers/Src/mytimer.o
                0x00000000080056f4                Timer::Timer(TIM_TypeDef*)
                0x00000000080056f4                Timer::Timer(TIM_TypeDef*)
 .text._ZN5Timer10YapilandirEmm
                0x0000000008005714       0x3e ./Drivers/MyDrivers/Src/mytimer.o
                0x0000000008005714                Timer::Yapilandir(unsigned long, unsigned long)
 .text._ZN5Timer7AktifEtEv
                0x0000000008005752       0x24 ./Drivers/MyDrivers/Src/mytimer.o
                0x0000000008005752                Timer::AktifEt()
 *fill*         0x0000000008005776        0x2 
 .text._ZN5Timer17TimerClockAktifEtEv
                0x0000000008005778      0x11c ./Drivers/MyDrivers/Src/mytimer.o
                0x0000000008005778                Timer::TimerClockAktifEt()
 .text._ZN5Timer21TimerInterruptAktifEtEv
                0x0000000008005894       0xc0 ./Drivers/MyDrivers/Src/mytimer.o
                0x0000000008005894                Timer::TimerInterruptAktifEt()
 .text.HAL_Init
                0x0000000008005954       0x44 ./Drivers/STM32F4xx_HAL_Driver/Src/stm32f4xx_hal.o
                0x0000000008005954                HAL_Init
 .text.HAL_InitTick
                0x0000000008005998       0x60 ./Drivers/STM32F4xx_HAL_Driver/Src/stm32f4xx_hal.o
                0x0000000008005998                HAL_InitTick
 .text.HAL_IncTick
                0x00000000080059f8       0x28 ./Drivers/STM32F4xx_HAL_Driver/Src/stm32f4xx_hal.o
                0x00000000080059f8                HAL_IncTick
 .text.HAL_GetTick
                0x0000000008005a20       0x18 ./Drivers/STM32F4xx_HAL_Driver/Src/stm32f4xx_hal.o
                0x0000000008005a20                HAL_GetTick
 .text.HAL_Delay
                0x0000000008005a38       0x48 ./Drivers/STM32F4xx_HAL_Driver/Src/stm32f4xx_hal.o
                0x0000000008005a38                HAL_Delay
 .text.__NVIC_SetPriorityGrouping
                0x0000000008005a80       0x48 ./Drivers/STM32F4xx_HAL_Driver/Src/stm32f4xx_hal_cortex.o
 .text.__NVIC_GetPriorityGrouping
                0x0000000008005ac8       0x1c ./Drivers/STM32F4xx_HAL_Driver/Src/stm32f4xx_hal_cortex.o
 .text.__NVIC_EnableIRQ
                0x0000000008005ae4       0x3c ./Drivers/STM32F4xx_HAL_Driver/Src/stm32f4xx_hal_cortex.o
 .text.__NVIC_SetPriority
                0x0000000008005b20       0x54 ./Drivers/STM32F4xx_HAL_Driver/Src/stm32f4xx_hal_cortex.o
 .text.NVIC_EncodePriority
                0x0000000008005b74       0x66 ./Drivers/STM32F4xx_HAL_Driver/Src/stm32f4xx_hal_cortex.o
 *fill*         0x0000000008005bda        0x2 
 .text.SysTick_Config
                0x0000000008005bdc       0x44 ./Drivers/STM32F4xx_HAL_Driver/Src/stm32f4xx_hal_cortex.o
 .text.HAL_NVIC_SetPriorityGrouping
                0x0000000008005c20       0x16 ./Drivers/STM32F4xx_HAL_Driver/Src/stm32f4xx_hal_cortex.o
                0x0000000008005c20                HAL_NVIC_SetPriorityGrouping
 .text.HAL_NVIC_SetPriority
                0x0000000008005c36       0x38 ./Drivers/STM32F4xx_HAL_Driver/Src/stm32f4xx_hal_cortex.o
                0x0000000008005c36                HAL_NVIC_SetPriority
 .text.HAL_NVIC_EnableIRQ
                0x0000000008005c6e       0x1c ./Drivers/STM32F4xx_HAL_Driver/Src/stm32f4xx_hal_cortex.o
                0x0000000008005c6e                HAL_NVIC_EnableIRQ
 .text.HAL_SYSTICK_Config
                0x0000000008005c8a       0x18 ./Drivers/STM32F4xx_HAL_Driver/Src/stm32f4xx_hal_cortex.o
                0x0000000008005c8a                HAL_SYSTICK_Config
 .text.HAL_DMA_Abort
                0x0000000008005ca2       0xe0 ./Drivers/STM32F4xx_HAL_Driver/Src/stm32f4xx_hal_dma.o
                0x0000000008005ca2                HAL_DMA_Abort
 .text.HAL_DMA_Abort_IT
                0x0000000008005d82       0x44 ./Drivers/STM32F4xx_HAL_Driver/Src/stm32f4xx_hal_dma.o
                0x0000000008005d82                HAL_DMA_Abort_IT
 *fill*         0x0000000008005dc6        0x2 
 .text.HAL_GPIO_Init
                0x0000000008005dc8      0x338 ./Drivers/STM32F4xx_HAL_Driver/Src/stm32f4xx_hal_gpio.o
                0x0000000008005dc8                HAL_GPIO_Init
 .text.HAL_GPIO_WritePin
                0x0000000008006100       0x32 ./Drivers/STM32F4xx_HAL_Driver/Src/stm32f4xx_hal_gpio.o
                0x0000000008006100                HAL_GPIO_WritePin
 *fill*         0x0000000008006132        0x2 
 .text.HAL_GPIO_EXTI_IRQHandler
                0x0000000008006134       0x30 ./Drivers/STM32F4xx_HAL_Driver/Src/stm32f4xx_hal_gpio.o
                0x0000000008006134                HAL_GPIO_EXTI_IRQHandler
 .text.HAL_GPIO_EXTI_Callback
                0x0000000008006164       0x16 ./Drivers/STM32F4xx_HAL_Driver/Src/stm32f4xx_hal_gpio.o
                0x0000000008006164                HAL_GPIO_EXTI_Callback
 *fill*         0x000000000800617a        0x2 
 .text.HAL_I2C_Init
                0x000000000800617c      0x288 ./Drivers/STM32F4xx_HAL_Driver/Src/stm32f4xx_hal_i2c.o
                0x000000000800617c                HAL_I2C_Init
 .text.HAL_I2C_Master_Transmit
                0x0000000008006404      0x1fc ./Drivers/STM32F4xx_HAL_Driver/Src/stm32f4xx_hal_i2c.o
                0x0000000008006404                HAL_I2C_Master_Transmit
 .text.HAL_I2C_Master_Receive
                0x0000000008006600      0x464 ./Drivers/STM32F4xx_HAL_Driver/Src/stm32f4xx_hal_i2c.o
                0x0000000008006600                HAL_I2C_Master_Receive
 .text.HAL_I2C_Mem_Write
                0x0000000008006a64      0x1f4 ./Drivers/STM32F4xx_HAL_Driver/Src/stm32f4xx_hal_i2c.o
                0x0000000008006a64                HAL_I2C_Mem_Write
 .text.HAL_I2C_Mem_Read
                0x0000000008006c58      0x464 ./Drivers/STM32F4xx_HAL_Driver/Src/stm32f4xx_hal_i2c.o
                0x0000000008006c58                HAL_I2C_Mem_Read
 .text.I2C_MasterRequestWrite
                0x00000000080070bc      0x104 ./Drivers/STM32F4xx_HAL_Driver/Src/stm32f4xx_hal_i2c.o
 .text.I2C_MasterRequestRead
                0x00000000080071c0      0x19c ./Drivers/STM32F4xx_HAL_Driver/Src/stm32f4xx_hal_i2c.o
 .text.I2C_RequestMemoryWrite
                0x000000000800735c      0x12c ./Drivers/STM32F4xx_HAL_Driver/Src/stm32f4xx_hal_i2c.o
 .text.I2C_RequestMemoryRead
                0x0000000008007488      0x1d0 ./Drivers/STM32F4xx_HAL_Driver/Src/stm32f4xx_hal_i2c.o
 .text.I2C_WaitOnFlagUntilTimeout
                0x0000000008007658       0xf4 ./Drivers/STM32F4xx_HAL_Driver/Src/stm32f4xx_hal_i2c.o
 .text.I2C_WaitOnMasterAddressFlagUntilTimeout
                0x000000000800774c      0x140 ./Drivers/STM32F4xx_HAL_Driver/Src/stm32f4xx_hal_i2c.o
 .text.I2C_WaitOnTXEFlagUntilTimeout
                0x000000000800788c       0x90 ./Drivers/STM32F4xx_HAL_Driver/Src/stm32f4xx_hal_i2c.o
 .text.I2C_WaitOnBTFFlagUntilTimeout
                0x000000000800791c       0x90 ./Drivers/STM32F4xx_HAL_Driver/Src/stm32f4xx_hal_i2c.o
 .text.I2C_WaitOnRXNEFlagUntilTimeout
                0x00000000080079ac       0xba ./Drivers/STM32F4xx_HAL_Driver/Src/stm32f4xx_hal_i2c.o
 .text.I2C_IsAcknowledgeFailed
                0x0000000008007a66       0x5e ./Drivers/STM32F4xx_HAL_Driver/Src/stm32f4xx_hal_i2c.o
 .text.HAL_RCC_OscConfig
                0x0000000008007ac4      0x4f0 ./Drivers/STM32F4xx_HAL_Driver/Src/stm32f4xx_hal_rcc.o
                0x0000000008007ac4                HAL_RCC_OscConfig
 .text.HAL_RCC_ClockConfig
                0x0000000008007fb4      0x1cc ./Drivers/STM32F4xx_HAL_Driver/Src/stm32f4xx_hal_rcc.o
                0x0000000008007fb4                HAL_RCC_ClockConfig
 .text.HAL_RCC_GetSysClockFreq
                0x0000000008008180      0x20c ./Drivers/STM32F4xx_HAL_Driver/Src/stm32f4xx_hal_rcc.o
                0x0000000008008180                HAL_RCC_GetSysClockFreq
 .text.HAL_RCC_GetHCLKFreq
                0x000000000800838c       0x18 ./Drivers/STM32F4xx_HAL_Driver/Src/stm32f4xx_hal_rcc.o
                0x000000000800838c                HAL_RCC_GetHCLKFreq
 .text.HAL_RCC_GetPCLK1Freq
                0x00000000080083a4       0x28 ./Drivers/STM32F4xx_HAL_Driver/Src/stm32f4xx_hal_rcc.o
                0x00000000080083a4                HAL_RCC_GetPCLK1Freq
 .text.HAL_RCC_GetPCLK2Freq
                0x00000000080083cc       0x28 ./Drivers/STM32F4xx_HAL_Driver/Src/stm32f4xx_hal_rcc.o
                0x00000000080083cc                HAL_RCC_GetPCLK2Freq
 .text.HAL_TIM_Base_Init
                0x00000000080083f4       0x9e ./Drivers/STM32F4xx_HAL_Driver/Src/stm32f4xx_hal_tim.o
                0x00000000080083f4                HAL_TIM_Base_Init
 .text.HAL_TIM_PWM_Init
                0x0000000008008492       0x9e ./Drivers/STM32F4xx_HAL_Driver/Src/stm32f4xx_hal_tim.o
                0x0000000008008492                HAL_TIM_PWM_Init
 .text.HAL_TIM_PWM_MspInit
                0x0000000008008530       0x14 ./Drivers/STM32F4xx_HAL_Driver/Src/stm32f4xx_hal_tim.o
                0x0000000008008530                HAL_TIM_PWM_MspInit
 .text.HAL_TIM_PWM_Start
                0x0000000008008544      0x190 ./Drivers/STM32F4xx_HAL_Driver/Src/stm32f4xx_hal_tim.o
                0x0000000008008544                HAL_TIM_PWM_Start
 .text.HAL_TIM_Encoder_Init
                0x00000000080086d4      0x14c ./Drivers/STM32F4xx_HAL_Driver/Src/stm32f4xx_hal_tim.o
                0x00000000080086d4                HAL_TIM_Encoder_Init
 .text.HAL_TIM_Encoder_Start
                0x0000000008008820      0x11c ./Drivers/STM32F4xx_HAL_Driver/Src/stm32f4xx_hal_tim.o
                0x0000000008008820                HAL_TIM_Encoder_Start
 .text.HAL_TIM_IRQHandler
                0x000000000800893c      0x1e0 ./Drivers/STM32F4xx_HAL_Driver/Src/stm32f4xx_hal_tim.o
                0x000000000800893c                HAL_TIM_IRQHandler
 .text.HAL_TIM_PWM_ConfigChannel
                0x0000000008008b1c      0x184 ./Drivers/STM32F4xx_HAL_Driver/Src/stm32f4xx_hal_tim.o
                0x0000000008008b1c                HAL_TIM_PWM_ConfigChannel
 .text.HAL_TIM_ConfigClockSource
                0x0000000008008ca0      0x18e ./Drivers/STM32F4xx_HAL_Driver/Src/stm32f4xx_hal_tim.o
                0x0000000008008ca0                HAL_TIM_ConfigClockSource
 .text.HAL_TIM_PeriodElapsedCallback
                0x0000000008008e2e       0x14 ./Drivers/STM32F4xx_HAL_Driver/Src/stm32f4xx_hal_tim.o
                0x0000000008008e2e                HAL_TIM_PeriodElapsedCallback
 .text.HAL_TIM_OC_DelayElapsedCallback
                0x0000000008008e42       0x14 ./Drivers/STM32F4xx_HAL_Driver/Src/stm32f4xx_hal_tim.o
                0x0000000008008e42                HAL_TIM_OC_DelayElapsedCallback
 .text.HAL_TIM_IC_CaptureCallback
                0x0000000008008e56       0x14 ./Drivers/STM32F4xx_HAL_Driver/Src/stm32f4xx_hal_tim.o
                0x0000000008008e56                HAL_TIM_IC_CaptureCallback
 .text.HAL_TIM_PWM_PulseFinishedCallback
                0x0000000008008e6a       0x14 ./Drivers/STM32F4xx_HAL_Driver/Src/stm32f4xx_hal_tim.o
                0x0000000008008e6a                HAL_TIM_PWM_PulseFinishedCallback
 .text.HAL_TIM_TriggerCallback
                0x0000000008008e7e       0x14 ./Drivers/STM32F4xx_HAL_Driver/Src/stm32f4xx_hal_tim.o
                0x0000000008008e7e                HAL_TIM_TriggerCallback
 *fill*         0x0000000008008e92        0x2 
 .text.TIM_Base_SetConfig
                0x0000000008008e94      0x158 ./Drivers/STM32F4xx_HAL_Driver/Src/stm32f4xx_hal_tim.o
                0x0000000008008e94                TIM_Base_SetConfig
 .text.TIM_OC1_SetConfig
                0x0000000008008fec       0xe0 ./Drivers/STM32F4xx_HAL_Driver/Src/stm32f4xx_hal_tim.o
 .text.TIM_OC2_SetConfig
                0x00000000080090cc       0xec ./Drivers/STM32F4xx_HAL_Driver/Src/stm32f4xx_hal_tim.o
                0x00000000080090cc                TIM_OC2_SetConfig
 .text.TIM_OC3_SetConfig
                0x00000000080091b8       0xe8 ./Drivers/STM32F4xx_HAL_Driver/Src/stm32f4xx_hal_tim.o
 .text.TIM_OC4_SetConfig
                0x00000000080092a0       0xac ./Drivers/STM32F4xx_HAL_Driver/Src/stm32f4xx_hal_tim.o
 .text.TIM_TI1_ConfigInputStage
                0x000000000800934c       0x5e ./Drivers/STM32F4xx_HAL_Driver/Src/stm32f4xx_hal_tim.o
 .text.TIM_TI2_ConfigInputStage
                0x00000000080093aa       0x60 ./Drivers/STM32F4xx_HAL_Driver/Src/stm32f4xx_hal_tim.o
 .text.TIM_ITRx_SetConfig
                0x000000000800940a       0x36 ./Drivers/STM32F4xx_HAL_Driver/Src/stm32f4xx_hal_tim.o
 .text.TIM_ETR_SetConfig
                0x0000000008009440       0x40 ./Drivers/STM32F4xx_HAL_Driver/Src/stm32f4xx_hal_tim.o
                0x0000000008009440                TIM_ETR_SetConfig
 .text.TIM_CCxChannelCmd
                0x0000000008009480       0x4a ./Drivers/STM32F4xx_HAL_Driver/Src/stm32f4xx_hal_tim.o
                0x0000000008009480                TIM_CCxChannelCmd
 *fill*         0x00000000080094ca        0x2 
 .text.HAL_TIMEx_MasterConfigSynchronization
                0x00000000080094cc       0xf8 ./Drivers/STM32F4xx_HAL_Driver/Src/stm32f4xx_hal_tim_ex.o
                0x00000000080094cc                HAL_TIMEx_MasterConfigSynchronization
 .text.HAL_TIMEx_CommutCallback
                0x00000000080095c4       0x14 ./Drivers/STM32F4xx_HAL_Driver/Src/stm32f4xx_hal_tim_ex.o
                0x00000000080095c4                HAL_TIMEx_CommutCallback
 .text.HAL_TIMEx_BreakCallback
                0x00000000080095d8       0x14 ./Drivers/STM32F4xx_HAL_Driver/Src/stm32f4xx_hal_tim_ex.o
                0x00000000080095d8                HAL_TIMEx_BreakCallback
 .text.HAL_UART_Init
                0x00000000080095ec       0xa0 ./Drivers/STM32F4xx_HAL_Driver/Src/stm32f4xx_hal_uart.o
                0x00000000080095ec                HAL_UART_Init
 .text.HAL_UART_Transmit
                0x000000000800968c      0x116 ./Drivers/STM32F4xx_HAL_Driver/Src/stm32f4xx_hal_uart.o
                0x000000000800968c                HAL_UART_Transmit
 .text.HAL_UART_Receive_IT
                0x00000000080097a2       0x4a ./Drivers/STM32F4xx_HAL_Driver/Src/stm32f4xx_hal_uart.o
                0x00000000080097a2                HAL_UART_Receive_IT
 .text.HAL_UART_IRQHandler
                0x00000000080097ec      0x524 ./Drivers/STM32F4xx_HAL_Driver/Src/stm32f4xx_hal_uart.o
                0x00000000080097ec                HAL_UART_IRQHandler
 .text.HAL_UART_TxCpltCallback
                0x0000000008009d10       0x14 ./Drivers/STM32F4xx_HAL_Driver/Src/stm32f4xx_hal_uart.o
                0x0000000008009d10                HAL_UART_TxCpltCallback
 .text.HAL_UART_ErrorCallback
                0x0000000008009d24       0x14 ./Drivers/STM32F4xx_HAL_Driver/Src/stm32f4xx_hal_uart.o
                0x0000000008009d24                HAL_UART_ErrorCallback
 .text.HAL_UARTEx_RxEventCallback
                0x0000000008009d38       0x18 ./Drivers/STM32F4xx_HAL_Driver/Src/stm32f4xx_hal_uart.o
                0x0000000008009d38                HAL_UARTEx_RxEventCallback
 .text.UART_WaitOnFlagUntilTimeout
                0x0000000008009d50       0xb2 ./Drivers/STM32F4xx_HAL_Driver/Src/stm32f4xx_hal_uart.o
 .text.UART_Start_Receive_IT
                0x0000000008009e02       0x74 ./Drivers/STM32F4xx_HAL_Driver/Src/stm32f4xx_hal_uart.o
                0x0000000008009e02                UART_Start_Receive_IT
 .text.UART_EndRxTransfer
                0x0000000008009e76       0xc6 ./Drivers/STM32F4xx_HAL_Driver/Src/stm32f4xx_hal_uart.o
 .text.UART_DMAAbortOnError
                0x0000000008009f3c       0x28 ./Drivers/STM32F4xx_HAL_Driver/Src/stm32f4xx_hal_uart.o
 .text.UART_Transmit_IT
                0x0000000008009f64       0xa0 ./Drivers/STM32F4xx_HAL_Driver/Src/stm32f4xx_hal_uart.o
 .text.UART_EndTransmit_IT
                0x000000000800a004       0x30 ./Drivers/STM32F4xx_HAL_Driver/Src/stm32f4xx_hal_uart.o
 .text.UART_Receive_IT
                0x000000000800a034      0x17c ./Drivers/STM32F4xx_HAL_Driver/Src/stm32f4xx_hal_uart.o
 .text.UART_SetConfig
                0x000000000800a1b0      0x4e8 ./Drivers/STM32F4xx_HAL_Driver/Src/stm32f4xx_hal_uart.o
 .text.asin     0x000000000800a698       0x68 C:/ST/STM32CubeIDE_1.14.0/STM32CubeIDE/plugins/com.st.stm32cube.ide.mcu.externaltools.gnu-tools-for-stm32.11.3.rel1.win32_1.1.100.202309141235/tools/bin/../lib/gcc/arm-none-eabi/11.3.1/../../../../arm-none-eabi/lib/thumb/v7e-m+fp/hard\libm.a(libm_a-w_asin.o)
                0x000000000800a698                asin
 .text.atan2    0x000000000800a700        0x4 C:/ST/STM32CubeIDE_1.14.0/STM32CubeIDE/plugins/com.st.stm32cube.ide.mcu.externaltools.gnu-tools-for-stm32.11.3.rel1.win32_1.1.100.202309141235/tools/bin/../lib/gcc/arm-none-eabi/11.3.1/../../../../arm-none-eabi/lib/thumb/v7e-m+fp/hard\libm.a(libm_a-w_atan2.o)
                0x000000000800a700                atan2
 .text.fmod     0x000000000800a704       0x5c C:/ST/STM32CubeIDE_1.14.0/STM32CubeIDE/plugins/com.st.stm32cube.ide.mcu.externaltools.gnu-tools-for-stm32.11.3.rel1.win32_1.1.100.202309141235/tools/bin/../lib/gcc/arm-none-eabi/11.3.1/../../../../arm-none-eabi/lib/thumb/v7e-m+fp/hard\libm.a(libm_a-w_fmod.o)
                0x000000000800a704                fmod
 .text.pow      0x000000000800a760       0xe0 C:/ST/STM32CubeIDE_1.14.0/STM32CubeIDE/plugins/com.st.stm32cube.ide.mcu.externaltools.gnu-tools-for-stm32.11.3.rel1.win32_1.1.100.202309141235/tools/bin/../lib/gcc/arm-none-eabi/11.3.1/../../../../arm-none-eabi/lib/thumb/v7e-m+fp/hard\libm.a(libm_a-w_pow.o)
                0x000000000800a760                pow
 .text.sqrt     0x000000000800a840       0x58 C:/ST/STM32CubeIDE_1.14.0/STM32CubeIDE/plugins/com.st.stm32cube.ide.mcu.externaltools.gnu-tools-for-stm32.11.3.rel1.win32_1.1.100.202309141235/tools/bin/../lib/gcc/arm-none-eabi/11.3.1/../../../../arm-none-eabi/lib/thumb/v7e-m+fp/hard\libm.a(libm_a-w_sqrt.o)
                0x000000000800a840                sqrt
 .text.fabs     0x000000000800a898       0x12 C:/ST/STM32CubeIDE_1.14.0/STM32CubeIDE/plugins/com.st.stm32cube.ide.mcu.externaltools.gnu-tools-for-stm32.11.3.rel1.win32_1.1.100.202309141235/tools/bin/../lib/gcc/arm-none-eabi/11.3.1/../../../../arm-none-eabi/lib/thumb/v7e-m+fp/hard\libm.a(libm_a-s_fabs.o)
                0x000000000800a898                fabs
 *fill*         0x000000000800a8aa        0x6 
 .text.sin      0x000000000800a8b0       0xb0 C:/ST/STM32CubeIDE_1.14.0/STM32CubeIDE/plugins/com.st.stm32cube.ide.mcu.externaltools.gnu-tools-for-stm32.11.3.rel1.win32_1.1.100.202309141235/tools/bin/../lib/gcc/arm-none-eabi/11.3.1/../../../../arm-none-eabi/lib/thumb/v7e-m+fp/hard\libm.a(libm_a-s_sin.o)
                0x000000000800a8b0                sin
 .text.atan2f   0x000000000800a960        0x4 C:/ST/STM32CubeIDE_1.14.0/STM32CubeIDE/plugins/com.st.stm32cube.ide.mcu.externaltools.gnu-tools-for-stm32.11.3.rel1.win32_1.1.100.202309141235/tools/bin/../lib/gcc/arm-none-eabi/11.3.1/../../../../arm-none-eabi/lib/thumb/v7e-m+fp/hard\libm.a(libm_a-wf_atan2.o)
                0x000000000800a960                atan2f
 .text.sqrtf    0x000000000800a964       0x3c C:/ST/STM32CubeIDE_1.14.0/STM32CubeIDE/plugins/com.st.stm32cube.ide.mcu.externaltools.gnu-tools-for-stm32.11.3.rel1.win32_1.1.100.202309141235/tools/bin/../lib/gcc/arm-none-eabi/11.3.1/../../../../arm-none-eabi/lib/thumb/v7e-m+fp/hard\libm.a(libm_a-wf_sqrt.o)
                0x000000000800a964                sqrtf
 .text.cosf     0x000000000800a9a0       0x88 C:/ST/STM32CubeIDE_1.14.0/STM32CubeIDE/plugins/com.st.stm32cube.ide.mcu.externaltools.gnu-tools-for-stm32.11.3.rel1.win32_1.1.100.202309141235/tools/bin/../lib/gcc/arm-none-eabi/11.3.1/../../../../arm-none-eabi/lib/thumb/v7e-m+fp/hard\libm.a(libm_a-sf_cos.o)
                0x000000000800a9a0                cosf
 .text.sinf     0x000000000800aa28       0x8c C:/ST/STM32CubeIDE_1.14.0/STM32CubeIDE/plugins/com.st.stm32cube.ide.mcu.externaltools.gnu-tools-for-stm32.11.3.rel1.win32_1.1.100.202309141235/tools/bin/../lib/gcc/arm-none-eabi/11.3.1/../../../../arm-none-eabi/lib/thumb/v7e-m+fp/hard\libm.a(libm_a-sf_sin.o)
                0x000000000800aa28                sinf
 .text.finite   0x000000000800aab4       0x16 C:/ST/STM32CubeIDE_1.14.0/STM32CubeIDE/plugins/com.st.stm32cube.ide.mcu.externaltools.gnu-tools-for-stm32.11.3.rel1.win32_1.1.100.202309141235/tools/bin/../lib/gcc/arm-none-eabi/11.3.1/../../../../arm-none-eabi/lib/thumb/v7e-m+fp/hard\libm.a(libm_a-s_finite.o)
                0x000000000800aab4                finite
 *fill*         0x000000000800aaca        0x6 
 .text.nan      0x000000000800aad0       0x10 C:/ST/STM32CubeIDE_1.14.0/STM32CubeIDE/plugins/com.st.stm32cube.ide.mcu.externaltools.gnu-tools-for-stm32.11.3.rel1.win32_1.1.100.202309141235/tools/bin/../lib/gcc/arm-none-eabi/11.3.1/../../../../arm-none-eabi/lib/thumb/v7e-m+fp/hard\libm.a(libm_a-s_nan.o)
                0x000000000800aad0                nan
 .text.__ieee754_sqrt
                0x000000000800aae0      0x1b4 C:/ST/STM32CubeIDE_1.14.0/STM32CubeIDE/plugins/com.st.stm32cube.ide.mcu.externaltools.gnu-tools-for-stm32.11.3.rel1.win32_1.1.100.202309141235/tools/bin/../lib/gcc/arm-none-eabi/11.3.1/../../../../arm-none-eabi/lib/thumb/v7e-m+fp/hard\libm.a(libm_a-e_sqrt.o)
                0x000000000800aae0                __ieee754_sqrt
 .text.__ieee754_sqrtf
                0x000000000800ac94        0x6 C:/ST/STM32CubeIDE_1.14.0/STM32CubeIDE/plugins/com.st.stm32cube.ide.mcu.externaltools.gnu-tools-for-stm32.11.3.rel1.win32_1.1.100.202309141235/tools/bin/../lib/gcc/arm-none-eabi/11.3.1/../../../../arm-none-eabi/lib/thumb/v7e-m+fp/hard\libm.a(libm_a-ef_sqrt.o)
                0x000000000800ac94                __ieee754_sqrtf
 *fill*         0x000000000800ac9a        0x6 
 .text.__kernel_cos
                0x000000000800aca0      0x18c C:/ST/STM32CubeIDE_1.14.0/STM32CubeIDE/plugins/com.st.stm32cube.ide.mcu.externaltools.gnu-tools-for-stm32.11.3.rel1.win32_1.1.100.202309141235/tools/bin/../lib/gcc/arm-none-eabi/11.3.1/../../../../arm-none-eabi/lib/thumb/v7e-m+fp/hard\libm.a(libm_a-k_cos.o)
                0x000000000800aca0                __kernel_cos
 *fill*         0x000000000800ae2c        0x4 
 .text.__kernel_sin
                0x000000000800ae30      0x17c C:/ST/STM32CubeIDE_1.14.0/STM32CubeIDE/plugins/com.st.stm32cube.ide.mcu.externaltools.gnu-tools-for-stm32.11.3.rel1.win32_1.1.100.202309141235/tools/bin/../lib/gcc/arm-none-eabi/11.3.1/../../../../arm-none-eabi/lib/thumb/v7e-m+fp/hard\libm.a(libm_a-k_sin.o)
                0x000000000800ae30                __kernel_sin
 *fill*         0x000000000800afac        0x4 
 .text.__ieee754_asin
                0x000000000800afb0      0x428 C:/ST/STM32CubeIDE_1.14.0/STM32CubeIDE/plugins/com.st.stm32cube.ide.mcu.externaltools.gnu-tools-for-stm32.11.3.rel1.win32_1.1.100.202309141235/tools/bin/../lib/gcc/arm-none-eabi/11.3.1/../../../../arm-none-eabi/lib/thumb/v7e-m+fp/hard\libm.a(libm_a-e_asin.o)
                0x000000000800afb0                __ieee754_asin
 .text.__ieee754_atan2
                0x000000000800b3d8      0x18c C:/ST/STM32CubeIDE_1.14.0/STM32CubeIDE/plugins/com.st.stm32cube.ide.mcu.externaltools.gnu-tools-for-stm32.11.3.rel1.win32_1.1.100.202309141235/tools/bin/../lib/gcc/arm-none-eabi/11.3.1/../../../../arm-none-eabi/lib/thumb/v7e-m+fp/hard\libm.a(libm_a-e_atan2.o)
                0x000000000800b3d8                __ieee754_atan2
 .text.__ieee754_fmod
                0x000000000800b564      0x21c C:/ST/STM32CubeIDE_1.14.0/STM32CubeIDE/plugins/com.st.stm32cube.ide.mcu.externaltools.gnu-tools-for-stm32.11.3.rel1.win32_1.1.100.202309141235/tools/bin/../lib/gcc/arm-none-eabi/11.3.1/../../../../arm-none-eabi/lib/thumb/v7e-m+fp/hard\libm.a(libm_a-e_fmod.o)
                0x000000000800b564                __ieee754_fmod
 .text.__ieee754_pow
                0x000000000800b780      0xa54 C:/ST/STM32CubeIDE_1.14.0/STM32CubeIDE/plugins/com.st.stm32cube.ide.mcu.externaltools.gnu-tools-for-stm32.11.3.rel1.win32_1.1.100.202309141235/tools/bin/../lib/gcc/arm-none-eabi/11.3.1/../../../../arm-none-eabi/lib/thumb/v7e-m+fp/hard\libm.a(libm_a-e_pow.o)
                0x000000000800b780                __ieee754_pow
 *fill*         0x000000000800c1d4        0x4 
 .text.__ieee754_rem_pio2
                0x000000000800c1d8      0x40c C:/ST/STM32CubeIDE_1.14.0/STM32CubeIDE/plugins/com.st.stm32cube.ide.mcu.externaltools.gnu-tools-for-stm32.11.3.rel1.win32_1.1.100.202309141235/tools/bin/../lib/gcc/arm-none-eabi/11.3.1/../../../../arm-none-eabi/lib/thumb/v7e-m+fp/hard\libm.a(libm_a-e_rem_pio2.o)
                0x000000000800c1d8                __ieee754_rem_pio2
 *fill*         0x000000000800c5e4        0x4 
 .text.atan     0x000000000800c5e8      0x340 C:/ST/STM32CubeIDE_1.14.0/STM32CubeIDE/plugins/com.st.stm32cube.ide.mcu.externaltools.gnu-tools-for-stm32.11.3.rel1.win32_1.1.100.202309141235/tools/bin/../lib/gcc/arm-none-eabi/11.3.1/../../../../arm-none-eabi/lib/thumb/v7e-m+fp/hard\libm.a(libm_a-s_atan.o)
                0x000000000800c5e8                atan
 .text.__kernel_cosf
                0x000000000800c928       0xbc C:/ST/STM32CubeIDE_1.14.0/STM32CubeIDE/plugins/com.st.stm32cube.ide.mcu.externaltools.gnu-tools-for-stm32.11.3.rel1.win32_1.1.100.202309141235/tools/bin/../lib/gcc/arm-none-eabi/11.3.1/../../../../arm-none-eabi/lib/thumb/v7e-m+fp/hard\libm.a(libm_a-kf_cos.o)
                0x000000000800c928                __kernel_cosf
 .text.__kernel_sinf
                0x000000000800c9e4       0x90 C:/ST/STM32CubeIDE_1.14.0/STM32CubeIDE/plugins/com.st.stm32cube.ide.mcu.externaltools.gnu-tools-for-stm32.11.3.rel1.win32_1.1.100.202309141235/tools/bin/../lib/gcc/arm-none-eabi/11.3.1/../../../../arm-none-eabi/lib/thumb/v7e-m+fp/hard\libm.a(libm_a-kf_sin.o)
                0x000000000800c9e4                __kernel_sinf
 .text.__ieee754_atan2f
                0x000000000800ca74      0x140 C:/ST/STM32CubeIDE_1.14.0/STM32CubeIDE/plugins/com.st.stm32cube.ide.mcu.externaltools.gnu-tools-for-stm32.11.3.rel1.win32_1.1.100.202309141235/tools/bin/../lib/gcc/arm-none-eabi/11.3.1/../../../../arm-none-eabi/lib/thumb/v7e-m+fp/hard\libm.a(libm_a-ef_atan2.o)
                0x000000000800ca74                __ieee754_atan2f
 .text.__ieee754_rem_pio2f
                0x000000000800cbb4      0x258 C:/ST/STM32CubeIDE_1.14.0/STM32CubeIDE/plugins/com.st.stm32cube.ide.mcu.externaltools.gnu-tools-for-stm32.11.3.rel1.win32_1.1.100.202309141235/tools/bin/../lib/gcc/arm-none-eabi/11.3.1/../../../../arm-none-eabi/lib/thumb/v7e-m+fp/hard\libm.a(libm_a-ef_rem_pio2.o)
                0x000000000800cbb4                __ieee754_rem_pio2f
 .text.atanf    0x000000000800ce0c      0x1a8 C:/ST/STM32CubeIDE_1.14.0/STM32CubeIDE/plugins/com.st.stm32cube.ide.mcu.externaltools.gnu-tools-for-stm32.11.3.rel1.win32_1.1.100.202309141235/tools/bin/../lib/gcc/arm-none-eabi/11.3.1/../../../../arm-none-eabi/lib/thumb/v7e-m+fp/hard\libm.a(libm_a-sf_atan.o)
                0x000000000800ce0c                atanf
 .text.fabsf    0x000000000800cfb4        0xe C:/ST/STM32CubeIDE_1.14.0/STM32CubeIDE/plugins/com.st.stm32cube.ide.mcu.externaltools.gnu-tools-for-stm32.11.3.rel1.win32_1.1.100.202309141235/tools/bin/../lib/gcc/arm-none-eabi/11.3.1/../../../../arm-none-eabi/lib/thumb/v7e-m+fp/hard\libm.a(libm_a-sf_fabs.o)
                0x000000000800cfb4                fabsf
 *fill*         0x000000000800cfc2        0x6 
 .text.scalbn   0x000000000800cfc8       0xfc C:/ST/STM32CubeIDE_1.14.0/STM32CubeIDE/plugins/com.st.stm32cube.ide.mcu.externaltools.gnu-tools-for-stm32.11.3.rel1.win32_1.1.100.202309141235/tools/bin/../lib/gcc/arm-none-eabi/11.3.1/../../../../arm-none-eabi/lib/thumb/v7e-m+fp/hard\libm.a(libm_a-s_scalbn.o)
                0x000000000800cfc8                scalbn
 .text.with_errno
                0x000000000800d0c4       0x14 C:/ST/STM32CubeIDE_1.14.0/STM32CubeIDE/plugins/com.st.stm32cube.ide.mcu.externaltools.gnu-tools-for-stm32.11.3.rel1.win32_1.1.100.202309141235/tools/bin/../lib/gcc/arm-none-eabi/11.3.1/../../../../arm-none-eabi/lib/thumb/v7e-m+fp/hard\libm.a(libm_a-math_err.o)
 .text.xflow    0x000000000800d0d8       0x28 C:/ST/STM32CubeIDE_1.14.0/STM32CubeIDE/plugins/com.st.stm32cube.ide.mcu.externaltools.gnu-tools-for-stm32.11.3.rel1.win32_1.1.100.202309141235/tools/bin/../lib/gcc/arm-none-eabi/11.3.1/../../../../arm-none-eabi/lib/thumb/v7e-m+fp/hard\libm.a(libm_a-math_err.o)
 .text.__math_uflow
                0x000000000800d100       0x12 C:/ST/STM32CubeIDE_1.14.0/STM32CubeIDE/plugins/com.st.stm32cube.ide.mcu.externaltools.gnu-tools-for-stm32.11.3.rel1.win32_1.1.100.202309141235/tools/bin/../lib/gcc/arm-none-eabi/11.3.1/../../../../arm-none-eabi/lib/thumb/v7e-m+fp/hard\libm.a(libm_a-math_err.o)
                0x000000000800d100                __math_uflow
 .text.__math_oflow
                0x000000000800d112       0x12 C:/ST/STM32CubeIDE_1.14.0/STM32CubeIDE/plugins/com.st.stm32cube.ide.mcu.externaltools.gnu-tools-for-stm32.11.3.rel1.win32_1.1.100.202309141235/tools/bin/../lib/gcc/arm-none-eabi/11.3.1/../../../../arm-none-eabi/lib/thumb/v7e-m+fp/hard\libm.a(libm_a-math_err.o)
                0x000000000800d112                __math_oflow
 *fill*         0x000000000800d124        0x4 
 .text.__kernel_rem_pio2
                0x000000000800d128      0x69c C:/ST/STM32CubeIDE_1.14.0/STM32CubeIDE/plugins/com.st.stm32cube.ide.mcu.externaltools.gnu-tools-for-stm32.11.3.rel1.win32_1.1.100.202309141235/tools/bin/../lib/gcc/arm-none-eabi/11.3.1/../../../../arm-none-eabi/lib/thumb/v7e-m+fp/hard\libm.a(libm_a-k_rem_pio2.o)
                0x000000000800d128                __kernel_rem_pio2
 .text.__kernel_rem_pio2f
                0x000000000800d7c4      0x4e4 C:/ST/STM32CubeIDE_1.14.0/STM32CubeIDE/plugins/com.st.stm32cube.ide.mcu.externaltools.gnu-tools-for-stm32.11.3.rel1.win32_1.1.100.202309141235/tools/bin/../lib/gcc/arm-none-eabi/11.3.1/../../../../arm-none-eabi/lib/thumb/v7e-m+fp/hard\libm.a(libm_a-kf_rem_pio2.o)
                0x000000000800d7c4                __kernel_rem_pio2f
 .text.scalbnf  0x000000000800dca8       0xcc C:/ST/STM32CubeIDE_1.14.0/STM32CubeIDE/plugins/com.st.stm32cube.ide.mcu.externaltools.gnu-tools-for-stm32.11.3.rel1.win32_1.1.100.202309141235/tools/bin/../lib/gcc/arm-none-eabi/11.3.1/../../../../arm-none-eabi/lib/thumb/v7e-m+fp/hard\libm.a(libm_a-sf_scalbn.o)
                0x000000000800dca8                scalbnf
 *fill*         0x000000000800dd74        0x4 
 .text.floor    0x000000000800dd78      0x100 C:/ST/STM32CubeIDE_1.14.0/STM32CubeIDE/plugins/com.st.stm32cube.ide.mcu.externaltools.gnu-tools-for-stm32.11.3.rel1.win32_1.1.100.202309141235/tools/bin/../lib/gcc/arm-none-eabi/11.3.1/../../../../arm-none-eabi/lib/thumb/v7e-m+fp/hard\libm.a(libm_a-s_floor.o)
                0x000000000800dd78                floor
 .text.floorf   0x000000000800de78       0x84 C:/ST/STM32CubeIDE_1.14.0/STM32CubeIDE/plugins/com.st.stm32cube.ide.mcu.externaltools.gnu-tools-for-stm32.11.3.rel1.win32_1.1.100.202309141235/tools/bin/../lib/gcc/arm-none-eabi/11.3.1/../../../../arm-none-eabi/lib/thumb/v7e-m+fp/hard\libm.a(libm_a-sf_floor.o)
                0x000000000800de78                floorf
 .text.sulp     0x000000000800defc       0x38 C:/ST/STM32CubeIDE_1.14.0/STM32CubeIDE/plugins/com.st.stm32cube.ide.mcu.externaltools.gnu-tools-for-stm32.11.3.rel1.win32_1.1.100.202309141235/tools/bin/../lib/gcc/arm-none-eabi/11.3.1/../../../../arm-none-eabi/lib/thumb/v7e-m+fp/hard\libc_nano.a(libc_a-strtod.o)
 *fill*         0x000000000800df34        0x4 
 .text._strtod_l
                0x000000000800df38      0xbe0 C:/ST/STM32CubeIDE_1.14.0/STM32CubeIDE/plugins/com.st.stm32cube.ide.mcu.externaltools.gnu-tools-for-stm32.11.3.rel1.win32_1.1.100.202309141235/tools/bin/../lib/gcc/arm-none-eabi/11.3.1/../../../../arm-none-eabi/lib/thumb/v7e-m+fp/hard\libc_nano.a(libc_a-strtod.o)
                0x000000000800df38                _strtod_l
 .text.strtod   0x000000000800eb18       0x18 C:/ST/STM32CubeIDE_1.14.0/STM32CubeIDE/plugins/com.st.stm32cube.ide.mcu.externaltools.gnu-tools-for-stm32.11.3.rel1.win32_1.1.100.202309141235/tools/bin/../lib/gcc/arm-none-eabi/11.3.1/../../../../arm-none-eabi/lib/thumb/v7e-m+fp/hard\libc_nano.a(libc_a-strtod.o)
                0x000000000800eb18                strtod
 .text.std      0x000000000800eb30       0x6c C:/ST/STM32CubeIDE_1.14.0/STM32CubeIDE/plugins/com.st.stm32cube.ide.mcu.externaltools.gnu-tools-for-stm32.11.3.rel1.win32_1.1.100.202309141235/tools/bin/../lib/gcc/arm-none-eabi/11.3.1/../../../../arm-none-eabi/lib/thumb/v7e-m+fp/hard\libc_nano.a(libc_a-findfp.o)
 .text.stdio_exit_handler
                0x000000000800eb9c       0x18 C:/ST/STM32CubeIDE_1.14.0/STM32CubeIDE/plugins/com.st.stm32cube.ide.mcu.externaltools.gnu-tools-for-stm32.11.3.rel1.win32_1.1.100.202309141235/tools/bin/../lib/gcc/arm-none-eabi/11.3.1/../../../../arm-none-eabi/lib/thumb/v7e-m+fp/hard\libc_nano.a(libc_a-findfp.o)
 .text.cleanup_stdio
                0x000000000800ebb4       0x40 C:/ST/STM32CubeIDE_1.14.0/STM32CubeIDE/plugins/com.st.stm32cube.ide.mcu.externaltools.gnu-tools-for-stm32.11.3.rel1.win32_1.1.100.202309141235/tools/bin/../lib/gcc/arm-none-eabi/11.3.1/../../../../arm-none-eabi/lib/thumb/v7e-m+fp/hard\libc_nano.a(libc_a-findfp.o)
 .text.global_stdio_init.part.0
                0x000000000800ebf4       0x3c C:/ST/STM32CubeIDE_1.14.0/STM32CubeIDE/plugins/com.st.stm32cube.ide.mcu.externaltools.gnu-tools-for-stm32.11.3.rel1.win32_1.1.100.202309141235/tools/bin/../lib/gcc/arm-none-eabi/11.3.1/../../../../arm-none-eabi/lib/thumb/v7e-m+fp/hard\libc_nano.a(libc_a-findfp.o)
 .text.__sfp_lock_acquire
                0x000000000800ec30        0xc C:/ST/STM32CubeIDE_1.14.0/STM32CubeIDE/plugins/com.st.stm32cube.ide.mcu.externaltools.gnu-tools-for-stm32.11.3.rel1.win32_1.1.100.202309141235/tools/bin/../lib/gcc/arm-none-eabi/11.3.1/../../../../arm-none-eabi/lib/thumb/v7e-m+fp/hard\libc_nano.a(libc_a-findfp.o)
                0x000000000800ec30                __sfp_lock_acquire
 .text.__sfp_lock_release
                0x000000000800ec3c        0xc C:/ST/STM32CubeIDE_1.14.0/STM32CubeIDE/plugins/com.st.stm32cube.ide.mcu.externaltools.gnu-tools-for-stm32.11.3.rel1.win32_1.1.100.202309141235/tools/bin/../lib/gcc/arm-none-eabi/11.3.1/../../../../arm-none-eabi/lib/thumb/v7e-m+fp/hard\libc_nano.a(libc_a-findfp.o)
                0x000000000800ec3c                __sfp_lock_release
 .text.__sinit  0x000000000800ec48       0x30 C:/ST/STM32CubeIDE_1.14.0/STM32CubeIDE/plugins/com.st.stm32cube.ide.mcu.externaltools.gnu-tools-for-stm32.11.3.rel1.win32_1.1.100.202309141235/tools/bin/../lib/gcc/arm-none-eabi/11.3.1/../../../../arm-none-eabi/lib/thumb/v7e-m+fp/hard\libc_nano.a(libc_a-findfp.o)
                0x000000000800ec48                __sinit
 .text._fwalk_sglue
                0x000000000800ec78       0x3c C:/ST/STM32CubeIDE_1.14.0/STM32CubeIDE/plugins/com.st.stm32cube.ide.mcu.externaltools.gnu-tools-for-stm32.11.3.rel1.win32_1.1.100.202309141235/tools/bin/../lib/gcc/arm-none-eabi/11.3.1/../../../../arm-none-eabi/lib/thumb/v7e-m+fp/hard\libc_nano.a(libc_a-fwalk.o)
                0x000000000800ec78                _fwalk_sglue
 .text.__sread  0x000000000800ecb4       0x22 C:/ST/STM32CubeIDE_1.14.0/STM32CubeIDE/plugins/com.st.stm32cube.ide.mcu.externaltools.gnu-tools-for-stm32.11.3.rel1.win32_1.1.100.202309141235/tools/bin/../lib/gcc/arm-none-eabi/11.3.1/../../../../arm-none-eabi/lib/thumb/v7e-m+fp/hard\libc_nano.a(libc_a-stdio.o)
                0x000000000800ecb4                __sread
 .text.__swrite
                0x000000000800ecd6       0x38 C:/ST/STM32CubeIDE_1.14.0/STM32CubeIDE/plugins/com.st.stm32cube.ide.mcu.externaltools.gnu-tools-for-stm32.11.3.rel1.win32_1.1.100.202309141235/tools/bin/../lib/gcc/arm-none-eabi/11.3.1/../../../../arm-none-eabi/lib/thumb/v7e-m+fp/hard\libc_nano.a(libc_a-stdio.o)
                0x000000000800ecd6                __swrite
 .text.__sseek  0x000000000800ed0e       0x24 C:/ST/STM32CubeIDE_1.14.0/STM32CubeIDE/plugins/com.st.stm32cube.ide.mcu.externaltools.gnu-tools-for-stm32.11.3.rel1.win32_1.1.100.202309141235/tools/bin/../lib/gcc/arm-none-eabi/11.3.1/../../../../arm-none-eabi/lib/thumb/v7e-m+fp/hard\libc_nano.a(libc_a-stdio.o)
                0x000000000800ed0e                __sseek
 .text.__sclose
                0x000000000800ed32        0x8 C:/ST/STM32CubeIDE_1.14.0/STM32CubeIDE/plugins/com.st.stm32cube.ide.mcu.externaltools.gnu-tools-for-stm32.11.3.rel1.win32_1.1.100.202309141235/tools/bin/../lib/gcc/arm-none-eabi/11.3.1/../../../../arm-none-eabi/lib/thumb/v7e-m+fp/hard\libc_nano.a(libc_a-stdio.o)
                0x000000000800ed32                __sclose
 .text.memset   0x000000000800ed3a       0x10 C:/ST/STM32CubeIDE_1.14.0/STM32CubeIDE/plugins/com.st.stm32cube.ide.mcu.externaltools.gnu-tools-for-stm32.11.3.rel1.win32_1.1.100.202309141235/tools/bin/../lib/gcc/arm-none-eabi/11.3.1/../../../../arm-none-eabi/lib/thumb/v7e-m+fp/hard\libc_nano.a(libc_a-memset.o)
                0x000000000800ed3a                memset
 .text.strncmp  0x000000000800ed4a       0x24 C:/ST/STM32CubeIDE_1.14.0/STM32CubeIDE/plugins/com.st.stm32cube.ide.mcu.externaltools.gnu-tools-for-stm32.11.3.rel1.win32_1.1.100.202309141235/tools/bin/../lib/gcc/arm-none-eabi/11.3.1/../../../../arm-none-eabi/lib/thumb/v7e-m+fp/hard\libc_nano.a(libc_a-strncmp.o)
                0x000000000800ed4a                strncmp
 *fill*         0x000000000800ed6e        0x2 
 .text._close_r
                0x000000000800ed70       0x20 C:/ST/STM32CubeIDE_1.14.0/STM32CubeIDE/plugins/com.st.stm32cube.ide.mcu.externaltools.gnu-tools-for-stm32.11.3.rel1.win32_1.1.100.202309141235/tools/bin/../lib/gcc/arm-none-eabi/11.3.1/../../../../arm-none-eabi/lib/thumb/v7e-m+fp/hard\libc_nano.a(libc_a-closer.o)
                0x000000000800ed70                _close_r
 .text._lseek_r
                0x000000000800ed90       0x24 C:/ST/STM32CubeIDE_1.14.0/STM32CubeIDE/plugins/com.st.stm32cube.ide.mcu.externaltools.gnu-tools-for-stm32.11.3.rel1.win32_1.1.100.202309141235/tools/bin/../lib/gcc/arm-none-eabi/11.3.1/../../../../arm-none-eabi/lib/thumb/v7e-m+fp/hard\libc_nano.a(libc_a-lseekr.o)
                0x000000000800ed90                _lseek_r
 .text._read_r  0x000000000800edb4       0x24 C:/ST/STM32CubeIDE_1.14.0/STM32CubeIDE/plugins/com.st.stm32cube.ide.mcu.externaltools.gnu-tools-for-stm32.11.3.rel1.win32_1.1.100.202309141235/tools/bin/../lib/gcc/arm-none-eabi/11.3.1/../../../../arm-none-eabi/lib/thumb/v7e-m+fp/hard\libc_nano.a(libc_a-readr.o)
                0x000000000800edb4                _read_r
 .text._write_r
                0x000000000800edd8       0x24 C:/ST/STM32CubeIDE_1.14.0/STM32CubeIDE/plugins/com.st.stm32cube.ide.mcu.externaltools.gnu-tools-for-stm32.11.3.rel1.win32_1.1.100.202309141235/tools/bin/../lib/gcc/arm-none-eabi/11.3.1/../../../../arm-none-eabi/lib/thumb/v7e-m+fp/hard\libc_nano.a(libc_a-writer.o)
                0x000000000800edd8                _write_r
 .text.__errno  0x000000000800edfc        0xc C:/ST/STM32CubeIDE_1.14.0/STM32CubeIDE/plugins/com.st.stm32cube.ide.mcu.externaltools.gnu-tools-for-stm32.11.3.rel1.win32_1.1.100.202309141235/tools/bin/../lib/gcc/arm-none-eabi/11.3.1/../../../../arm-none-eabi/lib/thumb/v7e-m+fp/hard\libc_nano.a(libc_a-errno.o)
                0x000000000800edfc                __errno
 .text.__libc_init_array
                0x000000000800ee08       0x48 C:/ST/STM32CubeIDE_1.14.0/STM32CubeIDE/plugins/com.st.stm32cube.ide.mcu.externaltools.gnu-tools-for-stm32.11.3.rel1.win32_1.1.100.202309141235/tools/bin/../lib/gcc/arm-none-eabi/11.3.1/../../../../arm-none-eabi/lib/thumb/v7e-m+fp/hard\libc_nano.a(libc_a-init.o)
                0x000000000800ee08                __libc_init_array
 .text.__retarget_lock_init_recursive
                0x000000000800ee50        0x2 C:/ST/STM32CubeIDE_1.14.0/STM32CubeIDE/plugins/com.st.stm32cube.ide.mcu.externaltools.gnu-tools-for-stm32.11.3.rel1.win32_1.1.100.202309141235/tools/bin/../lib/gcc/arm-none-eabi/11.3.1/../../../../arm-none-eabi/lib/thumb/v7e-m+fp/hard\libc_nano.a(libc_a-lock.o)
                0x000000000800ee50                __retarget_lock_init_recursive
 .text.__retarget_lock_acquire_recursive
                0x000000000800ee52        0x2 C:/ST/STM32CubeIDE_1.14.0/STM32CubeIDE/plugins/com.st.stm32cube.ide.mcu.externaltools.gnu-tools-for-stm32.11.3.rel1.win32_1.1.100.202309141235/tools/bin/../lib/gcc/arm-none-eabi/11.3.1/../../../../arm-none-eabi/lib/thumb/v7e-m+fp/hard\libc_nano.a(libc_a-lock.o)
                0x000000000800ee52                __retarget_lock_acquire_recursive
 .text.__retarget_lock_release_recursive
                0x000000000800ee54        0x2 C:/ST/STM32CubeIDE_1.14.0/STM32CubeIDE/plugins/com.st.stm32cube.ide.mcu.externaltools.gnu-tools-for-stm32.11.3.rel1.win32_1.1.100.202309141235/tools/bin/../lib/gcc/arm-none-eabi/11.3.1/../../../../arm-none-eabi/lib/thumb/v7e-m+fp/hard\libc_nano.a(libc_a-lock.o)
                0x000000000800ee54                __retarget_lock_release_recursive
 .text.memcpy   0x000000000800ee56       0x1c C:/ST/STM32CubeIDE_1.14.0/STM32CubeIDE/plugins/com.st.stm32cube.ide.mcu.externaltools.gnu-tools-for-stm32.11.3.rel1.win32_1.1.100.202309141235/tools/bin/../lib/gcc/arm-none-eabi/11.3.1/../../../../arm-none-eabi/lib/thumb/v7e-m+fp/hard\libc_nano.a(libc_a-memcpy-stub.o)
                0x000000000800ee56                memcpy
 *fill*         0x000000000800ee72        0x2 
 .text._free_r  0x000000000800ee74       0x98 C:/ST/STM32CubeIDE_1.14.0/STM32CubeIDE/plugins/com.st.stm32cube.ide.mcu.externaltools.gnu-tools-for-stm32.11.3.rel1.win32_1.1.100.202309141235/tools/bin/../lib/gcc/arm-none-eabi/11.3.1/../../../../arm-none-eabi/lib/thumb/v7e-m+fp/hard\libc_nano.a(libc_a-freer.o)
                0x000000000800ee74                _free_r
 .text.rshift   0x000000000800ef0c       0xa4 C:/ST/STM32CubeIDE_1.14.0/STM32CubeIDE/plugins/com.st.stm32cube.ide.mcu.externaltools.gnu-tools-for-stm32.11.3.rel1.win32_1.1.100.202309141235/tools/bin/../lib/gcc/arm-none-eabi/11.3.1/../../../../arm-none-eabi/lib/thumb/v7e-m+fp/hard\libc_nano.a(libc_a-gdtoa-gethex.o)
 .text.__hexdig_fun
                0x000000000800efb0       0x2a C:/ST/STM32CubeIDE_1.14.0/STM32CubeIDE/plugins/com.st.stm32cube.ide.mcu.externaltools.gnu-tools-for-stm32.11.3.rel1.win32_1.1.100.202309141235/tools/bin/../lib/gcc/arm-none-eabi/11.3.1/../../../../arm-none-eabi/lib/thumb/v7e-m+fp/hard\libc_nano.a(libc_a-gdtoa-gethex.o)
                0x000000000800efb0                __hexdig_fun
 *fill*         0x000000000800efda        0x2 
 .text.__gethex
                0x000000000800efdc      0x45c C:/ST/STM32CubeIDE_1.14.0/STM32CubeIDE/plugins/com.st.stm32cube.ide.mcu.externaltools.gnu-tools-for-stm32.11.3.rel1.win32_1.1.100.202309141235/tools/bin/../lib/gcc/arm-none-eabi/11.3.1/../../../../arm-none-eabi/lib/thumb/v7e-m+fp/hard\libc_nano.a(libc_a-gdtoa-gethex.o)
                0x000000000800efdc                __gethex
 .text.L_shift  0x000000000800f438       0x24 C:/ST/STM32CubeIDE_1.14.0/STM32CubeIDE/plugins/com.st.stm32cube.ide.mcu.externaltools.gnu-tools-for-stm32.11.3.rel1.win32_1.1.100.202309141235/tools/bin/../lib/gcc/arm-none-eabi/11.3.1/../../../../arm-none-eabi/lib/thumb/v7e-m+fp/hard\libc_nano.a(libc_a-gdtoa-hexnan.o)
 .text.__match  0x000000000800f45c       0x28 C:/ST/STM32CubeIDE_1.14.0/STM32CubeIDE/plugins/com.st.stm32cube.ide.mcu.externaltools.gnu-tools-for-stm32.11.3.rel1.win32_1.1.100.202309141235/tools/bin/../lib/gcc/arm-none-eabi/11.3.1/../../../../arm-none-eabi/lib/thumb/v7e-m+fp/hard\libc_nano.a(libc_a-gdtoa-hexnan.o)
                0x000000000800f45c                __match
 .text.__hexnan
                0x000000000800f484      0x136 C:/ST/STM32CubeIDE_1.14.0/STM32CubeIDE/plugins/com.st.stm32cube.ide.mcu.externaltools.gnu-tools-for-stm32.11.3.rel1.win32_1.1.100.202309141235/tools/bin/../lib/gcc/arm-none-eabi/11.3.1/../../../../arm-none-eabi/lib/thumb/v7e-m+fp/hard\libc_nano.a(libc_a-gdtoa-hexnan.o)
                0x000000000800f484                __hexnan
 *fill*         0x000000000800f5ba        0x2 
 .text.sbrk_aligned
                0x000000000800f5bc       0x40 C:/ST/STM32CubeIDE_1.14.0/STM32CubeIDE/plugins/com.st.stm32cube.ide.mcu.externaltools.gnu-tools-for-stm32.11.3.rel1.win32_1.1.100.202309141235/tools/bin/../lib/gcc/arm-none-eabi/11.3.1/../../../../arm-none-eabi/lib/thumb/v7e-m+fp/hard\libc_nano.a(libc_a-mallocr.o)
 .text._malloc_r
                0x000000000800f5fc      0x100 C:/ST/STM32CubeIDE_1.14.0/STM32CubeIDE/plugins/com.st.stm32cube.ide.mcu.externaltools.gnu-tools-for-stm32.11.3.rel1.win32_1.1.100.202309141235/tools/bin/../lib/gcc/arm-none-eabi/11.3.1/../../../../arm-none-eabi/lib/thumb/v7e-m+fp/hard\libc_nano.a(libc_a-mallocr.o)
                0x000000000800f5fc                _malloc_r
 .text.__ascii_mbtowc
                0x000000000800f6fc       0x24 C:/ST/STM32CubeIDE_1.14.0/STM32CubeIDE/plugins/com.st.stm32cube.ide.mcu.externaltools.gnu-tools-for-stm32.11.3.rel1.win32_1.1.100.202309141235/tools/bin/../lib/gcc/arm-none-eabi/11.3.1/../../../../arm-none-eabi/lib/thumb/v7e-m+fp/hard\libc_nano.a(libc_a-mbtowc_r.o)
                0x000000000800f6fc                __ascii_mbtowc
 .text.__malloc_lock
                0x000000000800f720        0xc C:/ST/STM32CubeIDE_1.14.0/STM32CubeIDE/plugins/com.st.stm32cube.ide.mcu.externaltools.gnu-tools-for-stm32.11.3.rel1.win32_1.1.100.202309141235/tools/bin/../lib/gcc/arm-none-eabi/11.3.1/../../../../arm-none-eabi/lib/thumb/v7e-m+fp/hard\libc_nano.a(libc_a-mlock.o)
                0x000000000800f720                __malloc_lock
 .text.__malloc_unlock
                0x000000000800f72c        0xc C:/ST/STM32CubeIDE_1.14.0/STM32CubeIDE/plugins/com.st.stm32cube.ide.mcu.externaltools.gnu-tools-for-stm32.11.3.rel1.win32_1.1.100.202309141235/tools/bin/../lib/gcc/arm-none-eabi/11.3.1/../../../../arm-none-eabi/lib/thumb/v7e-m+fp/hard\libc_nano.a(libc_a-mlock.o)
                0x000000000800f72c                __malloc_unlock
 .text._Balloc  0x000000000800f738       0x80 C:/ST/STM32CubeIDE_1.14.0/STM32CubeIDE/plugins/com.st.stm32cube.ide.mcu.externaltools.gnu-tools-for-stm32.11.3.rel1.win32_1.1.100.202309141235/tools/bin/../lib/gcc/arm-none-eabi/11.3.1/../../../../arm-none-eabi/lib/thumb/v7e-m+fp/hard\libc_nano.a(libc_a-mprec.o)
                0x000000000800f738                _Balloc
 .text._Bfree   0x000000000800f7b8       0x44 C:/ST/STM32CubeIDE_1.14.0/STM32CubeIDE/plugins/com.st.stm32cube.ide.mcu.externaltools.gnu-tools-for-stm32.11.3.rel1.win32_1.1.100.202309141235/tools/bin/../lib/gcc/arm-none-eabi/11.3.1/../../../../arm-none-eabi/lib/thumb/v7e-m+fp/hard\libc_nano.a(libc_a-mprec.o)
                0x000000000800f7b8                _Bfree
 .text.__multadd
                0x000000000800f7fc       0x8c C:/ST/STM32CubeIDE_1.14.0/STM32CubeIDE/plugins/com.st.stm32cube.ide.mcu.externaltools.gnu-tools-for-stm32.11.3.rel1.win32_1.1.100.202309141235/tools/bin/../lib/gcc/arm-none-eabi/11.3.1/../../../../arm-none-eabi/lib/thumb/v7e-m+fp/hard\libc_nano.a(libc_a-mprec.o)
                0x000000000800f7fc                __multadd
 .text.__s2b    0x000000000800f888       0x94 C:/ST/STM32CubeIDE_1.14.0/STM32CubeIDE/plugins/com.st.stm32cube.ide.mcu.externaltools.gnu-tools-for-stm32.11.3.rel1.win32_1.1.100.202309141235/tools/bin/../lib/gcc/arm-none-eabi/11.3.1/../../../../arm-none-eabi/lib/thumb/v7e-m+fp/hard\libc_nano.a(libc_a-mprec.o)
                0x000000000800f888                __s2b
 .text.__hi0bits
                0x000000000800f91c       0x40 C:/ST/STM32CubeIDE_1.14.0/STM32CubeIDE/plugins/com.st.stm32cube.ide.mcu.externaltools.gnu-tools-for-stm32.11.3.rel1.win32_1.1.100.202309141235/tools/bin/../lib/gcc/arm-none-eabi/11.3.1/../../../../arm-none-eabi/lib/thumb/v7e-m+fp/hard\libc_nano.a(libc_a-mprec.o)
                0x000000000800f91c                __hi0bits
 .text.__lo0bits
                0x000000000800f95c       0x5a C:/ST/STM32CubeIDE_1.14.0/STM32CubeIDE/plugins/com.st.stm32cube.ide.mcu.externaltools.gnu-tools-for-stm32.11.3.rel1.win32_1.1.100.202309141235/tools/bin/../lib/gcc/arm-none-eabi/11.3.1/../../../../arm-none-eabi/lib/thumb/v7e-m+fp/hard\libc_nano.a(libc_a-mprec.o)
                0x000000000800f95c                __lo0bits
 *fill*         0x000000000800f9b6        0x2 
 .text.__i2b    0x000000000800f9b8       0x2c C:/ST/STM32CubeIDE_1.14.0/STM32CubeIDE/plugins/com.st.stm32cube.ide.mcu.externaltools.gnu-tools-for-stm32.11.3.rel1.win32_1.1.100.202309141235/tools/bin/../lib/gcc/arm-none-eabi/11.3.1/../../../../arm-none-eabi/lib/thumb/v7e-m+fp/hard\libc_nano.a(libc_a-mprec.o)
                0x000000000800f9b8                __i2b
 .text.__multiply
                0x000000000800f9e4      0x154 C:/ST/STM32CubeIDE_1.14.0/STM32CubeIDE/plugins/com.st.stm32cube.ide.mcu.externaltools.gnu-tools-for-stm32.11.3.rel1.win32_1.1.100.202309141235/tools/bin/../lib/gcc/arm-none-eabi/11.3.1/../../../../arm-none-eabi/lib/thumb/v7e-m+fp/hard\libc_nano.a(libc_a-mprec.o)
                0x000000000800f9e4                __multiply
 .text.__pow5mult
                0x000000000800fb38       0xb4 C:/ST/STM32CubeIDE_1.14.0/STM32CubeIDE/plugins/com.st.stm32cube.ide.mcu.externaltools.gnu-tools-for-stm32.11.3.rel1.win32_1.1.100.202309141235/tools/bin/../lib/gcc/arm-none-eabi/11.3.1/../../../../arm-none-eabi/lib/thumb/v7e-m+fp/hard\libc_nano.a(libc_a-mprec.o)
                0x000000000800fb38                __pow5mult
 .text.__lshift
                0x000000000800fbec       0xd8 C:/ST/STM32CubeIDE_1.14.0/STM32CubeIDE/plugins/com.st.stm32cube.ide.mcu.externaltools.gnu-tools-for-stm32.11.3.rel1.win32_1.1.100.202309141235/tools/bin/../lib/gcc/arm-none-eabi/11.3.1/../../../../arm-none-eabi/lib/thumb/v7e-m+fp/hard\libc_nano.a(libc_a-mprec.o)
                0x000000000800fbec                __lshift
 .text.__mcmp   0x000000000800fcc4       0x38 C:/ST/STM32CubeIDE_1.14.0/STM32CubeIDE/plugins/com.st.stm32cube.ide.mcu.externaltools.gnu-tools-for-stm32.11.3.rel1.win32_1.1.100.202309141235/tools/bin/../lib/gcc/arm-none-eabi/11.3.1/../../../../arm-none-eabi/lib/thumb/v7e-m+fp/hard\libc_nano.a(libc_a-mprec.o)
                0x000000000800fcc4                __mcmp
 .text.__mdiff  0x000000000800fcfc      0x114 C:/ST/STM32CubeIDE_1.14.0/STM32CubeIDE/plugins/com.st.stm32cube.ide.mcu.externaltools.gnu-tools-for-stm32.11.3.rel1.win32_1.1.100.202309141235/tools/bin/../lib/gcc/arm-none-eabi/11.3.1/../../../../arm-none-eabi/lib/thumb/v7e-m+fp/hard\libc_nano.a(libc_a-mprec.o)
                0x000000000800fcfc                __mdiff