Archive member included to satisfy reference by file (symbol)

C:/ST/STM32CubeIDE_1.14.0/STM32CubeIDE/plugins/com.st.stm32cube.ide.mcu.externaltools.gnu-tools-for-stm32.11.3.rel1.win32_1.1.100.202309141235/tools/bin/../lib/gcc/arm-none-eabi/11.3.1/../../../../arm-none-eabi/lib/thumb/v7e-m+fp/hard\libm.a(libm_a-w_asin.o)
                              ./Drivers/MyDrivers/Src/Imu.o (asin)
C:/ST/STM32CubeIDE_1.14.0/STM32CubeIDE/plugins/com.st.stm32cube.ide.mcu.externaltools.gnu-tools-for-stm32.11.3.rel1.win32_1.1.100.202309141235/tools/bin/../lib/gcc/arm-none-eabi/11.3.1/../../../../arm-none-eabi/lib/thumb/v7e-m+fp/hard\libm.a(libm_a-w_atan2.o)
                              ./Core/Src/lwgps.o (atan2)
C:/ST/STM32CubeIDE_1.14.0/STM32CubeIDE/plugins/com.st.stm32cube.ide.mcu.externaltools.gnu-tools-for-stm32.11.3.rel1.win32_1.1.100.202309141235/tools/bin/../lib/gcc/arm-none-eabi/11.3.1/../../../../arm-none-eabi/lib/thumb/v7e-m+fp/hard\libm.a(libm_a-w_fmod.o)
                              ./Drivers/MyDrivers/Src/Motor.o (fmod)
C:/ST/STM32CubeIDE_1.14.0/STM32CubeIDE/plugins/com.st.stm32cube.ide.mcu.externaltools.gnu-tools-for-stm32.11.3.rel1.win32_1.1.100.202309141235/tools/bin/../lib/gcc/arm-none-eabi/11.3.1/../../../../arm-none-eabi/lib/thumb/v7e-m+fp/hard\libm.a(libm_a-w_pow.o)
                              ./Drivers/MyDrivers/Src/Barometre.o (pow)
C:/ST/STM32CubeIDE_1.14.0/STM32CubeIDE/plugins/com.st.stm32cube.ide.mcu.externaltools.gnu-tools-for-stm32.11.3.rel1.win32_1.1.100.202309141235/tools/bin/../lib/gcc/arm-none-eabi/11.3.1/../../../../arm-none-eabi/lib/thumb/v7e-m+fp/hard\libm.a(libm_a-w_sqrt.o)
                              ./Core/Src/lwgps.o (sqrt)
C:/ST/STM32CubeIDE_1.14.0/STM32CubeIDE/plugins/com.st.stm32cube.ide.mcu.externaltools.gnu-tools-for-stm32.11.3.rel1.win32_1.1.100.202309141235/tools/bin/../lib/gcc/arm-none-eabi/11.3.1/../../../../arm-none-eabi/lib/thumb/v7e-m+fp/hard\libm.a(libm_a-s_cos.o)
                              ./Core/Src/lwgps.o (cos)
C:/ST/STM32CubeIDE_1.14.0/STM32CubeIDE/plugins/com.st.stm32cube.ide.mcu.externaltools.gnu-tools-for-stm32.11.3.rel1.win32_1.1.100.202309141235/tools/bin/../lib/gcc/arm-none-eabi/11.3.1/../../../../arm-none-eabi/lib/thumb/v7e-m+fp/hard\libm.a(libm_a-s_fabs.o)
                              C:/ST/STM32CubeIDE_1.14.0/STM32CubeIDE/plugins/com.st.stm32cube.ide.mcu.externaltools.gnu-tools-for-stm32.11.3.rel1.win32_1.1.100.202309141235/tools/bin/../lib/gcc/arm-none-eabi/11.3.1/../../../../arm-none-eabi/lib/thumb/v7e-m+fp/hard\libm.a(libm_a-w_asin.o) (fabs)
C:/ST/STM32CubeIDE_1.14.0/STM32CubeIDE/plugins/com.st.stm32cube.ide.mcu.externaltools.gnu-tools-for-stm32.11.3.rel1.win32_1.1.100.202309141235/tools/bin/../lib/gcc/arm-none-eabi/11.3.1/../../../../arm-none-eabi/lib/thumb/v7e-m+fp/hard\libm.a(libm_a-s_sin.o)
                              ./Core/Src/lwgps.o (sin)
C:/ST/STM32CubeIDE_1.14.0/STM32CubeIDE/plugins/com.st.stm32cube.ide.mcu.externaltools.gnu-tools-for-stm32.11.3.rel1.win32_1.1.100.202309141235/tools/bin/../lib/gcc/arm-none-eabi/11.3.1/../../../../arm-none-eabi/lib/thumb/v7e-m+fp/hard\libm.a(libm_a-wf_atan2.o)
                              ./Drivers/MyDrivers/Src/Motor.o (atan2f)
C:/ST/STM32CubeIDE_1.14.0/STM32CubeIDE/plugins/com.st.stm32cube.ide.mcu.externaltools.gnu-tools-for-stm32.11.3.rel1.win32_1.1.100.202309141235/tools/bin/../lib/gcc/arm-none-eabi/11.3.1/../../../../arm-none-eabi/lib/thumb/v7e-m+fp/hard\libm.a(libm_a-wf_sqrt.o)
                              ./Drivers/MyDrivers/Src/Motor.o (sqrtf)
C:/ST/STM32CubeIDE_1.14.0/STM32CubeIDE/plugins/com.st.stm32cube.ide.mcu.externaltools.gnu-tools-for-stm32.11.3.rel1.win32_1.1.100.202309141235/tools/bin/../lib/gcc/arm-none-eabi/11.3.1/../../../../arm-none-eabi/lib/thumb/v7e-m+fp/hard\libm.a(libm_a-sf_cos.o)
                              ./Drivers/MyDrivers/Src/Motor.o (cosf)
C:/ST/STM32CubeIDE_1.14.0/STM32CubeIDE/plugins/com.st.stm32cube.ide.mcu.externaltools.gnu-tools-for-stm32.11.3.rel1.win32_1.1.100.202309141235/tools/bin/../lib/gcc/arm-none-eabi/11.3.1/../../../../arm-none-eabi/lib/thumb/v7e-m+fp/hard\libm.a(libm_a-sf_sin.o)
                              ./Drivers/MyDrivers/Src/Motor.o (sinf)
C:/ST/STM32CubeIDE_1.14.0/STM32CubeIDE/plugins/com.st.stm32cube.ide.mcu.externaltools.gnu-tools-for-stm32.11.3.rel1.win32_1.1.100.202309141235/tools/bin/../lib/gcc/arm-none-eabi/11.3.1/../../../../arm-none-eabi/lib/thumb/v7e-m+fp/hard\libm.a(libm_a-s_finite.o)
                              C:/ST/STM32CubeIDE_1.14.0/STM32CubeIDE/plugins/com.st.stm32cube.ide.mcu.externaltools.gnu-tools-for-stm32.11.3.rel1.win32_1.1.100.202309141235/tools/bin/../lib/gcc/arm-none-eabi/11.3.1/../../../../arm-none-eabi/lib/thumb/v7e-m+fp/hard\libm.a(libm_a-w_pow.o) (finite)
C:/ST/STM32CubeIDE_1.14.0/STM32CubeIDE/plugins/com.st.stm32cube.ide.mcu.externaltools.gnu-tools-for-stm32.11.3.rel1.win32_1.1.100.202309141235/tools/bin/../lib/gcc/arm-none-eabi/11.3.1/../../../../arm-none-eabi/lib/thumb/v7e-m+fp/hard\libm.a(libm_a-s_nan.o)
[...]
Memory Configuration

Name             Origin             Length             Attributes
CCMRAM           0x0000000010000000 0x0000000000010000 xrw
RAM              0x0000000020000000 0x0000000000020000 xrw
FLASH            0x0000000008000000 0x0000000000100000 xr
*default*        0x0000000000000000 0xffffffffffffffff

Linker script and memory map

LOAD C:/ST/STM32CubeIDE_1.14.0/STM32CubeIDE/plugins/com.st.stm32cube.ide.mcu.externaltools.gnu-tools-for-stm32.11.3.rel1.win32_1.1.100.202309141235/tools/bin/../lib/gcc/arm-none-eabi/11.3.1/thumb/v7e-m+fp/hard/crti.o
LOAD C:/ST/STM32CubeIDE_1.14.0/STM32CubeIDE/plugins/com.st.stm32cube.ide.mcu.externaltools.gnu-tools-for-stm32.11.3.rel1.win32_1.1.100.202309141235/tools/bin/../lib/gcc/arm-none-eabi/11.3.1/thumb/v7e-m+fp/hard/crtbegin.o
LOAD C:/ST/STM32CubeIDE_1.14.0/STM32CubeIDE/plugins/com.st.stm32cube.ide.mcu.externaltools.gnu-tools-for-stm32.11.3.rel1.win32_1.1.100.202309141235/tools/bin/../lib/gcc/arm-none-eabi/11.3.1/../../../../arm-none-eabi/lib/thumb/v7e-m+fp/hard/crt0.o
LOAD ./Core/Src/gpio.o
LOAD ./Core/Src/i2c.o
LOAD ./Core/Src/lwgps.o
LOAD ./Core/Src/main.o
LOAD ./Core/Src/program.o
LOAD ./Core/Src/stm32f4xx_hal_msp.o
LOAD ./Core/Src/stm32f4xx_it.o
LOAD ./Core/Src/syscalls.o
LOAD ./Core/Src/sysmem.o
LOAD ./Core/Src/system_stm32f4xx.o
LOAD ./Core/Src/tim.o
LOAD ./Core/Src/usart.o
LOAD ./Core/Startup/startup_stm32f407vgtx.o
LOAD ./Drivers/MyDrivers/Src/Barometre.o
LOAD ./Drivers/MyDrivers/Src/Gps.o
LOAD ./Drivers/MyDrivers/Src/Imu.o
LOAD ./Drivers/MyDrivers/Src/Mag.o
LOAD ./Drivers/MyDrivers/Src/Motor.o
LOAD ./Drivers/MyDrivers/Src/Paket.o
LOAD ./Drivers/MyDrivers/Src/RfCom.o
LOAD ./Drivers/MyDrivers/Src/gorevyonetici.o
LOAD ./Drivers/MyDrivers/Src/myUart.o
LOAD ./Drivers/MyDrivers/Src/mytimer.o
LOAD ./Drivers/STM32F4xx_HAL_Driver/Src/stm32f4xx_hal.o
LOAD ./Drivers/STM32F4xx_HAL_Driver/Src/stm32f4xx_hal_cortex.o
LOAD ./Drivers/STM32F4xx_HAL_Driver/Src/stm32f4xx_hal_dma.o
LOAD ./Drivers/STM32F4xx_HAL_Driver/Src/stm32f4xx_hal_dma_ex.o
LOAD ./Drivers/STM32F4xx_HAL_Driver/Src/stm32f4xx_hal_exti.o
LOAD ./Drivers/STM32F4xx_HAL_Driver/Src/stm32f4xx_hal_flash.o
LOAD ./Drivers/STM32F4xx_HAL_Driver/Src/stm32f4xx_hal_flash_ex.o
LOAD ./Drivers/STM32F4xx_HAL_Driver/Src/stm32f4xx_hal_flash_ramfunc.o
LOAD ./Drivers/STM32F4xx_HAL_Driver/Src/stm32f4xx_hal_gpio.o
LOAD ./Drivers/STM32F4xx_HAL_Driver/Src/stm32f4xx_hal_i2c.o
LOAD ./Drivers/STM32F4xx_HAL_Driver/Src/stm32f4xx_hal_i2c_ex.o
LOAD ./Drivers/STM32F4xx_HAL_Driver/Src/stm32f4xx_hal_pwr.o
LOAD ./Drivers/STM32F4xx_HAL_Driver/Src/stm32f4xx_hal_pwr_ex.o
LOAD ./Drivers/STM32F4xx_HAL_Driver/Src/stm32f4xx_hal_rcc.o
LOAD ./Drivers/STM32F4xx_HAL_Driver/Src/stm32f4xx_hal_rcc_ex.o
LOAD ./Drivers/STM32F4xx_HAL_Driver/Src/stm32f4xx_hal_tim.o
LOAD ./Drivers/STM32F4xx_HAL_Driver/Src/stm32f4xx_hal_tim_ex.o
LOAD ./Drivers/STM32F4xx_HAL_Driver/Src/stm32f4xx_hal_uart.o
START GROUP
LOAD C:/ST/STM32CubeIDE_1.14.0/STM32CubeIDE/plugins/com.st.stm32cube.ide.mcu.externaltools.gnu-tools-for-stm32.11.3.rel1.win32_1.1.100.202309141235/tools/bin/../lib/gcc/arm-none-eabi/11.3.1/../../../../arm-none-eabi/lib/thumb/v7e-m+fp/hard\libstdc++_nano.a
LOAD C:/ST/STM32CubeIDE_1.14.0/STM32CubeIDE/plugins/com.st.stm32cube.ide.mcu.externaltools.gnu-tools-for-stm32.11.3.rel1.win32_1.1.100.202309141235/tools/bin/../lib/gcc/arm-none-eabi/11.3.1/../../../../arm-none-eabi/lib/thumb/v7e-m+fp/hard\libsupc++_nano.a
END GROUP
LOAD C:/ST/STM32CubeIDE_1.14.0/STM32CubeIDE/plugins/com.st.stm32cube.ide.mcu.externaltools.gnu-tools-for-stm32.11.3.rel1.win32_1.1.100.202309141235/tools/bin/../lib/gcc/arm-none-eabi/11.3.1/../../../../arm-none-eabi/lib/thumb/v7e-m+fp/hard\libstdc++_nano.a
LOAD C:/ST/STM32CubeIDE_1.14.0/STM32CubeIDE/plugins/com.st.stm32cube.ide.mcu.externaltools.gnu-tools-for-stm32.11.3.rel1.win32_1.1.100.202309141235/tools/bin/../lib/gcc/arm-none-eabi/11.3.1/../../../../arm-none-eabi/lib/thumb/v7e-m+fp/hard\libm.a
LOAD C:/ST/STM32CubeIDE_1.14.0/STM32CubeIDE/plugins/com.st.stm32cube.ide.mcu.externaltools.gnu-tools-for-stm32.11.3.rel1.win32_1.1.100.202309141235/tools/bin/../lib/gcc/arm-none-eabi/11.3.1/../../../../arm-none-eabi/lib/thumb/v7e-m+fp/hard\libc_nano.a
START GROUP
LOAD C:/ST/STM32CubeIDE_1.14.0/STM32CubeIDE/plugins/com.st.stm32cube.ide.mcu.externaltools.gnu-tools-for-stm32.11.3.rel1.win32_1.1.100.202309141235/tools/bin/../lib/gcc/arm-none-eabi/11.3.1/thumb/v7e-m+fp/hard\libgcc.a
LOAD C:/ST/STM32CubeIDE_1.14.0/STM32CubeIDE/plugins/com.st.stm32cube.ide.mcu.externaltools.gnu-tools-for-stm32.11.3.rel1.win32_1.1.100.202309141235/tools/bin/../lib/gcc/arm-none-eabi/11.3.1/../../../../arm-none-eabi/lib/thumb/v7e-m+fp/hard\libc_nano.a
END GROUP
START GROUP
LOAD C:/ST/STM32CubeIDE_1.14.0/STM32CubeIDE/plugins/com.st.stm32cube.ide.mcu.externaltools.gnu-tools-for-stm32.11.3.rel1.win32_1.1.100.202309141235/tools/bin/../lib/gcc/arm-none-eabi/11.3.1/thumb/v7e-m+fp/hard\libgcc.a
LOAD C:/ST/STM32CubeIDE_1.14.0/STM32CubeIDE/plugins/com.st.stm32cube.ide.mcu.externaltools.gnu-tools-for-stm32.11.3.rel1.win32_1.1.100.202309141235/tools/bin/../lib/gcc/arm-none-eabi/11.3.1/../../../../arm-none-eabi/lib/thumb/v7e-m+fp/hard\libc_nano.a
LOAD C:/ST/STM32CubeIDE_1.14.0/STM32CubeIDE/plugins/com.st.stm32cube.ide.mcu.externaltools.gnu-tools-for-stm32.11.3.rel1.win32_1.1.100.202309141235/tools/bin/../lib/gcc/arm-none-eabi/11.3.1/../../../../arm-none-eabi/lib/thumb/v7e-m+fp/hard\libnosys.a
END GROUP
START GROUP
LOAD C:/ST/STM32CubeIDE_1.14.0/STM32CubeIDE/plugins/com.st.stm32cube.ide.mcu.externaltools.gnu-tools-for-stm32.11.3.rel1.win32_1.1.100.202309141235/tools/bin/../lib/gcc/arm-none-eabi/11.3.1/thumb/v7e-m+fp/hard\libgcc.a
LOAD C:/ST/STM32CubeIDE_1.14.0/STM32CubeIDE/plugins/com.st.stm32cube.ide.mcu.externaltools.gnu-tools-for-stm32.11.3.rel1.win32_1.1.100.202309141235/tools/bin/../lib/gcc/arm-none-eabi/11.3.1/../../../../arm-none-eabi/lib/thumb/v7e-m+fp/hard\libc_nano.a
LOAD C:/ST/STM32CubeIDE_1.14.0/STM32CubeIDE/plugins/com.st.stm32cube.ide.mcu.externaltools.gnu-tools-for-stm32.11.3.rel1.win32_1.1.100.202309141235/tools/bin/../lib/gcc/arm-none-eabi/11.3.1/../../../../arm-none-eabi/lib/thumb/v7e-m+fp/hard\libnosys.a
END GROUP
LOAD C:/ST/STM32CubeIDE_1.14.0/STM32CubeIDE/plugins/com.st.stm32cube.ide.mcu.externaltools.gnu-tools-for-stm32.11.3.rel1.win32_1.1.100.202309141235/tools/bin/../lib/gcc/arm-none-eabi/11.3.1/thumb/v7e-m+fp/hard/crtend.o
LOAD C:/ST/STM32CubeIDE_1.14.0/STM32CubeIDE/plugins/com.st.stm32cube.ide.mcu.externaltools.gnu-tools-for-stm32.11.3.rel1.win32_1.1.100.202309141235/tools/bin/../lib/gcc/arm-none-eabi/11.3.1/thumb/v7e-m+fp/hard/crtn.o
                0x0000000020020000                _estack = (ORIGIN (RAM) + LENGTH (RAM))
                0x0000000000000200                _Min_Heap_Size = 0x200
                0x0000000000000400                _Min_Stack_Size = 0x400

.isr_vector     0x0000000008000000      0x188
                0x0000000008000000                . = ALIGN (0x4)
 *(.isr_vector)
 .isr_vector    0x0000000008000000      0x188 ./Core/Startup/startup_stm32f407vgtx.o
                0x0000000008000000                g_pfnVectors
                0x0000000008000188                . = ALIGN (0x4)

.text           0x0000000008000190    0x10684
                0x0000000008000190                . = ALIGN (0x4)
 *(.text)
 .text          0x0000000008000190       0x40 C:/ST/STM32CubeIDE_1.14.0/STM32CubeIDE/plugins/com.st.stm32cube.ide.mcu.externaltools.gnu-tools-for-stm32.11.3.rel1.win32_1.1.100.202309141235/tools/bin/../lib/gcc/arm-none-eabi/11.3.1/thumb/v7e-m+fp/hard/crtbegin.o
 .text          0x00000000080001d0       0xa0 C:/ST/STM32CubeIDE_1.14.0/STM32CubeIDE/plugins/com.st.stm32cube.ide.mcu.externaltools.gnu-tools-for-stm32.11.3.rel1.win32_1.1.100.202309141235/tools/bin/../lib/gcc/arm-none-eabi/11.3.1/../../../../arm-none-eabi/lib/thumb/v7e-m+fp/hard\libc_nano.a(libc_a-memchr.o)
                0x00000000080001d0                memchr
 .text          0x0000000008000270      0x378 C:/ST/STM32CubeIDE_1.14.0/STM32CubeIDE/plugins/com.st.stm32cube.ide.mcu.externaltools.gnu-tools-for-stm32.11.3.rel1.win32_1.1.100.202309141235/tools/bin/../lib/gcc/arm-none-eabi/11.3.1/thumb/v7e-m+fp/hard\libgcc.a(_arm_addsubdf3.o)
                0x0000000008000270                __aeabi_drsub
                0x0000000008000278                __aeabi_dsub
                0x0000000008000278                __subdf3
                0x000000000800027c                __aeabi_dadd
                0x000000000800027c                __adddf3
                0x00000000080004f4                __floatunsidf
                0x00000000080004f4                __aeabi_ui2d
                0x0000000008000514                __floatsidf
                0x0000000008000514                __aeabi_i2d
                0x0000000008000538                __aeabi_f2d
                0x0000000008000538                __extendsfdf2
                0x000000000800057c                __floatundidf
                0x000000000800057c                __aeabi_ul2d
                0x000000000800058c                __floatdidf
                0x000000000800058c                __aeabi_l2d
 .text          0x00000000080005e8      0x424 C:/ST/STM32CubeIDE_1.14.0/STM32CubeIDE/plugins/com.st.stm32cube.ide.mcu.externaltools.gnu-tools-for-stm32.11.3.rel1.win32_1.1.100.202309141235/tools/bin/../lib/gcc/arm-none-eabi/11.3.1/thumb/v7e-m+fp/hard\libgcc.a(_arm_muldivdf3.o)
                0x00000000080005e8                __aeabi_dmul
                0x00000000080005e8                __muldf3
                0x000000000800083c                __divdf3
                0x000000000800083c                __aeabi_ddiv
 .text          0x0000000008000a0c      0x110 C:/ST/STM32CubeIDE_1.14.0/STM32CubeIDE/plugins/com.st.stm32cube.ide.mcu.externaltools.gnu-tools-for-stm32.11.3.rel1.win32_1.1.100.202309141235/tools/bin/../lib/gcc/arm-none-eabi/11.3.1/thumb/v7e-m+fp/hard\libgcc.a(_arm_cmpdf2.o)
                0x0000000008000a0c                __gtdf2
                0x0000000008000a0c                __gedf2
                0x0000000008000a14                __ltdf2
                0x0000000008000a14                __ledf2
                0x0000000008000a1c                __nedf2
                0x0000000008000a1c                __eqdf2
                0x0000000008000a1c                __cmpdf2
                0x0000000008000a98                __aeabi_cdrcmple
                0x0000000008000aa8                __aeabi_cdcmpeq
                0x0000000008000aa8                __aeabi_cdcmple
                0x0000000008000ab8                __aeabi_dcmpeq
                0x0000000008000acc                __aeabi_dcmplt
                0x0000000008000ae0                __aeabi_dcmple
                0x0000000008000af4                __aeabi_dcmpge
                0x0000000008000b08                __aeabi_dcmpgt
 .text          0x0000000008000b1c       0x2c C:/ST/STM32CubeIDE_1.14.0/STM32CubeIDE/plugins/com.st.stm32cube.ide.mcu.externaltools.gnu-tools-for-stm32.11.3.rel1.win32_1.1.100.202309141235/tools/bin/../lib/gcc/arm-none-eabi/11.3.1/thumb/v7e-m+fp/hard\libgcc.a(_arm_unorddf2.o)
                0x0000000008000b1c                __unorddf2
                0x0000000008000b1c                __aeabi_dcmpun
 .text          0x0000000008000b48       0x50 C:/ST/STM32CubeIDE_1.14.0/STM32CubeIDE/plugins/com.st.stm32cube.ide.mcu.externaltools.gnu-tools-for-stm32.11.3.rel1.win32_1.1.100.202309141235/tools/bin/../lib/gcc/arm-none-eabi/11.3.1/thumb/v7e-m+fp/hard\libgcc.a(_arm_fixdfsi.o)
                0x0000000008000b48                __aeabi_d2iz
                0x0000000008000b48                __fixdfsi
 .text          0x0000000008000b98       0x40 C:/ST/STM32CubeIDE_1.14.0/STM32CubeIDE/plugins/com.st.stm32cube.ide.mcu.externaltools.gnu-tools-for-stm32.11.3.rel1.win32_1.1.100.202309141235/tools/bin/../lib/gcc/arm-none-eabi/11.3.1/thumb/v7e-m+fp/hard\libgcc.a(_arm_fixunsdfsi.o)
                0x0000000008000b98                __aeabi_d2uiz
                0x0000000008000b98                __fixunsdfsi
 .text          0x0000000008000bd8       0xa0 C:/ST/STM32CubeIDE_1.14.0/STM32CubeIDE/plugins/com.st.stm32cube.ide.mcu.externaltools.gnu-tools-for-stm32.11.3.rel1.win32_1.1.100.202309141235/tools/bin/../lib/gcc/arm-none-eabi/11.3.1/thumb/v7e-m+fp/hard\libgcc.a(_arm_truncdfsf2.o)
                0x0000000008000bd8                __truncdfsf2
                0x0000000008000bd8                __aeabi_d2f
 .text          0x0000000008000c78      0x21c C:/ST/STM32CubeIDE_1.14.0/STM32CubeIDE/plugins/com.st.stm32cube.ide.mcu.externaltools.gnu-tools-for-stm32.11.3.rel1.win32_1.1.100.202309141235/tools/bin/../lib/gcc/arm-none-eabi/11.3.1/thumb/v7e-m+fp/hard\libgcc.a(_arm_addsubsf3.o)
                0x0000000008000c78                __aeabi_frsub
                0x0000000008000c80                __subsf3
                0x0000000008000c80                __aeabi_fsub
                0x0000000008000c84                __aeabi_fadd
                0x0000000008000c84                __addsf3
                0x0000000008000de4                __aeabi_ui2f
                0x0000000008000de4                __floatunsisf
                0x0000000008000dec                __aeabi_i2f
                0x0000000008000dec                __floatsisf
                0x0000000008000e08                __aeabi_ul2f
                0x0000000008000e08                __floatundisf
                0x0000000008000e18                __aeabi_l2f
                0x0000000008000e18                __floatdisf
 .text          0x0000000008000e94       0x30 C:/ST/STM32CubeIDE_1.14.0/STM32CubeIDE/plugins/com.st.stm32cube.ide.mcu.externaltools.gnu-tools-for-stm32.11.3.rel1.win32_1.1.100.202309141235/tools/bin/../lib/gcc/arm-none-eabi/11.3.1/thumb/v7e-m+fp/hard\libgcc.a(_aeabi_uldivmod.o)
                0x0000000008000e94                __aeabi_uldivmod
 .text          0x0000000008000ec4       0x30 C:/ST/STM32CubeIDE_1.14.0/STM32CubeIDE/plugins/com.st.stm32cube.ide.mcu.externaltools.gnu-tools-for-stm32.11.3.rel1.win32_1.1.100.202309141235/tools/bin/../lib/gcc/arm-none-eabi/11.3.1/thumb/v7e-m+fp/hard\libgcc.a(_fixdfdi.o)
                0x0000000008000ec4                __fixdfdi
                0x0000000008000ec4                __aeabi_d2lz
 .text          0x0000000008000ef4       0x3c C:/ST/STM32CubeIDE_1.14.0/STM32CubeIDE/plugins/com.st.stm32cube.ide.mcu.externaltools.gnu-tools-for-stm32.11.3.rel1.win32_1.1.100.202309141235/tools/bin/../lib/gcc/arm-none-eabi/11.3.1/thumb/v7e-m+fp/hard\libgcc.a(_fixunsdfdi.o)
                0x0000000008000ef4                __fixunsdfdi
                0x0000000008000ef4                __aeabi_d2ulz
 .text          0x0000000008000f30      0x2c8 C:/ST/STM32CubeIDE_1.14.0/STM32CubeIDE/plugins/com.st.stm32cube.ide.mcu.externaltools.gnu-tools-for-stm32.11.3.rel1.win32_1.1.100.202309141235/tools/bin/../lib/gcc/arm-none-eabi/11.3.1/thumb/v7e-m+fp/hard\libgcc.a(_udivmoddi4.o)
                0x0000000008000f30                __udivmoddi4
 .text          0x00000000080011f8        0x4 C:/ST/STM32CubeIDE_1.14.0/STM32CubeIDE/plugins/com.st.stm32cube.ide.mcu.externaltools.gnu-tools-for-stm32.11.3.rel1.win32_1.1.100.202309141235/tools/bin/../lib/gcc/arm-none-eabi/11.3.1/thumb/v7e-m+fp/hard\libgcc.a(_dvmd_tls.o)
                0x00000000080011f8                __aeabi_idiv0
                0x00000000080011f8                __aeabi_ldiv0
 *(.text*)
 .text.MX_GPIO_Init
                0x00000000080011fc      0x2ec ./Core/Src/gpio.o
                0x00000000080011fc                MX_GPIO_Init
 .text.MX_I2C1_Init
                0x00000000080014e8       0x5c ./Core/Src/i2c.o
                0x00000000080014e8                MX_I2C1_Init
 .text.HAL_I2C_MspInit
                0x0000000008001544       0x90 ./Core/Src/i2c.o
                0x0000000008001544                HAL_I2C_MspInit
 .text.prv_parse_number
                0x00000000080015d4       0x94 ./Core/Src/lwgps.o
 .text.prv_parse_float_number
                0x0000000008001668       0x4e ./Core/Src/lwgps.o
 *fill*         0x00000000080016b6        0x2 
 .text.prv_parse_lat_long
                0x00000000080016b8       0xa0 ./Core/Src/lwgps.o
 .text.prv_parse_term
                0x0000000008001758      0x558 ./Core/Src/lwgps.o
 .text.prv_check_crc
                0x0000000008001cb0      0x116 ./Core/Src/lwgps.o
 .text.prv_copy_from_tmp_memory
                0x0000000008001dc6      0x14e ./Core/Src/lwgps.o
 .text.lwgps_init
                0x0000000008001f14       0x1c ./Core/Src/lwgps.o
                0x0000000008001f14                lwgps_init
 .text.lwgps_process
                0x0000000008001f30      0x180 ./Core/Src/lwgps.o
                0x0000000008001f30                lwgps_process
 .text.main     0x00000000080020b0       0x2e ./Core/Src/main.o
                0x00000000080020b0                main
 *fill*         0x00000000080020de        0x2 
 .text.SystemClock_Config
                0x00000000080020e0       0xd4 ./Core/Src/main.o
                0x00000000080020e0                SystemClock_Config
 .text.Error_Handler
                0x00000000080021b4        0xa ./Core/Src/main.o
                0x00000000080021b4                Error_Handler
 *fill*         0x00000000080021be        0x2 
 .text.setup    0x00000000080021c0       0xac ./Core/Src/program.o
                0x00000000080021c0                setup
 .text.loop     0x000000000800226c      0x10c ./Core/Src/program.o
                0x000000000800226c                loop
 .text._Z9Gorevler1v
                0x0000000008002378       0xa0 ./Core/Src/program.o
                0x0000000008002378                Gorevler1()
 .text._Z9Gorevler2v
                0x0000000008002418       0xd0 ./Core/Src/program.o
                0x0000000008002418                Gorevler2()
 .text._Z9Gorevler3v
                0x00000000080024e8       0x2c ./Core/Src/program.o
                0x00000000080024e8                Gorevler3()
 .text.TIM3_IRQHandler
                0x0000000008002514       0x14 ./Core/Src/program.o
                0x0000000008002514                TIM3_IRQHandler
 .text.HAL_UART_RxCpltCallback
                0x0000000008002528       0x40 ./Core/Src/program.o
                0x0000000008002528                HAL_UART_RxCpltCallback
 .text._Z41__static_initialization_and_destruction_0ii
                0x0000000008002568       0xe4 ./Core/Src/program.o
 .text._GLOBAL__sub_I_aci
                0x000000000800264c       0x10 ./Core/Src/program.o
 .text.HAL_MspInit
                0x000000000800265c       0x50 ./Core/Src/stm32f4xx_hal_msp.o
                0x000000000800265c                HAL_MspInit
 .text.NMI_Handler
                0x00000000080026ac        0x6 ./Core/Src/stm32f4xx_it.o
                0x00000000080026ac                NMI_Handler
 .text.HardFault_Handler
                0x00000000080026b2        0x6 ./Core/Src/stm32f4xx_it.o
                0x00000000080026b2                HardFault_Handler
 .text.MemManage_Handler
                0x00000000080026b8        0x6 ./Core/Src/stm32f4xx_it.o
                0x00000000080026b8                MemManage_Handler
 .text.BusFault_Handler
                0x00000000080026be        0x6 ./Core/Src/stm32f4xx_it.o
                0x00000000080026be                BusFault_Handler
 .text.UsageFault_Handler
                0x00000000080026c4        0x6 ./Core/Src/stm32f4xx_it.o
                0x00000000080026c4                UsageFault_Handler
 .text.SVC_Handler
                0x00000000080026ca        0xe ./Core/Src/stm32f4xx_it.o
                0x00000000080026ca                SVC_Handler
 .text.DebugMon_Handler
                0x00000000080026d8        0xe ./Core/Src/stm32f4xx_it.o
                0x00000000080026d8                DebugMon_Handler
 .text.PendSV_Handler
                0x00000000080026e6        0xe ./Core/Src/stm32f4xx_it.o
                0x00000000080026e6                PendSV_Handler
 .text.SysTick_Handler
                0x00000000080026f4        0xc ./Core/Src/stm32f4xx_it.o
                0x00000000080026f4                SysTick_Handler
 .text.EXTI9_5_IRQHandler
                0x0000000008002700       0x16 ./Core/Src/stm32f4xx_it.o
                0x0000000008002700                EXTI9_5_IRQHandler
 *fill*         0x0000000008002716        0x2 
 .text.TIM2_IRQHandler
                0x0000000008002718       0x14 ./Core/Src/stm32f4xx_it.o
                0x0000000008002718                TIM2_IRQHandler
 .text.USART2_IRQHandler
                0x000000000800272c       0x14 ./Core/Src/stm32f4xx_it.o
                0x000000000800272c                USART2_IRQHandler
 .text.USART3_IRQHandler
                0x0000000008002740       0x14 ./Core/Src/stm32f4xx_it.o
                0x0000000008002740                USART3_IRQHandler
 .text._getpid  0x0000000008002754       0x10 ./Core/Src/syscalls.o
                0x0000000008002754                _getpid
 .text._kill    0x0000000008002764       0x20 ./Core/Src/syscalls.o
                0x0000000008002764                _kill
 .text._exit    0x0000000008002784       0x14 ./Core/Src/syscalls.o
                0x0000000008002784                _exit
 .text._read    0x0000000008002798       0x3a ./Core/Src/syscalls.o
                0x0000000008002798                _read
 .text._write   0x00000000080027d2       0x38 ./Core/Src/syscalls.o
                0x00000000080027d2                _write
 .text._close   0x000000000800280a       0x18 ./Core/Src/syscalls.o
                0x000000000800280a                _close
 .text._fstat   0x0000000008002822       0x20 ./Core/Src/syscalls.o
                0x0000000008002822                _fstat
 .text._isatty  0x0000000008002842       0x16 ./Core/Src/syscalls.o
                0x0000000008002842                _isatty
 .text._lseek   0x0000000008002858       0x1a ./Core/Src/syscalls.o
                0x0000000008002858                _lseek
 *fill*         0x0000000008002872        0x2 
 .text._sbrk    0x0000000008002874       0x6c ./Core/Src/sysmem.o
                0x0000000008002874                _sbrk
 .text.SystemInit
                0x00000000080028e0       0x24 ./Core/Src/system_stm32f4xx.o
                0x00000000080028e0                SystemInit
 .text.MX_TIM1_Init
                0x0000000008002904       0xb0 ./Core/Src/tim.o
                0x0000000008002904                MX_TIM1_Init
 .text.MX_TIM2_Init
                0x00000000080029b4       0xec ./Core/Src/tim.o
                0x00000000080029b4                MX_TIM2_Init
 .text.HAL_TIM_Encoder_MspInit
                0x0000000008002aa0       0x90 ./Core/Src/tim.o
                0x0000000008002aa0                HAL_TIM_Encoder_MspInit
 .text.HAL_TIM_Base_MspInit
                0x0000000008002b30       0x4c ./Core/Src/tim.o
                0x0000000008002b30                HAL_TIM_Base_MspInit
 .text.HAL_TIM_MspPostInit
                0x0000000008002b7c       0x70 ./Core/Src/tim.o
                0x0000000008002b7c                HAL_TIM_MspPostInit
 .text.MX_USART2_UART_Init
                0x0000000008002bec       0x54 ./Core/Src/usart.o
                0x0000000008002bec                MX_USART2_UART_Init
 .text.MX_USART3_UART_Init
                0x0000000008002c40       0x54 ./Core/Src/usart.o
                0x0000000008002c40                MX_USART3_UART_Init
 .text.HAL_UART_MspInit
                0x0000000008002c94      0x11c ./Core/Src/usart.o
                0x0000000008002c94                HAL_UART_MspInit
 .text.Reset_Handler
                0x0000000008002db0       0x50 ./Core/Startup/startup_stm32f407vgtx.o
                0x0000000008002db0                Reset_Handler
 .text.Default_Handler
                0x0000000008002e00        0x2 ./Core/Startup/startup_stm32f407vgtx.o
                0x0000000008002e00                RTC_Alarm_IRQHandler
                0x0000000008002e00                HASH_RNG_IRQHandler
                0x0000000008002e00                EXTI2_IRQHandler
                0x0000000008002e00                TIM8_CC_IRQHandler
                0x0000000008002e00                TIM1_CC_IRQHandler
                0x0000000008002e00                DMA2_Stream5_IRQHandler
                0x0000000008002e00                DMA1_Stream5_IRQHandler
                0x0000000008002e00                PVD_IRQHandler
                0x0000000008002e00                SDIO_IRQHandler
                0x0000000008002e00                TAMP_STAMP_IRQHandler
                0x0000000008002e00                CAN2_RX1_IRQHandler
                0x0000000008002e00                EXTI3_IRQHandler
                0x0000000008002e00                TIM8_TRG_COM_TIM14_IRQHandler
                0x0000000008002e00                TIM1_UP_TIM10_IRQHandler
                0x0000000008002e00                TIM8_UP_TIM13_IRQHandler
                0x0000000008002e00                I2C3_ER_IRQHandler
                0x0000000008002e00                EXTI0_IRQHandler
                0x0000000008002e00                I2C2_EV_IRQHandler
                0x0000000008002e00                DMA1_Stream2_IRQHandler
                0x0000000008002e00                CAN1_RX0_IRQHandler
                0x0000000008002e00                FPU_IRQHandler
                0x0000000008002e00                OTG_HS_WKUP_IRQHandler
                0x0000000008002e00                CAN2_SCE_IRQHandler
                0x0000000008002e00                DMA2_Stream2_IRQHandler
                0x0000000008002e00                SPI1_IRQHandler
                0x0000000008002e00                TIM6_DAC_IRQHandler
                0x0000000008002e00                TIM1_BRK_TIM9_IRQHandler
                0x0000000008002e00                DCMI_IRQHandler
                0x0000000008002e00                CAN2_RX0_IRQHandler
                0x0000000008002e00                DMA2_Stream3_IRQHandler
                0x0000000008002e00                USART6_IRQHandler
                0x0000000008002e00                CAN1_RX1_IRQHandler
                0x0000000008002e00                UART5_IRQHandler
                0x0000000008002e00                DMA2_Stream0_IRQHandler
                0x0000000008002e00                TIM4_IRQHandler
                0x0000000008002e00                I2C1_EV_IRQHandler
                0x0000000008002e00                DMA1_Stream6_IRQHandler
                0x0000000008002e00                DMA1_Stream1_IRQHandler
                0x0000000008002e00                UART4_IRQHandler
                0x0000000008002e00                RCC_IRQHandler
                0x0000000008002e00                TIM8_BRK_TIM12_IRQHandler
                0x0000000008002e00                Default_Handler
                0x0000000008002e00                EXTI15_10_IRQHandler
                0x0000000008002e00                ADC_IRQHandler
                0x0000000008002e00                DMA1_Stream7_IRQHandler
                0x0000000008002e00                TIM7_IRQHandler
                0x0000000008002e00                CAN2_TX_IRQHandler
                0x0000000008002e00                TIM5_IRQHandler
                0x0000000008002e00                DMA2_Stream7_IRQHandler
                0x0000000008002e00                I2C3_EV_IRQHandler
                0x0000000008002e00                RTC_WKUP_IRQHandler
                0x0000000008002e00                ETH_WKUP_IRQHandler
                0x0000000008002e00                SPI2_IRQHandler
                0x0000000008002e00                OTG_HS_EP1_IN_IRQHandler
                0x0000000008002e00                DMA1_Stream0_IRQHandler
                0x0000000008002e00                CAN1_TX_IRQHandler
                0x0000000008002e00                EXTI4_IRQHandler
                0x0000000008002e00                FSMC_IRQHandler
                0x0000000008002e00                ETH_IRQHandler
                0x0000000008002e00                OTG_HS_EP1_OUT_IRQHandler
                0x0000000008002e00                WWDG_IRQHandler
                0x0000000008002e00                OTG_FS_WKUP_IRQHandler
                0x0000000008002e00                TIM1_TRG_COM_TIM11_IRQHandler
                0x0000000008002e00                OTG_HS_IRQHandler
                0x0000000008002e00                EXTI1_IRQHandler
                0x0000000008002e00                I2C2_ER_IRQHandler
                0x0000000008002e00                DMA2_Stream1_IRQHandler
                0x0000000008002e00                CAN1_SCE_IRQHandler
                0x0000000008002e00                FLASH_IRQHandler
                0x0000000008002e00                DMA2_Stream4_IRQHandler
                0x0000000008002e00                USART1_IRQHandler
                0x0000000008002e00                OTG_FS_IRQHandler
                0x0000000008002e00                SPI3_IRQHandler
                0x0000000008002e00                DMA1_Stream4_IRQHandler
                0x0000000008002e00                I2C1_ER_IRQHandler
                0x0000000008002e00                DMA2_Stream6_IRQHandler
                0x0000000008002e00                DMA1_Stream3_IRQHandler
 *fill*         0x0000000008002e02        0x2 
 .text._ZN9BarometreC2EP17I2C_HandleTypeDefh
                0x0000000008002e04       0x5c ./Drivers/MyDrivers/Src/Barometre.o
                0x0000000008002e04                Barometre::Barometre(I2C_HandleTypeDef*, unsigned char)
                0x0000000008002e04                Barometre::Barometre(I2C_HandleTypeDef*, unsigned char)
 .text._ZN9Barometre10YapilandirEv
                0x0000000008002e60      0x128 ./Drivers/MyDrivers/Src/Barometre.o
                0x0000000008002e60                Barometre::Yapilandir()
 .text._ZN9Barometre11SicaklikOkuEv
                0x0000000008002f88       0x94 ./Drivers/MyDrivers/Src/Barometre.o
                0x0000000008002f88                Barometre::SicaklikOku()
 .text._ZN9Barometre9BasincOkuEh
                0x000000000800301c      0x21c ./Drivers/MyDrivers/Src/Barometre.o
                0x000000000800301c                Barometre::BasincOku(unsigned char)
 .text._ZN9Barometre9IrtifaOkuEh
                0x0000000008003238       0x9c ./Drivers/MyDrivers/Src/Barometre.o
                0x0000000008003238                Barometre::IrtifaOku(unsigned char)
 .text._ZN9Barometre14regSicaklikOkuEv
                0x00000000080032d4       0x3e ./Drivers/MyDrivers/Src/Barometre.o
                0x00000000080032d4                Barometre::regSicaklikOku()
 *fill*         0x0000000008003312        0x2 
 .text._ZN9Barometre12regBasincOkuEh
                0x0000000008003314       0x60 ./Drivers/MyDrivers/Src/Barometre.o
                0x0000000008003314                Barometre::regBasincOku(unsigned char)
 .text._ZN9Barometre12writeAndReadEPhhch
                0x0000000008003374       0xb0 ./Drivers/MyDrivers/Src/Barometre.o
                0x0000000008003374                Barometre::writeAndRead(unsigned char*, unsigned char, char, unsigned char)
 .text._ZN3GPSC2EP20__UART_HandleTypeDef
                0x0000000008003424       0x42 ./Drivers/MyDrivers/Src/Gps.o
                0x0000000008003424                GPS::GPS(__UART_HandleTypeDef*)
                0x0000000008003424                GPS::GPS(__UART_HandleTypeDef*)
 .text._ZN3GPS10YapilandirEv
                0x0000000008003466       0x2c ./Drivers/MyDrivers/Src/Gps.o
                0x0000000008003466                GPS::Yapilandir()
 .text._ZN3GPS18UartRxCpltCallbackEv
                0x0000000008003492       0x8a ./Drivers/MyDrivers/Src/Gps.o
                0x0000000008003492                GPS::UartRxCpltCallback()
 .text._ZN3GPS10GpsDataCekEv
                0x000000000800351c       0x3c ./Drivers/MyDrivers/Src/Gps.o
                0x000000000800351c                GPS::GpsDataCek()
 .text._ZN3GPS10LatitudeAlEv
                0x0000000008003558       0x1a ./Drivers/MyDrivers/Src/Gps.o
                0x0000000008003558                GPS::LatitudeAl()
 .text._ZN3GPS11LongitudeAlEv
                0x0000000008003572       0x1a ./Drivers/MyDrivers/Src/Gps.o
                0x0000000008003572                GPS::LongitudeAl()
 .text._ZN5MyImuC2EP17I2C_HandleTypeDef
                0x000000000800358c       0x1e ./Drivers/MyDrivers/Src/Imu.o
                0x000000000800358c                MyImu::MyImu(I2C_HandleTypeDef*)
                0x000000000800358c                MyImu::MyImu(I2C_HandleTypeDef*)
 .text._ZN5MyImu17DBC_MPU6500_ResetEv
                0x00000000080035aa       0x38 ./Drivers/MyDrivers/Src/Imu.o
                0x00000000080035aa                MyImu::DBC_MPU6500_Reset()
 .text._ZN5MyImu22DBC_MPU6500_YAPILANDIREv
                0x00000000080035e2       0xca ./Drivers/MyDrivers/Src/Imu.o
                0x00000000080035e2                MyImu::DBC_MPU6500_YAPILANDIR()
 .text._ZN5MyImu14DBC_GYRO_OFSETEv
                0x00000000080036ac       0xcc ./Drivers/MyDrivers/Src/Imu.o
                0x00000000080036ac                MyImu::DBC_GYRO_OFSET()
 .text._ZN5MyImu12DBC_DATA_OKUEv
                0x0000000008003778       0x94 ./Drivers/MyDrivers/Src/Imu.o
                0x0000000008003778                MyImu::DBC_DATA_OKU()
 .text._ZN5MyImu11DBC_ACC_OKUEv
                0x000000000800380c       0x72 ./Drivers/MyDrivers/Src/Imu.o
                0x000000000800380c                MyImu::DBC_ACC_OKU()
 *fill*         0x000000000800387e        0x2 
 .text._ZN5MyImu16DBC_SICAKLIK_OKUEv
                0x0000000008003880       0x98 ./Drivers/MyDrivers/Src/Imu.o
                0x0000000008003880                MyImu::DBC_SICAKLIK_OKU()
 .text._ZN5MyImu12DBC_GYRO_OKUEv
                0x0000000008003918       0x72 ./Drivers/MyDrivers/Src/Imu.o
                0x0000000008003918                MyImu::DBC_GYRO_OKU()
 *fill*         0x000000000800398a        0x6 
 .text._ZN5MyImu13DBC_ACI_BULMAEv
                0x0000000008003990      0x398 ./Drivers/MyDrivers/Src/Imu.o
                0x0000000008003990                MyImu::DBC_ACI_BULMA()
 .text._ZN5MyImu7PitchAlEv
                0x0000000008003d28       0x18 ./Drivers/MyDrivers/Src/Imu.o
                0x0000000008003d28                MyImu::PitchAl()
 .text._ZN5MyImu6RollAlEv
                0x0000000008003d40       0x18 ./Drivers/MyDrivers/Src/Imu.o
                0x0000000008003d40                MyImu::RollAl()
 .text._ZN5MyImu5YawAlEv
                0x0000000008003d58       0x18 ./Drivers/MyDrivers/Src/Imu.o
                0x0000000008003d58                MyImu::YawAl()
 .text._ZN5MyImu10SicaklikAlEv
                0x0000000008003d70       0x18 ./Drivers/MyDrivers/Src/Imu.o
                0x0000000008003d70                MyImu::SicaklikAl()
 .text._ZN5MyMagC2EP17I2C_HandleTypeDef
                0x0000000008003d88       0x58 ./Drivers/MyDrivers/Src/Mag.o
                0x0000000008003d88                MyMag::MyMag(I2C_HandleTypeDef*)
                0x0000000008003d88                MyMag::MyMag(I2C_HandleTypeDef*)
 .text._ZN5MyMag10YapilandirEv
                0x0000000008003de0       0x5c ./Drivers/MyDrivers/Src/Mag.o
                0x0000000008003de0                MyMag::Yapilandir()
 .text._ZN5MyMag10MagDataOkuEPsS0_S0_
                0x0000000008003e3c       0x68 ./Drivers/MyDrivers/Src/Mag.o
                0x0000000008003e3c                MyMag::MagDataOku(short*, short*, short*)
 .text._ZN5MyMag9KalibreEtEv
                0x0000000008003ea4      0x11a ./Drivers/MyDrivers/Src/Mag.o
                0x0000000008003ea4                MyMag::KalibreEt()
 *fill*         0x0000000008003fbe        0x2 
 .text._ZN5MyMag14HeadingOlusturEv
                0x0000000008003fc0      0x158 ./Drivers/MyDrivers/Src/Mag.o
                0x0000000008003fc0                MyMag::HeadingOlustur()
 .text._ZSt5atan2ff
                0x0000000008004118       0x28 ./Drivers/MyDrivers/Src/Motor.o
                0x0000000008004118                std::atan2(float, float)
 .text._ZSt3cosf
                0x0000000008004140       0x20 ./Drivers/MyDrivers/Src/Motor.o
                0x0000000008004140                std::cos(float)
 .text._ZSt3sinf
                0x0000000008004160       0x20 ./Drivers/MyDrivers/Src/Motor.o
                0x0000000008004160                std::sin(float)
 .text._ZSt4sqrtf
                0x0000000008004180       0x20 ./Drivers/MyDrivers/Src/Motor.o
                0x0000000008004180                std::sqrt(float)
 .text._ZN5MotorC2EP17TIM_HandleTypeDefS1_P12GPIO_TypeDeftS3_t
                0x00000000080041a0       0x6a ./Drivers/MyDrivers/Src/Motor.o
                0x00000000080041a0                Motor::Motor(TIM_HandleTypeDef*, TIM_HandleTypeDef*, GPIO_TypeDef*, unsigned short, GPIO_TypeDef*, unsigned short)
                0x00000000080041a0                Motor::Motor(TIM_HandleTypeDef*, TIM_HandleTypeDef*, GPIO_TypeDef*, unsigned short, GPIO_TypeDef*, unsigned short)
 .text._ZN5Motor10YapilandirEv
                0x000000000800420a       0x32 ./Drivers/MyDrivers/Src/Motor.o
                0x000000000800420a                Motor::Yapilandir()
 .text._ZN5Motor3PWMEt
                0x000000000800423c       0x22 ./Drivers/MyDrivers/Src/Motor.o
                0x000000000800423c                Motor::PWM(unsigned short)
 *fill*         0x000000000800425e        0x2 
 .text._ZN5Motor6AciBulEv
                0x0000000008004260      0x114 ./Drivers/MyDrivers/Src/Motor.o
                0x0000000008004260                Motor::AciBul()
 .text._ZN5Motor8IleriGitEv
                0x0000000008004374       0x30 ./Drivers/MyDrivers/Src/Motor.o
                0x0000000008004374                Motor::IleriGit()
 .text._ZN5Motor5AciAlEv
                0x00000000080043a4       0x18 ./Drivers/MyDrivers/Src/Motor.o
                0x00000000080043a4                Motor::AciAl()
 .text._ZN5Motor5TurAlEv
                0x00000000080043bc       0x18 ./Drivers/MyDrivers/Src/Motor.o
                0x00000000080043bc                Motor::TurAl()
 .text._ZN5ArabaC2Ev
                0x00000000080043d4       0x16 ./Drivers/MyDrivers/Src/Motor.o
                0x00000000080043d4                Araba::Araba()
                0x00000000080043d4                Araba::Araba()
 *fill*         0x00000000080043ea        0x6 
 .text._ZN5Araba9mesafeBulEffff
                0x00000000080043f0      0x1bc ./Drivers/MyDrivers/Src/Motor.o
                0x00000000080043f0                Araba::mesafeBul(float, float, float, float)
 *fill*         0x00000000080045ac        0x4 
 .text._ZN5Araba10yonelimBulEffff
                0x00000000080045b0      0x1b4 ./Drivers/MyDrivers/Src/Motor.o
                0x00000000080045b0                Araba::yonelimBul(float, float, float, float)
 .text._ZN5PaketC2EP20__UART_HandleTypeDef
                0x0000000008004764       0x58 ./Drivers/MyDrivers/Src/Paket.o
                0x0000000008004764                Paket::Paket(__UART_HandleTypeDef*)
                0x0000000008004764                Paket::Paket(__UART_HandleTypeDef*)
 .text._ZN5PaketC2Ehhhh
                0x00000000080047bc       0xd6 ./Drivers/MyDrivers/Src/Paket.o
                0x00000000080047bc                Paket::Paket(unsigned char, unsigned char, unsigned char, unsigned char)
                0x00000000080047bc                Paket::Paket(unsigned char, unsigned char, unsigned char, unsigned char)
 .text._ZN5Paket14PaketKesmeInitEv
                0x0000000008004892       0x20 ./Drivers/MyDrivers/Src/Paket.o
                0x0000000008004892                Paket::PaketKesmeInit()
 .text._ZN5Paket15GpsPaketOlusturEffff
                0x00000000080048b2       0xee ./Drivers/MyDrivers/Src/Paket.o
                0x00000000080048b2                Paket::GpsPaketOlustur(float, float, float, float)
 .text._ZN5Paket15ImuPaketOlusturEffff
                0x00000000080049a0       0xf2 ./Drivers/MyDrivers/Src/Paket.o
                0x00000000080049a0                Paket::ImuPaketOlustur(float, float, float, float)
 .text._ZN5Paket20PaketOlusturveGonderEhhh
                0x0000000008004a92       0x88 ./Drivers/MyDrivers/Src/Paket.o
                0x0000000008004a92                Paket::PaketOlusturveGonder(unsigned char, unsigned char, unsigned char)
 .text._ZN5Paket18YoklamaPaketGonderEv
                0x0000000008004b1a       0x7c ./Drivers/MyDrivers/Src/Paket.o
                0x0000000008004b1a                Paket::YoklamaPaketGonder()
 .text._ZN5Paket13gpsPaketCagirEPh
                0x0000000008004b96       0x20 ./Drivers/MyDrivers/Src/Paket.o
                0x0000000008004b96                Paket::gpsPaketCagir(unsigned char*)
 .text._ZN5Paket13imuPaketCagirEPh
                0x0000000008004bb6       0x20 ./Drivers/MyDrivers/Src/Paket.o
                0x0000000008004bb6                Paket::imuPaketCagir(unsigned char*)
 .text._ZN5Paket12BayrakKaldirEv
                0x0000000008004bd6       0x1a ./Drivers/MyDrivers/Src/Paket.o
                0x0000000008004bd6                Paket::BayrakKaldir()
 .text._ZN5Paket8PaketCozEv
                0x0000000008004bf0      0x2e0 ./Drivers/MyDrivers/Src/Paket.o
                0x0000000008004bf0                Paket::PaketCoz()
 .text._ZN5Paket11ArayuzLatAlEv
                0x0000000008004ed0       0x18 ./Drivers/MyDrivers/Src/Paket.o
                0x0000000008004ed0                Paket::ArayuzLatAl()
 .text._ZN5Paket13CRC8HesaplamaEPhhh
                0x0000000008004ee8       0x7a ./Drivers/MyDrivers/Src/Paket.o
                0x0000000008004ee8                Paket::CRC8Hesaplama(unsigned char*, unsigned char, unsigned char)
 *fill*         0x0000000008004f62        0x2 
 .text._ZN5Paket12bytesToFloatEPKhl
                0x0000000008004f64       0xd4 ./Drivers/MyDrivers/Src/Paket.o
                0x0000000008004f64                Paket::bytesToFloat(unsigned char const*, long)
 .text._ZN5Paket12floatToBytesEPfPh
                0x0000000008005038       0x60 ./Drivers/MyDrivers/Src/Paket.o
                0x0000000008005038                Paket::floatToBytes(float*, unsigned char*)
 .text._ZN13GorevyoneticiC2EP11TIM_TypeDef
                0x0000000008005098       0x68 ./Drivers/MyDrivers/Src/gorevyonetici.o
                0x0000000008005098                Gorevyonetici::Gorevyonetici(TIM_TypeDef*)
                0x0000000008005098                Gorevyonetici::Gorevyonetici(TIM_TypeDef*)
 .text._ZN5GorevC2Ev
                0x0000000008005100       0x22 ./Drivers/MyDrivers/Src/gorevyonetici.o
                0x0000000008005100                Gorev::Gorev()
                0x0000000008005100                Gorev::Gorev()
 .text._ZN13Gorevyonetici7GorevAlEPFvvEs
                0x0000000008005122       0x54 ./Drivers/MyDrivers/Src/gorevyonetici.o
                0x0000000008005122                Gorevyonetici::GorevAl(void (*)(), short)
 *fill*         0x0000000008005176        0x2 
 .text._ZN13Gorevyonetici12BayrakKaldirEv
                0x0000000008005178       0xc8 ./Drivers/MyDrivers/Src/gorevyonetici.o
                0x0000000008005178                Gorevyonetici::BayrakKaldir()
 .text._ZN13Gorevyonetici13GorevCalistirEv
                0x0000000008005240       0x74 ./Drivers/MyDrivers/Src/gorevyonetici.o
                0x0000000008005240                Gorevyonetici::GorevCalistir()
 .text._ZN5Gorev8GorevGirEPFvvEs
                0x00000000080052b4       0x26 ./Drivers/MyDrivers/Src/gorevyonetici.o
                0x00000000080052b4                Gorev::GorevGir(void (*)(), short)
 .text._ZN5Gorev8CalistirEv
                0x00000000080052da       0x1e ./Drivers/MyDrivers/Src/gorevyonetici.o
                0x00000000080052da                Gorev::Calistir()
 .text._ZN5Gorev13BayrakDuzenleEb
                0x00000000080052f8       0x1e ./Drivers/MyDrivers/Src/gorevyonetici.o
                0x00000000080052f8                Gorev::BayrakDuzenle(bool)
 .text._ZN5Gorev4MsAlEv
                0x0000000008005316       0x1a ./Drivers/MyDrivers/Src/gorevyonetici.o
                0x0000000008005316                Gorev::MsAl()
 .text.__NVIC_EnableIRQ
                0x0000000008005330       0x3c ./Drivers/MyDrivers/Src/mytimer.o
 .text.__NVIC_SetPriority
                0x000000000800536c       0x54 ./Drivers/MyDrivers/Src/mytimer.o
 .text._ZN5TimerC2EP11TIM_TypeDef
                0x00000000080053c0       0x20 ./Drivers/MyDrivers/Src/mytimer.o
                0x00000000080053c0                Timer::Timer(TIM_TypeDef*)
                0x00000000080053c0                Timer::Timer(TIM_TypeDef*)
 .text._ZN5Timer10YapilandirEmm
                0x00000000080053e0       0x3e ./Drivers/MyDrivers/Src/mytimer.o
                0x00000000080053e0                Timer::Yapilandir(unsigned long, unsigned long)
 .text._ZN5Timer7AktifEtEv
                0x000000000800541e       0x24 ./Drivers/MyDrivers/Src/mytimer.o
                0x000000000800541e                Timer::AktifEt()
 *fill*         0x0000000008005442        0x2 
 .text._ZN5Timer17TimerClockAktifEtEv
                0x0000000008005444      0x11c ./Drivers/MyDrivers/Src/mytimer.o
                0x0000000008005444                Timer::TimerClockAktifEt()
 .text._ZN5Timer21TimerInterruptAktifEtEv
                0x0000000008005560       0xc0 ./Drivers/MyDrivers/Src/mytimer.o
                0x0000000008005560                Timer::TimerInterruptAktifEt()
 .text.HAL_Init
                0x0000000008005620       0x44 ./Drivers/STM32F4xx_HAL_Driver/Src/stm32f4xx_hal.o
                0x0000000008005620                HAL_Init
 .text.HAL_InitTick
                0x0000000008005664       0x60 ./Drivers/STM32F4xx_HAL_Driver/Src/stm32f4xx_hal.o
                0x0000000008005664                HAL_InitTick
 .text.HAL_IncTick
                0x00000000080056c4       0x28 ./Drivers/STM32F4xx_HAL_Driver/Src/stm32f4xx_hal.o
                0x00000000080056c4                HAL_IncTick
 .text.HAL_GetTick
                0x00000000080056ec       0x18 ./Drivers/STM32F4xx_HAL_Driver/Src/stm32f4xx_hal.o
                0x00000000080056ec                HAL_GetTick
 .text.HAL_Delay
                0x0000000008005704       0x48 ./Drivers/STM32F4xx_HAL_Driver/Src/stm32f4xx_hal.o
                0x0000000008005704                HAL_Delay
 .text.__NVIC_SetPriorityGrouping
                0x000000000800574c       0x48 ./Drivers/STM32F4xx_HAL_Driver/Src/stm32f4xx_hal_cortex.o
 .text.__NVIC_GetPriorityGrouping
                0x0000000008005794       0x1c ./Drivers/STM32F4xx_HAL_Driver/Src/stm32f4xx_hal_cortex.o
 .text.__NVIC_EnableIRQ
                0x00000000080057b0       0x3c ./Drivers/STM32F4xx_HAL_Driver/Src/stm32f4xx_hal_cortex.o
 .text.__NVIC_SetPriority
                0x00000000080057ec       0x54 ./Drivers/STM32F4xx_HAL_Driver/Src/stm32f4xx_hal_cortex.o
 .text.NVIC_EncodePriority
                0x0000000008005840       0x66 ./Drivers/STM32F4xx_HAL_Driver/Src/stm32f4xx_hal_cortex.o
 *fill*         0x00000000080058a6        0x2 
 .text.SysTick_Config
                0x00000000080058a8       0x44 ./Drivers/STM32F4xx_HAL_Driver/Src/stm32f4xx_hal_cortex.o
 .text.HAL_NVIC_SetPriorityGrouping
                0x00000000080058ec       0x16 ./Drivers/STM32F4xx_HAL_Driver/Src/stm32f4xx_hal_cortex.o
                0x00000000080058ec                HAL_NVIC_SetPriorityGrouping
 .text.HAL_NVIC_SetPriority
                0x0000000008005902       0x38 ./Drivers/STM32F4xx_HAL_Driver/Src/stm32f4xx_hal_cortex.o
                0x0000000008005902                HAL_NVIC_SetPriority
 .text.HAL_NVIC_EnableIRQ
                0x000000000800593a       0x1c ./Drivers/STM32F4xx_HAL_Driver/Src/stm32f4xx_hal_cortex.o
                0x000000000800593a                HAL_NVIC_EnableIRQ
 .text.HAL_SYSTICK_Config
                0x0000000008005956       0x18 ./Drivers/STM32F4xx_HAL_Driver/Src/stm32f4xx_hal_cortex.o
                0x0000000008005956                HAL_SYSTICK_Config
 .text.HAL_DMA_Abort
                0x000000000800596e       0xe0 ./Drivers/STM32F4xx_HAL_Driver/Src/stm32f4xx_hal_dma.o
                0x000000000800596e                HAL_DMA_Abort
 .text.HAL_DMA_Abort_IT
                0x0000000008005a4e       0x44 ./Drivers/STM32F4xx_HAL_Driver/Src/stm32f4xx_hal_dma.o
                0x0000000008005a4e                HAL_DMA_Abort_IT
 *fill*         0x0000000008005a92        0x2 
 .text.HAL_GPIO_Init
                0x0000000008005a94      0x338 ./Drivers/STM32F4xx_HAL_Driver/Src/stm32f4xx_hal_gpio.o
                0x0000000008005a94                HAL_GPIO_Init
 .text.HAL_GPIO_WritePin
                0x0000000008005dcc       0x32 ./Drivers/STM32F4xx_HAL_Driver/Src/stm32f4xx_hal_gpio.o
                0x0000000008005dcc                HAL_GPIO_WritePin
 *fill*         0x0000000008005dfe        0x2 
 .text.HAL_GPIO_EXTI_IRQHandler
                0x0000000008005e00       0x30 ./Drivers/STM32F4xx_HAL_Driver/Src/stm32f4xx_hal_gpio.o
                0x0000000008005e00                HAL_GPIO_EXTI_IRQHandler
 .text.HAL_GPIO_EXTI_Callback
                0x0000000008005e30       0x16 ./Drivers/STM32F4xx_HAL_Driver/Src/stm32f4xx_hal_gpio.o
                0x0000000008005e30                HAL_GPIO_EXTI_Callback
 *fill*         0x0000000008005e46        0x2 
 .text.HAL_I2C_Init
                0x0000000008005e48      0x288 ./Drivers/STM32F4xx_HAL_Driver/Src/stm32f4xx_hal_i2c.o
                0x0000000008005e48                HAL_I2C_Init
 .text.HAL_I2C_Master_Transmit
                0x00000000080060d0      0x1fc ./Drivers/STM32F4xx_HAL_Driver/Src/stm32f4xx_hal_i2c.o
                0x00000000080060d0                HAL_I2C_Master_Transmit
 .text.HAL_I2C_Master_Receive
                0x00000000080062cc      0x464 ./Drivers/STM32F4xx_HAL_Driver/Src/stm32f4xx_hal_i2c.o
                0x00000000080062cc                HAL_I2C_Master_Receive
 .text.HAL_I2C_Mem_Write
                0x0000000008006730      0x1f4 ./Drivers/STM32F4xx_HAL_Driver/Src/stm32f4xx_hal_i2c.o
                0x0000000008006730                HAL_I2C_Mem_Write
 .text.HAL_I2C_Mem_Read
                0x0000000008006924      0x464 ./Drivers/STM32F4xx_HAL_Driver/Src/stm32f4xx_hal_i2c.o
                0x0000000008006924                HAL_I2C_Mem_Read
 .text.I2C_MasterRequestWrite
                0x0000000008006d88      0x104 ./Drivers/STM32F4xx_HAL_Driver/Src/stm32f4xx_hal_i2c.o
 .text.I2C_MasterRequestRead
                0x0000000008006e8c      0x19c ./Drivers/STM32F4xx_HAL_Driver/Src/stm32f4xx_hal_i2c.o
 .text.I2C_RequestMemoryWrite
                0x0000000008007028      0x12c ./Drivers/STM32F4xx_HAL_Driver/Src/stm32f4xx_hal_i2c.o
 .text.I2C_RequestMemoryRead
                0x0000000008007154      0x1d0 ./Drivers/STM32F4xx_HAL_Driver/Src/stm32f4xx_hal_i2c.o
 .text.I2C_WaitOnFlagUntilTimeout
                0x0000000008007324       0xf4 ./Drivers/STM32F4xx_HAL_Driver/Src/stm32f4xx_hal_i2c.o
 .text.I2C_WaitOnMasterAddressFlagUntilTimeout
                0x0000000008007418      0x140 ./Drivers/STM32F4xx_HAL_Driver/Src/stm32f4xx_hal_i2c.o
 .text.I2C_WaitOnTXEFlagUntilTimeout
                0x0000000008007558       0x90 ./Drivers/STM32F4xx_HAL_Driver/Src/stm32f4xx_hal_i2c.o
 .text.I2C_WaitOnBTFFlagUntilTimeout
                0x00000000080075e8       0x90 ./Drivers/STM32F4xx_HAL_Driver/Src/stm32f4xx_hal_i2c.o
 .text.I2C_WaitOnRXNEFlagUntilTimeout
                0x0000000008007678       0xba ./Drivers/STM32F4xx_HAL_Driver/Src/stm32f4xx_hal_i2c.o
 .text.I2C_IsAcknowledgeFailed
                0x0000000008007732       0x5e ./Drivers/STM32F4xx_HAL_Driver/Src/stm32f4xx_hal_i2c.o
 .text.HAL_RCC_OscConfig
                0x0000000008007790      0x4f0 ./Drivers/STM32F4xx_HAL_Driver/Src/stm32f4xx_hal_rcc.o
                0x0000000008007790                HAL_RCC_OscConfig
 .text.HAL_RCC_ClockConfig
                0x0000000008007c80      0x1cc ./Drivers/STM32F4xx_HAL_Driver/Src/stm32f4xx_hal_rcc.o
                0x0000000008007c80                HAL_RCC_ClockConfig
 .text.HAL_RCC_GetSysClockFreq
                0x0000000008007e4c      0x20c ./Drivers/STM32F4xx_HAL_Driver/Src/stm32f4xx_hal_rcc.o
                0x0000000008007e4c                HAL_RCC_GetSysClockFreq
 .text.HAL_RCC_GetHCLKFreq
                0x0000000008008058       0x18 ./Drivers/STM32F4xx_HAL_Driver/Src/stm32f4xx_hal_rcc.o
                0x0000000008008058                HAL_RCC_GetHCLKFreq
 .text.HAL_RCC_GetPCLK1Freq
                0x0000000008008070       0x28 ./Drivers/STM32F4xx_HAL_Driver/Src/stm32f4xx_hal_rcc.o
                0x0000000008008070                HAL_RCC_GetPCLK1Freq
 .text.HAL_RCC_GetPCLK2Freq
                0x0000000008008098       0x28 ./Drivers/STM32F4xx_HAL_Driver/Src/stm32f4xx_hal_rcc.o
                0x0000000008008098                HAL_RCC_GetPCLK2Freq
 .text.HAL_TIM_Base_Init
                0x00000000080080c0       0x9e ./Drivers/STM32F4xx_HAL_Driver/Src/stm32f4xx_hal_tim.o
                0x00000000080080c0                HAL_TIM_Base_Init
 .text.HAL_TIM_PWM_Init
                0x000000000800815e       0x9e ./Drivers/STM32F4xx_HAL_Driver/Src/stm32f4xx_hal_tim.o
                0x000000000800815e                HAL_TIM_PWM_Init
 .text.HAL_TIM_PWM_MspInit
                0x00000000080081fc       0x14 ./Drivers/STM32F4xx_HAL_Driver/Src/stm32f4xx_hal_tim.o
                0x00000000080081fc                HAL_TIM_PWM_MspInit
 .text.HAL_TIM_PWM_Start
                0x0000000008008210      0x190 ./Drivers/STM32F4xx_HAL_Driver/Src/stm32f4xx_hal_tim.o
                0x0000000008008210                HAL_TIM_PWM_Start
 .text.HAL_TIM_Encoder_Init
                0x00000000080083a0      0x14c ./Drivers/STM32F4xx_HAL_Driver/Src/stm32f4xx_hal_tim.o
                0x00000000080083a0                HAL_TIM_Encoder_Init
 .text.HAL_TIM_Encoder_Start
                0x00000000080084ec      0x11c ./Drivers/STM32F4xx_HAL_Driver/Src/stm32f4xx_hal_tim.o
                0x00000000080084ec                HAL_TIM_Encoder_Start
 .text.HAL_TIM_IRQHandler
                0x0000000008008608      0x1e0 ./Drivers/STM32F4xx_HAL_Driver/Src/stm32f4xx_hal_tim.o
                0x0000000008008608                HAL_TIM_IRQHandler
 .text.HAL_TIM_PWM_ConfigChannel
                0x00000000080087e8      0x184 ./Drivers/STM32F4xx_HAL_Driver/Src/stm32f4xx_hal_tim.o
                0x00000000080087e8                HAL_TIM_PWM_ConfigChannel
 .text.HAL_TIM_ConfigClockSource
                0x000000000800896c      0x18e ./Drivers/STM32F4xx_HAL_Driver/Src/stm32f4xx_hal_tim.o
                0x000000000800896c                HAL_TIM_ConfigClockSource
 .text.HAL_TIM_PeriodElapsedCallback
                0x0000000008008afa       0x14 ./Drivers/STM32F4xx_HAL_Driver/Src/stm32f4xx_hal_tim.o
                0x0000000008008afa                HAL_TIM_PeriodElapsedCallback
 .text.HAL_TIM_OC_DelayElapsedCallback
                0x0000000008008b0e       0x14 ./Drivers/STM32F4xx_HAL_Driver/Src/stm32f4xx_hal_tim.o
                0x0000000008008b0e                HAL_TIM_OC_DelayElapsedCallback
 .text.HAL_TIM_IC_CaptureCallback
                0x0000000008008b22       0x14 ./Drivers/STM32F4xx_HAL_Driver/Src/stm32f4xx_hal_tim.o
                0x0000000008008b22                HAL_TIM_IC_CaptureCallback
 .text.HAL_TIM_PWM_PulseFinishedCallback
                0x0000000008008b36       0x14 ./Drivers/STM32F4xx_HAL_Driver/Src/stm32f4xx_hal_tim.o
                0x0000000008008b36                HAL_TIM_PWM_PulseFinishedCallback
 .text.HAL_TIM_TriggerCallback
                0x0000000008008b4a       0x14 ./Drivers/STM32F4xx_HAL_Driver/Src/stm32f4xx_hal_tim.o
                0x0000000008008b4a                HAL_TIM_TriggerCallback
 *fill*         0x0000000008008b5e        0x2 
 .text.TIM_Base_SetConfig
                0x0000000008008b60      0x158 ./Drivers/STM32F4xx_HAL_Driver/Src/stm32f4xx_hal_tim.o
                0x0000000008008b60                TIM_Base_SetConfig
 .text.TIM_OC1_SetConfig
                0x0000000008008cb8       0xe0 ./Drivers/STM32F4xx_HAL_Driver/Src/stm32f4xx_hal_tim.o
 .text.TIM_OC2_SetConfig
                0x0000000008008d98       0xec ./Drivers/STM32F4xx_HAL_Driver/Src/stm32f4xx_hal_tim.o
                0x0000000008008d98                TIM_OC2_SetConfig
 .text.TIM_OC3_SetConfig
                0x0000000008008e84       0xe8 ./Drivers/STM32F4xx_HAL_Driver/Src/stm32f4xx_hal_tim.o
 .text.TIM_OC4_SetConfig
                0x0000000008008f6c       0xac ./Drivers/STM32F4xx_HAL_Driver/Src/stm32f4xx_hal_tim.o
 .text.TIM_TI1_ConfigInputStage
                0x0000000008009018       0x5e ./Drivers/STM32F4xx_HAL_Driver/Src/stm32f4xx_hal_tim.o
 .text.TIM_TI2_ConfigInputStage
                0x0000000008009076       0x60 ./Drivers/STM32F4xx_HAL_Driver/Src/stm32f4xx_hal_tim.o
 .text.TIM_ITRx_SetConfig
                0x00000000080090d6       0x36 ./Drivers/STM32F4xx_HAL_Driver/Src/stm32f4xx_hal_tim.o
 .text.TIM_ETR_SetConfig
                0x000000000800910c       0x40 ./Drivers/STM32F4xx_HAL_Driver/Src/stm32f4xx_hal_tim.o
                0x000000000800910c                TIM_ETR_SetConfig
 .text.TIM_CCxChannelCmd
                0x000000000800914c       0x4a ./Drivers/STM32F4xx_HAL_Driver/Src/stm32f4xx_hal_tim.o
                0x000000000800914c                TIM_CCxChannelCmd
 *fill*         0x0000000008009196        0x2 
 .text.HAL_TIMEx_MasterConfigSynchronization
                0x0000000008009198       0xf8 ./Drivers/STM32F4xx_HAL_Driver/Src/stm32f4xx_hal_tim_ex.o
                0x0000000008009198                HAL_TIMEx_MasterConfigSynchronization
 .text.HAL_TIMEx_CommutCallback
                0x0000000008009290       0x14 ./Drivers/STM32F4xx_HAL_Driver/Src/stm32f4xx_hal_tim_ex.o
                0x0000000008009290                HAL_TIMEx_CommutCallback
 .text.HAL_TIMEx_BreakCallback
                0x00000000080092a4       0x14 ./Drivers/STM32F4xx_HAL_Driver/Src/stm32f4xx_hal_tim_ex.o
                0x00000000080092a4                HAL_TIMEx_BreakCallback
 .text.HAL_UART_Init
                0x00000000080092b8       0xa0 ./Drivers/STM32F4xx_HAL_Driver/Src/stm32f4xx_hal_uart.o
                0x00000000080092b8                HAL_UART_Init
 .text.HAL_UART_Transmit
                0x0000000008009358      0x116 ./Drivers/STM32F4xx_HAL_Driver/Src/stm32f4xx_hal_uart.o
                0x0000000008009358                HAL_UART_Transmit
 .text.HAL_UART_Receive_IT
                0x000000000800946e       0x4a ./Drivers/STM32F4xx_HAL_Driver/Src/stm32f4xx_hal_uart.o
                0x000000000800946e                HAL_UART_Receive_IT
 .text.HAL_UART_IRQHandler
                0x00000000080094b8      0x524 ./Drivers/STM32F4xx_HAL_Driver/Src/stm32f4xx_hal_uart.o
                0x00000000080094b8                HAL_UART_IRQHandler
 .text.HAL_UART_TxCpltCallback
                0x00000000080099dc       0x14 ./Drivers/STM32F4xx_HAL_Driver/Src/stm32f4xx_hal_uart.o
                0x00000000080099dc                HAL_UART_TxCpltCallback
 .text.HAL_UART_ErrorCallback
                0x00000000080099f0       0x14 ./Drivers/STM32F4xx_HAL_Driver/Src/stm32f4xx_hal_uart.o
                0x00000000080099f0                HAL_UART_ErrorCallback
 .text.HAL_UARTEx_RxEventCallback
                0x0000000008009a04       0x18 ./Drivers/STM32F4xx_HAL_Driver/Src/stm32f4xx_hal_uart.o
                0x0000000008009a04                HAL_UARTEx_RxEventCallback
 .text.UART_WaitOnFlagUntilTimeout
                0x0000000008009a1c       0xb2 ./Drivers/STM32F4xx_HAL_Driver/Src/stm32f4xx_hal_uart.o
 .text.UART_Start_Receive_IT
                0x0000000008009ace       0x74 ./Drivers/STM32F4xx_HAL_Driver/Src/stm32f4xx_hal_uart.o
                0x0000000008009ace                UART_Start_Receive_IT
 .text.UART_EndRxTransfer
                0x0000000008009b42       0xc6 ./Drivers/STM32F4xx_HAL_Driver/Src/stm32f4xx_hal_uart.o
 .text.UART_DMAAbortOnError
                0x0000000008009c08       0x28 ./Drivers/STM32F4xx_HAL_Driver/Src/stm32f4xx_hal_uart.o
 .text.UART_Transmit_IT
                0x0000000008009c30       0xa0 ./Drivers/STM32F4xx_HAL_Driver/Src/stm32f4xx_hal_uart.o
 .text.UART_EndTransmit_IT
                0x0000000008009cd0       0x30 ./Drivers/STM32F4xx_HAL_Driver/Src/stm32f4xx_hal_uart.o
 .text.UART_Receive_IT
                0x0000000008009d00      0x17c ./Drivers/STM32F4xx_HAL_Driver/Src/stm32f4xx_hal_uart.o
 .text.UART_SetConfig
                0x0000000008009e7c      0x4e8 ./Drivers/STM32F4xx_HAL_Driver/Src/stm32f4xx_hal_uart.o
 .text.asin     0x000000000800a364       0x68 C:/ST/STM32CubeIDE_1.14.0/STM32CubeIDE/plugins/com.st.stm32cube.ide.mcu.externaltools.gnu-tools-for-stm32.11.3.rel1.win32_1.1.100.202309141235/tools/bin/../lib/gcc/arm-none-eabi/11.3.1/../../../../arm-none-eabi/lib/thumb/v7e-m+fp/hard\libm.a(libm_a-w_asin.o)
                0x000000000800a364                asin
 .text.atan2    0x000000000800a3cc        0x4 C:/ST/STM32CubeIDE_1.14.0/STM32CubeIDE/plugins/com.st.stm32cube.ide.mcu.externaltools.gnu-tools-for-stm32.11.3.rel1.win32_1.1.100.202309141235/tools/bin/../lib/gcc/arm-none-eabi/11.3.1/../../../../arm-none-eabi/lib/thumb/v7e-m+fp/hard\libm.a(libm_a-w_atan2.o)
                0x000000000800a3cc                atan2
 .text.fmod     0x000000000800a3d0       0x5c C:/ST/STM32CubeIDE_1.14.0/STM32CubeIDE/plugins/com.st.stm32cube.ide.mcu.externaltools.gnu-tools-for-stm32.11.3.rel1.win32_1.1.100.202309141235/tools/bin/../lib/gcc/arm-none-eabi/11.3.1/../../../../arm-none-eabi/lib/thumb/v7e-m+fp/hard\libm.a(libm_a-w_fmod.o)
                0x000000000800a3d0                fmod
 .text.pow      0x000000000800a42c       0xe0 C:/ST/STM32CubeIDE_1.14.0/STM32CubeIDE/plugins/com.st.stm32cube.ide.mcu.externaltools.gnu-tools-for-stm32.11.3.rel1.win32_1.1.100.202309141235/tools/bin/../lib/gcc/arm-none-eabi/11.3.1/../../../../arm-none-eabi/lib/thumb/v7e-m+fp/hard\libm.a(libm_a-w_pow.o)
                0x000000000800a42c                pow
 .text.sqrt     0x000000000800a50c       0x58 C:/ST/STM32CubeIDE_1.14.0/STM32CubeIDE/plugins/com.st.stm32cube.ide.mcu.externaltools.gnu-tools-for-stm32.11.3.rel1.win32_1.1.100.202309141235/tools/bin/../lib/gcc/arm-none-eabi/11.3.1/../../../../arm-none-eabi/lib/thumb/v7e-m+fp/hard\libm.a(libm_a-w_sqrt.o)
                0x000000000800a50c                sqrt
 .text.fabs     0x000000000800a564       0x12 C:/ST/STM32CubeIDE_1.14.0/STM32CubeIDE/plugins/com.st.stm32cube.ide.mcu.externaltools.gnu-tools-for-stm32.11.3.rel1.win32_1.1.100.202309141235/tools/bin/../lib/gcc/arm-none-eabi/11.3.1/../../../../arm-none-eabi/lib/thumb/v7e-m+fp/hard\libm.a(libm_a-s_fabs.o)
                0x000000000800a564                fabs
 *fill*         0x000000000800a576        0x2 
 .text.sin      0x000000000800a578       0xb0 C:/ST/STM32CubeIDE_1.14.0/STM32CubeIDE/plugins/com.st.stm32cube.ide.mcu.externaltools.gnu-tools-for-stm32.11.3.rel1.win32_1.1.100.202309141235/tools/bin/../lib/gcc/arm-none-eabi/11.3.1/../../../../arm-none-eabi/lib/thumb/v7e-m+fp/hard\libm.a(libm_a-s_sin.o)
                0x000000000800a578                sin
 .text.atan2f   0x000000000800a628        0x4 C:/ST/STM32CubeIDE_1.14.0/STM32CubeIDE/plugins/com.st.stm32cube.ide.mcu.externaltools.gnu-tools-for-stm32.11.3.rel1.win32_1.1.100.202309141235/tools/bin/../lib/gcc/arm-none-eabi/11.3.1/../../../../arm-none-eabi/lib/thumb/v7e-m+fp/hard\libm.a(libm_a-wf_atan2.o)
                0x000000000800a628                atan2f
 .text.sqrtf    0x000000000800a62c       0x3c C:/ST/STM32CubeIDE_1.14.0/STM32CubeIDE/plugins/com.st.stm32cube.ide.mcu.externaltools.gnu-tools-for-stm32.11.3.rel1.win32_1.1.100.202309141235/tools/bin/../lib/gcc/arm-none-eabi/11.3.1/../../../../arm-none-eabi/lib/thumb/v7e-m+fp/hard\libm.a(libm_a-wf_sqrt.o)
                0x000000000800a62c                sqrtf
 .text.cosf     0x000000000800a668       0x88 C:/ST/STM32CubeIDE_1.14.0/STM32CubeIDE/plugins/com.st.stm32cube.ide.mcu.externaltools.gnu-tools-for-stm32.11.3.rel1.win32_1.1.100.202309141235/tools/bin/../lib/gcc/arm-none-eabi/11.3.1/../../../../arm-none-eabi/lib/thumb/v7e-m+fp/hard\libm.a(libm_a-sf_cos.o)
                0x000000000800a668                cosf
 .text.sinf     0x000000000800a6f0       0x8c C:/ST/STM32CubeIDE_1.14.0/STM32CubeIDE/plugins/com.st.stm32cube.ide.mcu.externaltools.gnu-tools-for-stm32.11.3.rel1.win32_1.1.100.202309141235/tools/bin/../lib/gcc/arm-none-eabi/11.3.1/../../../../arm-none-eabi/lib/thumb/v7e-m+fp/hard\libm.a(libm_a-sf_sin.o)
                0x000000000800a6f0                sinf
 .text.finite   0x000000000800a77c       0x16 C:/ST/STM32CubeIDE_1.14.0/STM32CubeIDE/plugins/com.st.stm32cube.ide.mcu.externaltools.gnu-tools-for-stm32.11.3.rel1.win32_1.1.100.202309141235/tools/bin/../lib/gcc/arm-none-eabi/11.3.1/../../../../arm-none-eabi/lib/thumb/v7e-m+fp/hard\libm.a(libm_a-s_finite.o)
                0x000000000800a77c                finite
 *fill*         0x000000000800a792        0x6 
 .text.nan      0x000000000800a798       0x10 C:/ST/STM32CubeIDE_1.14.0/STM32CubeIDE/plugins/com.st.stm32cube.ide.mcu.externaltools.gnu-tools-for-stm32.11.3.rel1.win32_1.1.100.202309141235/tools/bin/../lib/gcc/arm-none-eabi/11.3.1/../../../../arm-none-eabi/lib/thumb/v7e-m+fp/hard\libm.a(libm_a-s_nan.o)
                0x000000000800a798                nan
 .text.__ieee754_sqrt
                0x000000000800a7a8      0x1b4 C:/ST/STM32CubeIDE_1.14.0/STM32CubeIDE/plugins/com.st.stm32cube.ide.mcu.externaltools.gnu-tools-for-stm32.11.3.rel1.win32_1.1.100.202309141235/tools/bin/../lib/gcc/arm-none-eabi/11.3.1/../../../../arm-none-eabi/lib/thumb/v7e-m+fp/hard\libm.a(libm_a-e_sqrt.o)
                0x000000000800a7a8                __ieee754_sqrt
 .text.__ieee754_sqrtf
                0x000000000800a95c        0x6 C:/ST/STM32CubeIDE_1.14.0/STM32CubeIDE/plugins/com.st.stm32cube.ide.mcu.externaltools.gnu-tools-for-stm32.11.3.rel1.win32_1.1.100.202309141235/tools/bin/../lib/gcc/arm-none-eabi/11.3.1/../../../../arm-none-eabi/lib/thumb/v7e-m+fp/hard\libm.a(libm_a-ef_sqrt.o)
                0x000000000800a95c                __ieee754_sqrtf
 *fill*         0x000000000800a962        0x6 
 .text.__kernel_cos
                0x000000000800a968      0x18c C:/ST/STM32CubeIDE_1.14.0/STM32CubeIDE/plugins/com.st.stm32cube.ide.mcu.externaltools.gnu-tools-for-stm32.11.3.rel1.win32_1.1.100.202309141235/tools/bin/../lib/gcc/arm-none-eabi/11.3.1/../../../../arm-none-eabi/lib/thumb/v7e-m+fp/hard\libm.a(libm_a-k_cos.o)
                0x000000000800a968                __kernel_cos
 *fill*         0x000000000800aaf4        0x4 
 .text.__kernel_sin
                0x000000000800aaf8      0x17c C:/ST/STM32CubeIDE_1.14.0/STM32CubeIDE/plugins/com.st.stm32cube.ide.mcu.externaltools.gnu-tools-for-stm32.11.3.rel1.win32_1.1.100.202309141235/tools/bin/../lib/gcc/arm-none-eabi/11.3.1/../../../../arm-none-eabi/lib/thumb/v7e-m+fp/hard\libm.a(libm_a-k_sin.o)
                0x000000000800aaf8                __kernel_sin
 *fill*         0x000000000800ac74        0x4 
 .text.__ieee754_asin
                0x000000000800ac78      0x428 C:/ST/STM32CubeIDE_1.14.0/STM32CubeIDE/plugins/com.st.stm32cube.ide.mcu.externaltools.gnu-tools-for-stm32.11.3.rel1.win32_1.1.100.202309141235/tools/bin/../lib/gcc/arm-none-eabi/11.3.1/../../../../arm-none-eabi/lib/thumb/v7e-m+fp/hard\libm.a(libm_a-e_asin.o)
                0x000000000800ac78                __ieee754_asin
 .text.__ieee754_atan2
                0x000000000800b0a0      0x18c C:/ST/STM32CubeIDE_1.14.0/STM32CubeIDE/plugins/com.st.stm32cube.ide.mcu.externaltools.gnu-tools-for-stm32.11.3.rel1.win32_1.1.100.202309141235/tools/bin/../lib/gcc/arm-none-eabi/11.3.1/../../../../arm-none-eabi/lib/thumb/v7e-m+fp/hard\libm.a(libm_a-e_atan2.o)
                0x000000000800b0a0                __ieee754_atan2
 .text.__ieee754_fmod
                0x000000000800b22c      0x21c C:/ST/STM32CubeIDE_1.14.0/STM32CubeIDE/plugins/com.st.stm32cube.ide.mcu.externaltools.gnu-tools-for-stm32.11.3.rel1.win32_1.1.100.202309141235/tools/bin/../lib/gcc/arm-none-eabi/11.3.1/../../../../arm-none-eabi/lib/thumb/v7e-m+fp/hard\libm.a(libm_a-e_fmod.o)
                0x000000000800b22c                __ieee754_fmod
 .text.__ieee754_pow
                0x000000000800b448      0xa54 C:/ST/STM32CubeIDE_1.14.0/STM32CubeIDE/plugins/com.st.stm32cube.ide.mcu.externaltools.gnu-tools-for-stm32.11.3.rel1.win32_1.1.100.202309141235/tools/bin/../lib/gcc/arm-none-eabi/11.3.1/../../../../arm-none-eabi/lib/thumb/v7e-m+fp/hard\libm.a(libm_a-e_pow.o)
                0x000000000800b448                __ieee754_pow
 *fill*         0x000000000800be9c        0x4 
 .text.__ieee754_rem_pio2
                0x000000000800bea0      0x40c C:/ST/STM32CubeIDE_1.14.0/STM32CubeIDE/plugins/com.st.stm32cube.ide.mcu.externaltools.gnu-tools-for-stm32.11.3.rel1.win32_1.1.100.202309141235/tools/bin/../lib/gcc/arm-none-eabi/11.3.1/../../../../arm-none-eabi/lib/thumb/v7e-m+fp/hard\libm.a(libm_a-e_rem_pio2.o)
                0x000000000800bea0                __ieee754_rem_pio2
 *fill*         0x000000000800c2ac        0x4 
 .text.atan     0x000000000800c2b0      0x340 C:/ST/STM32CubeIDE_1.14.0/STM32CubeIDE/plugins/com.st.stm32cube.ide.mcu.externaltools.gnu-tools-for-stm32.11.3.rel1.win32_1.1.100.202309141235/tools/bin/../lib/gcc/arm-none-eabi/11.3.1/../../../../arm-none-eabi/lib/thumb/v7e-m+fp/hard\libm.a(libm_a-s_atan.o)
                0x000000000800c2b0                atan
 .text.__kernel_cosf
                0x000000000800c5f0       0xbc C:/ST/STM32CubeIDE_1.14.0/STM32CubeIDE/plugins/com.st.stm32cube.ide.mcu.externaltools.gnu-tools-for-stm32.11.3.rel1.win32_1.1.100.202309141235/tools/bin/../lib/gcc/arm-none-eabi/11.3.1/../../../../arm-none-eabi/lib/thumb/v7e-m+fp/hard\libm.a(libm_a-kf_cos.o)
                0x000000000800c5f0                __kernel_cosf
 .text.__kernel_sinf
                0x000000000800c6ac       0x90 C:/ST/STM32CubeIDE_1.14.0/STM32CubeIDE/plugins/com.st.stm32cube.ide.mcu.externaltools.gnu-tools-for-stm32.11.3.rel1.win32_1.1.100.202309141235/tools/bin/../lib/gcc/arm-none-eabi/11.3.1/../../../../arm-none-eabi/lib/thumb/v7e-m+fp/hard\libm.a(libm_a-kf_sin.o)
                0x000000000800c6ac                __kernel_sinf
 .text.__ieee754_atan2f
                0x000000000800c73c      0x140 C:/ST/STM32CubeIDE_1.14.0/STM32CubeIDE/plugins/com.st.stm32cube.ide.mcu.externaltools.gnu-tools-for-stm32.11.3.rel1.win32_1.1.100.202309141235/tools/bin/../lib/gcc/arm-none-eabi/11.3.1/../../../../arm-none-eabi/lib/thumb/v7e-m+fp/hard\libm.a(libm_a-ef_atan2.o)
                0x000000000800c73c                __ieee754_atan2f
 .text.__ieee754_rem_pio2f
                0x000000000800c87c      0x258 C:/ST/STM32CubeIDE_1.14.0/STM32CubeIDE/plugins/com.st.stm32cube.ide.mcu.externaltools.gnu-tools-for-stm32.11.3.rel1.win32_1.1.100.202309141235/tools/bin/../lib/gcc/arm-none-eabi/11.3.1/../../../../arm-none-eabi/lib/thumb/v7e-m+fp/hard\libm.a(libm_a-ef_rem_pio2.o)
                0x000000000800c87c                __ieee754_rem_pio2f
 .text.atanf    0x000000000800cad4      0x1a8 C:/ST/STM32CubeIDE_1.14.0/STM32CubeIDE/plugins/com.st.stm32cube.ide.mcu.externaltools.gnu-tools-for-stm32.11.3.rel1.win32_1.1.100.202309141235/tools/bin/../lib/gcc/arm-none-eabi/11.3.1/../../../../arm-none-eabi/lib/thumb/v7e-m+fp/hard\libm.a(libm_a-sf_atan.o)
                0x000000000800cad4                atanf
 .text.fabsf    0x000000000800cc7c        0xe C:/ST/STM32CubeIDE_1.14.0/STM32CubeIDE/plugins/com.st.stm32cube.ide.mcu.externaltools.gnu-tools-for-stm32.11.3.rel1.win32_1.1.100.202309141235/tools/bin/../lib/gcc/arm-none-eabi/11.3.1/../../../../arm-none-eabi/lib/thumb/v7e-m+fp/hard\libm.a(libm_a-sf_fabs.o)
                0x000000000800cc7c                fabsf
 *fill*         0x000000000800cc8a        0x6 
 .text.scalbn   0x000000000800cc90       0xfc C:/ST/STM32CubeIDE_1.14.0/STM32CubeIDE/plugins/com.st.stm32cube.ide.mcu.externaltools.gnu-tools-for-stm32.11.3.rel1.win32_1.1.100.202309141235/tools/bin/../lib/gcc/arm-none-eabi/11.3.1/../../../../arm-none-eabi/lib/thumb/v7e-m+fp/hard\libm.a(libm_a-s_scalbn.o)
                0x000000000800cc90                scalbn
 .text.with_errno
                0x000000000800cd8c       0x14 C:/ST/STM32CubeIDE_1.14.0/STM32CubeIDE/plugins/com.st.stm32cube.ide.mcu.externaltools.gnu-tools-for-stm32.11.3.rel1.win32_1.1.100.202309141235/tools/bin/../lib/gcc/arm-none-eabi/11.3.1/../../../../arm-none-eabi/lib/thumb/v7e-m+fp/hard\libm.a(libm_a-math_err.o)
 .text.xflow    0x000000000800cda0       0x28 C:/ST/STM32CubeIDE_1.14.0/STM32CubeIDE/plugins/com.st.stm32cube.ide.mcu.externaltools.gnu-tools-for-stm32.11.3.rel1.win32_1.1.100.202309141235/tools/bin/../lib/gcc/arm-none-eabi/11.3.1/../../../../arm-none-eabi/lib/thumb/v7e-m+fp/hard\libm.a(libm_a-math_err.o)
 .text.__math_uflow
                0x000000000800cdc8       0x12 C:/ST/STM32CubeIDE_1.14.0/STM32CubeIDE/plugins/com.st.stm32cube.ide.mcu.externaltools.gnu-tools-for-stm32.11.3.rel1.win32_1.1.100.202309141235/tools/bin/../lib/gcc/arm-none-eabi/11.3.1/../../../../arm-none-eabi/lib/thumb/v7e-m+fp/hard\libm.a(libm_a-math_err.o)
                0x000000000800cdc8                __math_uflow
 .text.__math_oflow
                0x000000000800cdda       0x12 C:/ST/STM32CubeIDE_1.14.0/STM32CubeIDE/plugins/com.st.stm32cube.ide.mcu.externaltools.gnu-tools-for-stm32.11.3.rel1.win32_1.1.100.202309141235/tools/bin/../lib/gcc/arm-none-eabi/11.3.1/../../../../arm-none-eabi/lib/thumb/v7e-m+fp/hard\libm.a(libm_a-math_err.o)
                0x000000000800cdda                __math_oflow
 *fill*         0x000000000800cdec        0x4 
 .text.__kernel_rem_pio2
                0x000000000800cdf0      0x69c C:/ST/STM32CubeIDE_1.14.0/STM32CubeIDE/plugins/com.st.stm32cube.ide.mcu.externaltools.gnu-tools-for-stm32.11.3.rel1.win32_1.1.100.202309141235/tools/bin/../lib/gcc/arm-none-eabi/11.3.1/../../../../arm-none-eabi/lib/thumb/v7e-m+fp/hard\libm.a(libm_a-k_rem_pio2.o)
                0x000000000800cdf0                __kernel_rem_pio2
 .text.__kernel_rem_pio2f
                0x000000000800d48c      0x4e4 C:/ST/STM32CubeIDE_1.14.0/STM32CubeIDE/plugins/com.st.stm32cube.ide.mcu.externaltools.gnu-tools-for-stm32.11.3.rel1.win32_1.1.100.202309141235/tools/bin/../lib/gcc/arm-none-eabi/11.3.1/../../../../arm-none-eabi/lib/thumb/v7e-m+fp/hard\libm.a(libm_a-kf_rem_pio2.o)
                0x000000000800d48c                __kernel_rem_pio2f
 .text.scalbnf  0x000000000800d970       0xcc C:/ST/STM32CubeIDE_1.14.0/STM32CubeIDE/plugins/com.st.stm32cube.ide.mcu.externaltools.gnu-tools-for-stm32.11.3.rel1.win32_1.1.100.202309141235/tools/bin/../lib/gcc/arm-none-eabi/11.3.1/../../../../arm-none-eabi/lib/thumb/v7e-m+fp/hard\libm.a(libm_a-sf_scalbn.o)
                0x000000000800d970                scalbnf
 *fill*         0x000000000800da3c        0x4 
 .text.floor    0x000000000800da40      0x100 C:/ST/STM32CubeIDE_1.14.0/STM32CubeIDE/plugins/com.st.stm32cube.ide.mcu.externaltools.gnu-tools-for-stm32.11.3.rel1.win32_1.1.100.202309141235/tools/bin/../lib/gcc/arm-none-eabi/11.3.1/../../../../arm-none-eabi/lib/thumb/v7e-m+fp/hard\libm.a(libm_a-s_floor.o)
                0x000000000800da40                floor
 .text.floorf   0x000000000800db40       0x84 C:/ST/STM32CubeIDE_1.14.0/STM32CubeIDE/plugins/com.st.stm32cube.ide.mcu.externaltools.gnu-tools-for-stm32.11.3.rel1.win32_1.1.100.202309141235/tools/bin/../lib/gcc/arm-none-eabi/11.3.1/../../../../arm-none-eabi/lib/thumb/v7e-m+fp/hard\libm.a(libm_a-sf_floor.o)
                0x000000000800db40                floorf
 .text.sulp     0x000000000800dbc4       0x38 C:/ST/STM32CubeIDE_1.14.0/STM32CubeIDE/plugins/com.st.stm32cube.ide.mcu.externaltools.gnu-tools-for-stm32.11.3.rel1.win32_1.1.100.202309141235/tools/bin/../lib/gcc/arm-none-eabi/11.3.1/../../../../arm-none-eabi/lib/thumb/v7e-m+fp/hard\libc_nano.a(libc_a-strtod.o)
 *fill*         0x000000000800dbfc        0x4 
 .text._strtod_l
                0x000000000800dc00      0xbe0 C:/ST/STM32CubeIDE_1.14.0/STM32CubeIDE/plugins/com.st.stm32cube.ide.mcu.externaltools.gnu-tools-for-stm32.11.3.rel1.win32_1.1.100.202309141235/tools/bin/../lib/gcc/arm-none-eabi/11.3.1/../../../../arm-none-eabi/lib/thumb/v7e-m+fp/hard\libc_nano.a(libc_a-strtod.o)
                0x000000000800dc00                _strtod_l
 .text.strtod   0x000000000800e7e0       0x18 C:/ST/STM32CubeIDE_1.14.0/STM32CubeIDE/plugins/com.st.stm32cube.ide.mcu.externaltools.gnu-tools-for-stm32.11.3.rel1.win32_1.1.100.202309141235/tools/bin/../lib/gcc/arm-none-eabi/11.3.1/../../../../arm-none-eabi/lib/thumb/v7e-m+fp/hard\libc_nano.a(libc_a-strtod.o)
                0x000000000800e7e0                strtod
 .text.std      0x000000000800e7f8       0x6c C:/ST/STM32CubeIDE_1.14.0/STM32CubeIDE/plugins/com.st.stm32cube.ide.mcu.externaltools.gnu-tools-for-stm32.11.3.rel1.win32_1.1.100.202309141235/tools/bin/../lib/gcc/arm-none-eabi/11.3.1/../../../../arm-none-eabi/lib/thumb/v7e-m+fp/hard\libc_nano.a(libc_a-findfp.o)
 .text.stdio_exit_handler
                0x000000000800e864       0x18 C:/ST/STM32CubeIDE_1.14.0/STM32CubeIDE/plugins/com.st.stm32cube.ide.mcu.externaltools.gnu-tools-for-stm32.11.3.rel1.win32_1.1.100.202309141235/tools/bin/../lib/gcc/arm-none-eabi/11.3.1/../../../../arm-none-eabi/lib/thumb/v7e-m+fp/hard\libc_nano.a(libc_a-findfp.o)
 .text.cleanup_stdio
                0x000000000800e87c       0x40 C:/ST/STM32CubeIDE_1.14.0/STM32CubeIDE/plugins/com.st.stm32cube.ide.mcu.externaltools.gnu-tools-for-stm32.11.3.rel1.win32_1.1.100.202309141235/tools/bin/../lib/gcc/arm-none-eabi/11.3.1/../../../../arm-none-eabi/lib/thumb/v7e-m+fp/hard\libc_nano.a(libc_a-findfp.o)
 .text.global_stdio_init.part.0
                0x000000000800e8bc       0x3c C:/ST/STM32CubeIDE_1.14.0/STM32CubeIDE/plugins/com.st.stm32cube.ide.mcu.externaltools.gnu-tools-for-stm32.11.3.rel1.win32_1.1.100.202309141235/tools/bin/../lib/gcc/arm-none-eabi/11.3.1/../../../../arm-none-eabi/lib/thumb/v7e-m+fp/hard\libc_nano.a(libc_a-findfp.o)
 .text.__sfp_lock_acquire
                0x000000000800e8f8        0xc C:/ST/STM32CubeIDE_1.14.0/STM32CubeIDE/plugins/com.st.stm32cube.ide.mcu.externaltools.gnu-tools-for-stm32.11.3.rel1.win32_1.1.100.202309141235/tools/bin/../lib/gcc/arm-none-eabi/11.3.1/../../../../arm-none-eabi/lib/thumb/v7e-m+fp/hard\libc_nano.a(libc_a-findfp.o)
                0x000000000800e8f8                __sfp_lock_acquire
 .text.__sfp_lock_release
                0x000000000800e904        0xc C:/ST/STM32CubeIDE_1.14.0/STM32CubeIDE/plugins/com.st.stm32cube.ide.mcu.externaltools.gnu-tools-for-stm32.11.3.rel1.win32_1.1.100.202309141235/tools/bin/../lib/gcc/arm-none-eabi/11.3.1/../../../../arm-none-eabi/lib/thumb/v7e-m+fp/hard\libc_nano.a(libc_a-findfp.o)
                0x000000000800e904                __sfp_lock_release
 .text.__sinit  0x000000000800e910       0x30 C:/ST/STM32CubeIDE_1.14.0/STM32CubeIDE/plugins/com.st.stm32cube.ide.mcu.externaltools.gnu-tools-for-stm32.11.3.rel1.win32_1.1.100.202309141235/tools/bin/../lib/gcc/arm-none-eabi/11.3.1/../../../../arm-none-eabi/lib/thumb/v7e-m+fp/hard\libc_nano.a(libc_a-findfp.o)
                0x000000000800e910                __sinit
 .text._fwalk_sglue
                0x000000000800e940       0x3c C:/ST/STM32CubeIDE_1.14.0/STM32CubeIDE/plugins/com.st.stm32cube.ide.mcu.externaltools.gnu-tools-for-stm32.11.3.rel1.win32_1.1.100.202309141235/tools/bin/../lib/gcc/arm-none-eabi/11.3.1/../../../../arm-none-eabi/lib/thumb/v7e-m+fp/hard\libc_nano.a(libc_a-fwalk.o)
                0x000000000800e940                _fwalk_sglue
 .text.__sread  0x000000000800e97c       0x22 C:/ST/STM32CubeIDE_1.14.0/STM32CubeIDE/plugins/com.st.stm32cube.ide.mcu.externaltools.gnu-tools-for-stm32.11.3.rel1.win32_1.1.100.202309141235/tools/bin/../lib/gcc/arm-none-eabi/11.3.1/../../../../arm-none-eabi/lib/thumb/v7e-m+fp/hard\libc_nano.a(libc_a-stdio.o)
                0x000000000800e97c                __sread
 .text.__swrite
                0x000000000800e99e       0x38 C:/ST/STM32CubeIDE_1.14.0/STM32CubeIDE/plugins/com.st.stm32cube.ide.mcu.externaltools.gnu-tools-for-stm32.11.3.rel1.win32_1.1.100.202309141235/tools/bin/../lib/gcc/arm-none-eabi/11.3.1/../../../../arm-none-eabi/lib/thumb/v7e-m+fp/hard\libc_nano.a(libc_a-stdio.o)
                0x000000000800e99e                __swrite
 .text.__sseek  0x000000000800e9d6       0x24 C:/ST/STM32CubeIDE_1.14.0/STM32CubeIDE/plugins/com.st.stm32cube.ide.mcu.externaltools.gnu-tools-for-stm32.11.3.rel1.win32_1.1.100.202309141235/tools/bin/../lib/gcc/arm-none-eabi/11.3.1/../../../../arm-none-eabi/lib/thumb/v7e-m+fp/hard\libc_nano.a(libc_a-stdio.o)
                0x000000000800e9d6                __sseek
 .text.__sclose
                0x000000000800e9fa        0x8 C:/ST/STM32CubeIDE_1.14.0/STM32CubeIDE/plugins/com.st.stm32cube.ide.mcu.externaltools.gnu-tools-for-stm32.11.3.rel1.win32_1.1.100.202309141235/tools/bin/../lib/gcc/arm-none-eabi/11.3.1/../../../../arm-none-eabi/lib/thumb/v7e-m+fp/hard\libc_nano.a(libc_a-stdio.o)
                0x000000000800e9fa                __sclose
 .text.memset   0x000000000800ea02       0x10 C:/ST/STM32CubeIDE_1.14.0/STM32CubeIDE/plugins/com.st.stm32cube.ide.mcu.externaltools.gnu-tools-for-stm32.11.3.rel1.win32_1.1.100.202309141235/tools/bin/../lib/gcc/arm-none-eabi/11.3.1/../../../../arm-none-eabi/lib/thumb/v7e-m+fp/hard\libc_nano.a(libc_a-memset.o)
                0x000000000800ea02                memset
 .text.strncmp  0x000000000800ea12       0x24 C:/ST/STM32CubeIDE_1.14.0/STM32CubeIDE/plugins/com.st.stm32cube.ide.mcu.externaltools.gnu-tools-for-stm32.11.3.rel1.win32_1.1.100.202309141235/tools/bin/../lib/gcc/arm-none-eabi/11.3.1/../../../../arm-none-eabi/lib/thumb/v7e-m+fp/hard\libc_nano.a(libc_a-strncmp.o)
                0x000000000800ea12                strncmp
 *fill*         0x000000000800ea36        0x2 
 .text._close_r
                0x000000000800ea38       0x20 C:/ST/STM32CubeIDE_1.14.0/STM32CubeIDE/plugins/com.st.stm32cube.ide.mcu.externaltools.gnu-tools-for-stm32.11.3.rel1.win32_1.1.100.202309141235/tools/bin/../lib/gcc/arm-none-eabi/11.3.1/../../../../arm-none-eabi/lib/thumb/v7e-m+fp/hard\libc_nano.a(libc_a-closer.o)
                0x000000000800ea38                _close_r
 .text._lseek_r
                0x000000000800ea58       0x24 C:/ST/STM32CubeIDE_1.14.0/STM32CubeIDE/plugins/com.st.stm32cube.ide.mcu.externaltools.gnu-tools-for-stm32.11.3.rel1.win32_1.1.100.202309141235/tools/bin/../lib/gcc/arm-none-eabi/11.3.1/../../../../arm-none-eabi/lib/thumb/v7e-m+fp/hard\libc_nano.a(libc_a-lseekr.o)
                0x000000000800ea58                _lseek_r
 .text._read_r  0x000000000800ea7c       0x24 C:/ST/STM32CubeIDE_1.14.0/STM32CubeIDE/plugins/com.st.stm32cube.ide.mcu.externaltools.gnu-tools-for-stm32.11.3.rel1.win32_1.1.100.202309141235/tools/bin/../lib/gcc/arm-none-eabi/11.3.1/../../../../arm-none-eabi/lib/thumb/v7e-m+fp/hard\libc_nano.a(libc_a-readr.o)
                0x000000000800ea7c                _read_r
 .text._write_r
                0x000000000800eaa0       0x24 C:/ST/STM32CubeIDE_1.14.0/STM32CubeIDE/plugins/com.st.stm32cube.ide.mcu.externaltools.gnu-tools-for-stm32.11.3.rel1.win32_1.1.100.202309141235/tools/bin/../lib/gcc/arm-none-eabi/11.3.1/../../../../arm-none-eabi/lib/thumb/v7e-m+fp/hard\libc_nano.a(libc_a-writer.o)
                0x000000000800eaa0                _write_r
 .text.__errno  0x000000000800eac4        0xc C:/ST/STM32CubeIDE_1.14.0/STM32CubeIDE/plugins/com.st.stm32cube.ide.mcu.externaltools.gnu-tools-for-stm32.11.3.rel1.win32_1.1.100.202309141235/tools/bin/../lib/gcc/arm-none-eabi/11.3.1/../../../../arm-none-eabi/lib/thumb/v7e-m+fp/hard\libc_nano.a(libc_a-errno.o)
                0x000000000800eac4                __errno
 .text.__libc_init_array
                0x000000000800ead0       0x48 C:/ST/STM32CubeIDE_1.14.0/STM32CubeIDE/plugins/com.st.stm32cube.ide.mcu.externaltools.gnu-tools-for-stm32.11.3.rel1.win32_1.1.100.202309141235/tools/bin/../lib/gcc/arm-none-eabi/11.3.1/../../../../arm-none-eabi/lib/thumb/v7e-m+fp/hard\libc_nano.a(libc_a-init.o)
                0x000000000800ead0                __libc_init_array
 .text.__retarget_lock_init_recursive
                0x000000000800eb18        0x2 C:/ST/STM32CubeIDE_1.14.0/STM32CubeIDE/plugins/com.st.stm32cube.ide.mcu.externaltools.gnu-tools-for-stm32.11.3.rel1.win32_1.1.100.202309141235/tools/bin/../lib/gcc/arm-none-eabi/11.3.1/../../../../arm-none-eabi/lib/thumb/v7e-m+fp/hard\libc_nano.a(libc_a-lock.o)
                0x000000000800eb18                __retarget_lock_init_recursive
 .text.__retarget_lock_acquire_recursive
                0x000000000800eb1a        0x2 C:/ST/STM32CubeIDE_1.14.0/STM32CubeIDE/plugins/com.st.stm32cube.ide.mcu.externaltools.gnu-tools-for-stm32.11.3.rel1.win32_1.1.100.202309141235/tools/bin/../lib/gcc/arm-none-eabi/11.3.1/../../../../arm-none-eabi/lib/thumb/v7e-m+fp/hard\libc_nano.a(libc_a-lock.o)
                0x000000000800eb1a                __retarget_lock_acquire_recursive
 .text.__retarget_lock_release_recursive
                0x000000000800eb1c        0x2 C:/ST/STM32CubeIDE_1.14.0/STM32CubeIDE/plugins/com.st.stm32cube.ide.mcu.externaltools.gnu-tools-for-stm32.11.3.rel1.win32_1.1.100.202309141235/tools/bin/../lib/gcc/arm-none-eabi/11.3.1/../../../../arm-none-eabi/lib/thumb/v7e-m+fp/hard\libc_nano.a(libc_a-lock.o)
                0x000000000800eb1c                __retarget_lock_release_recursive
 .text.memcpy   0x000000000800eb1e       0x1c C:/ST/STM32CubeIDE_1.14.0/STM32CubeIDE/plugins/com.st.stm32cube.ide.mcu.externaltools.gnu-tools-for-stm32.11.3.rel1.win32_1.1.100.202309141235/tools/bin/../lib/gcc/arm-none-eabi/11.3.1/../../../../arm-none-eabi/lib/thumb/v7e-m+fp/hard\libc_nano.a(libc_a-memcpy-stub.o)
                0x000000000800eb1e                memcpy
 *fill*         0x000000000800eb3a        0x2 
 .text._free_r  0x000000000800eb3c       0x98 C:/ST/STM32CubeIDE_1.14.0/STM32CubeIDE/plugins/com.st.stm32cube.ide.mcu.externaltools.gnu-tools-for-stm32.11.3.rel1.win32_1.1.100.202309141235/tools/bin/../lib/gcc/arm-none-eabi/11.3.1/../../../../arm-none-eabi/lib/thumb/v7e-m+fp/hard\libc_nano.a(libc_a-freer.o)
                0x000000000800eb3c                _free_r
 .text.rshift   0x000000000800ebd4       0xa4 C:/ST/STM32CubeIDE_1.14.0/STM32CubeIDE/plugins/com.st.stm32cube.ide.mcu.externaltools.gnu-tools-for-stm32.11.3.rel1.win32_1.1.100.202309141235/tools/bin/../lib/gcc/arm-none-eabi/11.3.1/../../../../arm-none-eabi/lib/thumb/v7e-m+fp/hard\libc_nano.a(libc_a-gdtoa-gethex.o)
 .text.__hexdig_fun
                0x000000000800ec78       0x2a C:/ST/STM32CubeIDE_1.14.0/STM32CubeIDE/plugins/com.st.stm32cube.ide.mcu.externaltools.gnu-tools-for-stm32.11.3.rel1.win32_1.1.100.202309141235/tools/bin/../lib/gcc/arm-none-eabi/11.3.1/../../../../arm-none-eabi/lib/thumb/v7e-m+fp/hard\libc_nano.a(libc_a-gdtoa-gethex.o)
                0x000000000800ec78                __hexdig_fun
 *fill*         0x000000000800eca2        0x2 
 .text.__gethex
                0x000000000800eca4      0x45c C:/ST/STM32CubeIDE_1.14.0/STM32CubeIDE/plugins/com.st.stm32cube.ide.mcu.externaltools.gnu-tools-for-stm32.11.3.rel1.win32_1.1.100.202309141235/tools/bin/../lib/gcc/arm-none-eabi/11.3.1/../../../../arm-none-eabi/lib/thumb/v7e-m+fp/hard\libc_nano.a(libc_a-gdtoa-gethex.o)
                0x000000000800eca4                __gethex
 .text.L_shift  0x000000000800f100       0x24 C:/ST/STM32CubeIDE_1.14.0/STM32CubeIDE/plugins/com.st.stm32cube.ide.mcu.externaltools.gnu-tools-for-stm32.11.3.rel1.win32_1.1.100.202309141235/tools/bin/../lib/gcc/arm-none-eabi/11.3.1/../../../../arm-none-eabi/lib/thumb/v7e-m+fp/hard\libc_nano.a(libc_a-gdtoa-hexnan.o)
 .text.__match  0x000000000800f124       0x28 C:/ST/STM32CubeIDE_1.14.0/STM32CubeIDE/plugins/com.st.stm32cube.ide.mcu.externaltools.gnu-tools-for-stm32.11.3.rel1.win32_1.1.100.202309141235/tools/bin/../lib/gcc/arm-none-eabi/11.3.1/../../../../arm-none-eabi/lib/thumb/v7e-m+fp/hard\libc_nano.a(libc_a-gdtoa-hexnan.o)
                0x000000000800f124                __match
 .text.__hexnan
                0x000000000800f14c      0x136 C:/ST/STM32CubeIDE_1.14.0/STM32CubeIDE/plugins/com.st.stm32cube.ide.mcu.externaltools.gnu-tools-for-stm32.11.3.rel1.win32_1.1.100.202309141235/tools/bin/../lib/gcc/arm-none-eabi/11.3.1/../../../../arm-none-eabi/lib/thumb/v7e-m+fp/hard\libc_nano.a(libc_a-gdtoa-hexnan.o)
                0x000000000800f14c                __hexnan
 *fill*         0x000000000800f282        0x2 
 .text.sbrk_aligned
                0x000000000800f284       0x40 C:/ST/STM32CubeIDE_1.14.0/STM32CubeIDE/plugins/com.st.stm32cube.ide.mcu.externaltools.gnu-tools-for-stm32.11.3.rel1.win32_1.1.100.202309141235/tools/bin/../lib/gcc/arm-none-eabi/11.3.1/../../../../arm-none-eabi/lib/thumb/v7e-m+fp/hard\libc_nano.a(libc_a-mallocr.o)
 .text._malloc_r
                0x000000000800f2c4      0x100 C:/ST/STM32CubeIDE_1.14.0/STM32CubeIDE/plugins/com.st.stm32cube.ide.mcu.externaltools.gnu-tools-for-stm32.11.3.rel1.win32_1.1.100.202309141235/tools/bin/../lib/gcc/arm-none-eabi/11.3.1/../../../../arm-none-eabi/lib/thumb/v7e-m+fp/hard\libc_nano.a(libc_a-mallocr.o)
                0x000000000800f2c4                _malloc_r
 .text.__ascii_mbtowc
                0x000000000800f3c4       0x24 C:/ST/STM32CubeIDE_1.14.0/STM32CubeIDE/plugins/com.st.stm32cube.ide.mcu.externaltools.gnu-tools-for-stm32.11.3.rel1.win32_1.1.100.202309141235/tools/bin/../lib/gcc/arm-none-eabi/11.3.1/../../../../arm-none-eabi/lib/thumb/v7e-m+fp/hard\libc_nano.a(libc_a-mbtowc_r.o)
                0x000000000800f3c4                __ascii_mbtowc
 .text.__malloc_lock
                0x000000000800f3e8        0xc C:/ST/STM32CubeIDE_1.14.0/STM32CubeIDE/plugins/com.st.stm32cube.ide.mcu.externaltools.gnu-tools-for-stm32.11.3.rel1.win32_1.1.100.202309141235/tools/bin/../lib/gcc/arm-none-eabi/11.3.1/../../../../arm-none-eabi/lib/thumb/v7e-m+fp/hard\libc_nano.a(libc_a-mlock.o)
                0x000000000800f3e8                __malloc_lock
 .text.__malloc_unlock
                0x000000000800f3f4        0xc C:/ST/STM32CubeIDE_1.14.0/STM32CubeIDE/plugins/com.st.stm32cube.ide.mcu.externaltools.gnu-tools-for-stm32.11.3.rel1.win32_1.1.100.202309141235/tools/bin/../lib/gcc/arm-none-eabi/11.3.1/../../../../arm-none-eabi/lib/thumb/v7e-m+fp/hard\libc_nano.a(libc_a-mlock.o)
                0x000000000800f3f4                __malloc_unlock
 .text._Balloc  0x000000000800f400       0x80 C:/ST/STM32CubeIDE_1.14.0/STM32CubeIDE/plugins/com.st.stm32cube.ide.mcu.externaltools.gnu-tools-for-stm32.11.3.rel1.win32_1.1.100.202309141235/tools/bin/../lib/gcc/arm-none-eabi/11.3.1/../../../../arm-none-eabi/lib/thumb/v7e-m+fp/hard\libc_nano.a(libc_a-mprec.o)
                0x000000000800f400                _Balloc
 .text._Bfree   0x000000000800f480       0x44 C:/ST/STM32CubeIDE_1.14.0/STM32CubeIDE/plugins/com.st.stm32cube.ide.mcu.externaltools.gnu-tools-for-stm32.11.3.rel1.win32_1.1.100.202309141235/tools/bin/../lib/gcc/arm-none-eabi/11.3.1/../../../../arm-none-eabi/lib/thumb/v7e-m+fp/hard\libc_nano.a(libc_a-mprec.o)
                0x000000000800f480                _Bfree
 .text.__multadd
                0x000000000800f4c4       0x8c C:/ST/STM32CubeIDE_1.14.0/STM32CubeIDE/plugins/com.st.stm32cube.ide.mcu.externaltools.gnu-tools-for-stm32.11.3.rel1.win32_1.1.100.202309141235/tools/bin/../lib/gcc/arm-none-eabi/11.3.1/../../../../arm-none-eabi/lib/thumb/v7e-m+fp/hard\libc_nano.a(libc_a-mprec.o)
                0x000000000800f4c4                __multadd
 .text.__s2b    0x000000000800f550       0x94 C:/ST/STM32CubeIDE_1.14.0/STM32CubeIDE/plugins/com.st.stm32cube.ide.mcu.externaltools.gnu-tools-for-stm32.11.3.rel1.win32_1.1.100.202309141235/tools/bin/../lib/gcc/arm-none-eabi/11.3.1/../../../../arm-none-eabi/lib/thumb/v7e-m+fp/hard\libc_nano.a(libc_a-mprec.o)
                0x000000000800f550                __s2b
 .text.__hi0bits
                0x000000000800f5e4       0x40 C:/ST/STM32CubeIDE_1.14.0/STM32CubeIDE/plugins/com.st.stm32cube.ide.mcu.externaltools.gnu-tools-for-stm32.11.3.rel1.win32_1.1.100.202309141235/tools/bin/../lib/gcc/arm-none-eabi/11.3.1/../../../../arm-none-eabi/lib/thumb/v7e-m+fp/hard\libc_nano.a(libc_a-mprec.o)
                0x000000000800f5e4                __hi0bits
 .text.__lo0bits
                0x000000000800f624       0x5a C:/ST/STM32CubeIDE_1.14.0/STM32CubeIDE/plugins/com.st.stm32cube.ide.mcu.externaltools.gnu-tools-for-stm32.11.3.rel1.win32_1.1.100.202309141235/tools/bin/../lib/gcc/arm-none-eabi/11.3.1/../../../../arm-none-eabi/lib/thumb/v7e-m+fp/hard\libc_nano.a(libc_a-mprec.o)
                0x000000000800f624                __lo0bits
 *fill*         0x000000000800f67e        0x2 
 .text.__i2b    0x000000000800f680       0x2c C:/ST/STM32CubeIDE_1.14.0/STM32CubeIDE/plugins/com.st.stm32cube.ide.mcu.externaltools.gnu-tools-for-stm32.11.3.rel1.win32_1.1.100.202309141235/tools/bin/../lib/gcc/arm-none-eabi/11.3.1/../../../../arm-none-eabi/lib/thumb/v7e-m+fp/hard\libc_nano.a(libc_a-mprec.o)
                0x000000000800f680                __i2b
 .text.__multiply
                0x000000000800f6ac      0x154 C:/ST/STM32CubeIDE_1.14.0/STM32CubeIDE/plugins/com.st.stm32cube.ide.mcu.externaltools.gnu-tools-for-stm32.11.3.rel1.win32_1.1.100.202309141235/tools/bin/../lib/gcc/arm-none-eabi/11.3.1/../../../../arm-none-eabi/lib/thumb/v7e-m+fp/hard\libc_nano.a(libc_a-mprec.o)
                0x000000000800f6ac                __multiply
 .text.__pow5mult
                0x000000000800f800       0xb4 C:/ST/STM32CubeIDE_1.14.0/STM32CubeIDE/plugins/com.st.stm32cube.ide.mcu.externaltools.gnu-tools-for-stm32.11.3.rel1.win32_1.1.100.202309141235/tools/bin/../lib/gcc/arm-none-eabi/11.3.1/../../../../arm-none-eabi/lib/thumb/v7e-m+fp/hard\libc_nano.a(libc_a-mprec.o)
                0x000000000800f800                __pow5mult
 .text.__lshift
                0x000000000800f8b4       0xd8 C:/ST/STM32CubeIDE_1.14.0/STM32CubeIDE/plugins/com.st.stm32cube.ide.mcu.externaltools.gnu-tools-for-stm32.11.3.rel1.win32_1.1.100.202309141235/tools/bin/../lib/gcc/arm-none-eabi/11.3.1/../../../../arm-none-eabi/lib/thumb/v7e-m+fp/hard\libc_nano.a(libc_a-mprec.o)
                0x000000000800f8b4                __lshift
 .text.__mcmp   0x000000000800f98c       0x38 C:/ST/STM32CubeIDE_1.14.0/STM32CubeIDE/plugins/com.st.stm32cube.ide.mcu.externaltools.gnu-tools-for-stm32.11.3.rel1.win32_1.1.100.202309141235/tools/bin/../lib/gcc/arm-none-eabi/11.3.1/../../../../arm-none-eabi/lib/thumb/v7e-m+fp/hard\libc_nano.a(libc_a-mprec.o)
                0x000000000800f98c                __mcmp
 .text.__mdiff  0x000000000800f9c4      0x114 C:/ST/STM32CubeIDE_1.14.0/STM32CubeIDE/plugins/com.st.stm32cube.ide.mcu.externaltools.gnu-tools-for-stm32.11.3.rel1.win32_1.1.100.202309141235/tools/bin/../lib/gcc/arm-none-eabi/11.3.1/../../../../arm-none-eabi/lib/thumb/v7e-m+fp/hard\libc_nano.a(libc_a-mprec.o)