C:\ST\STM32CubeIDE_1.14.0\STM32CubeIDE\plugins\com.st.stm32cube.ide.mcu.externaltools.gnu-tools-for-stm32.11.3.rel1.win32_1.1.100.202309141235\tools\bin/../lib/gcc/arm-none-eabi/11.3.1/../../../../arm-none-eabi/include/c++/11.3.1/bits/std_abs.h:75:3:constexpr float std::abs(float)	16	static
../Core/Src/program.cpp:59:6:void setup()	8	static
../Core/Src/program.cpp:90:6:void loop()	8	static
../Core/Src/program.cpp:118:6:void GpsGorev()	24	static
../Core/Src/program.cpp:131:6:void ImuGorev()	8	static
../Core/Src/program.cpp:143:6:void YonelmeGorev()	32	static
../Core/Src/program.cpp:226:6:void ArayuzTask()	8	static
../Core/Src/program.cpp:235:17:void TIM3_IRQHandler()	8	static
../Core/Src/program.cpp:240:17:void HAL_UART_RxCpltCallback(UART_HandleTypeDef*)	16	static
../Core/Src/program.cpp:250:1:void __static_initialization_and_destruction_0(int, int)	32	static
../Core/Src/program.cpp:250:1:cpp)	8	static
