../Core/Src/program.cpp:33:6:void setup()	16	static
../Core/Src/program.cpp:43:6:void loop()	8	static
../Core/Src/program.cpp:48:6:void Gorevler()	16	static
../Core/Src/program.cpp:57:6:void Gorevler1()	4	static
../Core/Src/program.cpp:62:17:void TIM3_IRQHandler()	8	static
../Core/Src/program.cpp:69:17:void HAL_UART_RxCpltCallback(UART_HandleTypeDef*)	16	static
../Core/Src/program.cpp:72:1:void __static_initialization_and_destruction_0(int, int)	24	static
../Core/Src/program.cpp:72:1:cpp)	8	static
